mkdir -p failed for path /home/agent/.config/matplotlib: [Errno 30] Read-only file system: '/home/agent/.config/matplotlib'
Matplotlib created a temporary cache directory at /tmp/matplotlib-pvmtm19u because there was an issue with the default path (/home/agent/.config/matplotlib); it is highly recommended to set the MPLCONFIGDIR environment variable to a writable directory, in particular to speed up the import of Matplotlib and to better support multiprocessing.
Fontconfig error: No writable cache directories
Fontconfig error: No writable cache directories
Fontconfig error: No writable cache directories
Fontconfig error: No writable cache directories
Fontconfig error: No writable cache directories
Fontconfig error: No writable cache directories
Fontconfig error: No writable cache directories
Fontconfig error: No writable cache directories
Fontconfig error: No writable cache directories
Fontconfig error: No writable cache directories
Fontconfig error: No writable cache directories
Fontconfig error: No writable cache directories
Fontconfig error: No writable cache directories
Fontconfig error: No writable cache directories
Fontconfig error: No writable cache directories
Fontconfig error: No writable cache directories
Fontconfig error: No writable cache directories
Fontconfig error: No writable cache directories
Fontconfig error: No writable cache directories
Fontconfig error: No writable cache directories
Fontconfig error: No writable cache directories
Fontconfig error: No writable cache directories
Fontconfig error: No writable cache directories
Fontconfig error: No writable cache directories
Fontconfig error: No writable cache directories
Fontconfig error: No writable cache directories
Fontconfig error: No writable cache directories
Fontconfig error: No writable cache directories
Fontconfig error: No writable cache directories
high unqualified {'full-source/RK4-0.0002': 'entry-refinement-block', 'full-source/RK4-0.0001': 'entry-refinement-block', 'full-source/RK4-0.00005': 'entry-refinement-block', 'full-source/DOP853': 'entry-refinement-block', 'full-source/Radau': 'entry-refinement-block', 'reduced-independent/RK4-0.0002': 'entry-refinement-block', 'reduced-independent/RK4-0.0001': 'entry-refinement-block', 'reduced-independent/RK4-0.00005': 'entry-refinement-block', 'reduced-independent/DOP853': 'entry-refinement-block', 'reduced-independent/Radau': 'entry-refinement-block'}
mass-1 unqualified {'full-source/RK4-0.0002': 'event-strict-sign', 'full-source/RK4-0.0001': 'event-strict-sign', 'full-source/RK4-0.00005': 'event-strict-sign', 'full-source/DOP853': 'event-strict-sign', 'full-source/Radau': 'event-strict-sign', 'reduced-independent/RK4-0.0002': 'event-strict-sign', 'reduced-independent/RK4-0.0001': 'event-strict-sign', 'reduced-independent/RK4-0.00005': 'event-strict-sign', 'reduced-independent/DOP853': 'event-strict-sign', 'reduced-independent/Radau': 'event-strict-sign'}
Overall authored bounded audit: False — failures retained; no gates relaxed
