{
  "status": "passed",
  "scope": "Pixel 7 touch emulation with default headless Chromium; not physical Android/WebView evidence",
  "startup_draws": {
    "force": {
      "available": true,
      "lost": false,
      "width": 543,
      "height": 450,
      "unique_colors": 1236,
      "vivid_geometry_pixels": 1983,
      "sha256": "b24c75ec33c26c308dd9c07f06bc27d1ac05ad2dd8dcff56a3fe625f0f41cb9f"
    },
    "torque": {
      "available": true,
      "lost": false,
      "width": 543,
      "height": 450,
      "unique_colors": 2014,
      "vivid_geometry_pixels": 5241,
      "sha256": "8f584c6ed2326fb7e7b7786a6eda18862021ce8eda79633ef6f380393d751e65"
    },
    "energy": {
      "available": true,
      "lost": false,
      "width": 543,
      "height": 450,
      "unique_colors": 1873,
      "vivid_geometry_pixels": 2092,
      "sha256": "fd924119c494752fbe32f66bee70f750859ba82051363c91b60f5304272710cb"
    },
    "elbow": {
      "available": true,
      "lost": false,
      "width": 543,
      "height": 450,
      "unique_colors": 4075,
      "vivid_geometry_pixels": 9472,
      "sha256": "3288705d043983ed4554920a603908eceb38c4a67a192cb13fb21d9da3893b77"
    },
    "series": {
      "available": true,
      "lost": false,
      "width": 543,
      "height": 450,
      "unique_colors": 8486,
      "vivid_geometry_pixels": 38988,
      "sha256": "1347b0b413089ed2bba373725cc92e1317e9ec0f5f6f943e9baf6928398cafe2"
    },
    "continuum": {
      "available": true,
      "lost": false,
      "width": 543,
      "height": 630,
      "unique_colors": 1907,
      "vivid_geometry_pixels": 64697,
      "sha256": "9c3cf79239cf18864d192183fe08010c482349348e295a85b9a6de1bdf27da07"
    },
    "spatial": {
      "available": true,
      "lost": false,
      "width": 543,
      "height": 630,
      "unique_colors": 23191,
      "vivid_geometry_pixels": 97718,
      "sha256": "f08171e6e9a452760941a9ace5562a86d2eb4913ab4dd18ad593e678b4a5280c"
    },
    "atlas": {
      "available": true,
      "lost": false,
      "width": 543,
      "height": 540,
      "unique_colors": 7528,
      "vivid_geometry_pixels": 54148,
      "sha256": "d92bad5c6851665bf749f11e30b4b385b0ee606c15a75e17cef93e1fe6501d3f"
    }
  },
  "fault_tests": [
    "Actual WebGL context loss exposes visible diagnostics, preserves static alternative and recovers on Retry without a download",
    "Injected post-context draw failure produces in-viewport diagnostics and Retry restores real drawn geometry",
    "Unavailable WebGL in all seven labs gives prominent in-viewport error plus functional numerical controls, explicitly without 3D"
  ],
  "executable_outputs_sha256": "5f80806692aef1f9b213d13e1874d7166864ffa22957c594df96e8a38b4f7cd1",
  "browser": "151.0.7922.173",
  "downloads_on_start": [],
  "html_sha256": "c97f1d11d5d8192e3e9a957eb2770239404c53c5fd480868595bb0df7d0c7f77",
  "app_sha256": "41a8ba9c98cdc4f93a34b3ba690e6a25158901305418118ce4340229fbe8d2f9"
}
