
> kenoma-education@0.1.0 test
> node --test tests/*.test.mjs contributions/continuum_reference/tests/*.test.mjs

✔ conforming tetrahedral volume, outward faces, exact total lumped mass (66.500428ms)
✔ unit tetrahedron matches independently written tensor strain energy and gradients (1.5213ms)
✔ six infinitesimal rigid modes vanish; a finite rotation is outside this model (8.047181ms)
✔ affine patch: displacement, constant stress, signed support and half-ramp work (172.020955ms)
✔ quadratic manufactured load is independent of FEM: divergence, surface resultants, refinement (1690.33571ms)
✔ PCG implicit solve agrees with pivoted dense elimination; failed tolerance stays failed (1.527868ms)
✔ six compliant strain modes reproduce full element energy, including shear (4.675553ms)
✔ XPBD finite iteration error decreases to the matched implicit solution; reset is deterministic (35.245421ms)
✔ finite sweeps depend on timestep; convergence matches target at each step size (84.040646ms)
✔ implicit force signs and backward-Euler work/dissipation balance for nonzero initial state (12.300204ms)
✔ zero forces and invalid domains are explicit (2.679884ms)
✔ complete joint/tissue potential gradient and analytic Hessian match independent differences (118.847085ms)
✔ accepted coupling lifts from actual tissue traction, release lowers activation, torque balances inertia (1005.775373ms)
✔ mass changes preserve all dynamic/tissue state and alter only recorded external energy and future coupling (366.170424ms)
✔ closest source triangle coordinates reconstruct projection at face, edge and vertex (5.534054ms)
✔ closed tetrahedron query distinguishes containment and outside, with independent signed-distance gradient (7.600202ms)
✔ Positive quadratic quadrature and shape reproduce partition, reference volume and polynomial moments (30.911089ms)
✔ Quadratic element gradients match independent differences including displaced midside nodes (51.517263ms)
✔ Isoparametric reference midside geometry has exactly zero passive rest stress (1.504465ms)
✔ Finite rotation produces no passive force and rejected orientation is explicit (0.928852ms)
✔ fixed-end actual P2 block carries active traction once, without passive storage (79.333358ms)
✔ same actual P2 block shortens freely and retains greater length against dead load (2076.876574ms)
✔ actual rotating tendon map matches independent energy gradient and power (1.285516ms)
✔ slack tendon produces no attachment torque; fixed anchor has no joint work (0.321091ms)
✔ original atlas SHA, triangle/barycentric picks, shared right-handed frame and bind pose (2.500279ms)
✔ three distinct source bones and seven closed consistently glued positive P2 belly meshes (255.386396ms)
✔ named attachment patches reconstruct actual original atlas triangles without per-part transforms (0.645117ms)
✔ distributed patches have actual areas, normalized weights and connected source edges; candidate sides and broad origins stay explicit (3.440754ms)
✔ Authored finite-strain passive/active stress is the independent central-difference potential derivative (5.457464ms)
✔ Finite rigid rotations preserve energy and rotate first Piola stress objectively (0.526028ms)
✔ Active axial traction, supported force-length interval and potential are separate from passive storage (0.311617ms)
✔ Tensile tendon has consistent energy, slack and continuous toe stress/tangent (0.403715ms)
✔ Invalid/inverted material states fail rather than yield plausible stresses (0.386639ms)
✔ reference Cholesky preconditioner solves its exact assembled SPD operator (13.827611ms)
✔ Newton preserves the same P2 objective and residual tolerance and reproduces loaded length (505.795301ms)
✔ step-aware damping reaches the independent exponential-potential minimum after steep rejected trials (0.613799ms)
✔ every objective call is counted including rejected determinant/domain trials (1.658534ms)
✔ analytic material tangent matches independent Piola differences and Hessian symmetry (3.473322ms)
✔ P2 analytic tangent includes midside variations and matches full element gradient difference (12.615246ms)
✔ actual source heads meet two mechanically shared free apparatuses with distributed source insertion faces (2.472929ms)
✔ apparatus gradient, nonlinear attachment Hessian and B transpose tissue torque agree with independent differences (4033.633898ms)
✔ actual anatomical point-mass event preserves mechanical state and uses upward-positive external energy (1.617983ms)
✔ failed actual anatomical nonlinear step retains activation, effort, pose, velocity, tissue and time (8539.541274ms)
✔ Exact P2 Bernstein coefficients certify affine orientation and detect reversal (6.072846ms)
✔ Cubic Bernstein reconstruction agrees with an independent curved P2 Jacobian (2.070641ms)
✔ An unresolved or inverted curved element cannot receive a positive certificate (2.431062ms)
✔ Exact signs survive determinant underflow and signed zero in the stored coordinates (0.58744ms)
✔ naive weighting uses identical source coordinates at bind and its gradient matches the independent full P2 interpolation (63.632328ms)
✔ full fibre stretch gives an active mean stress while the isochoric matrix has zero trace (1.670562ms)
✔ dilation energy derivative independently checks the mean Cauchy stress identity (0.579468ms)
✔ nested positive diagnostic rules retain the existing 4/32 rules and reference measure (17.407293ms)
✔ independent P2 integration reproduces affine material energy and nodal energy derivatives (65.694737ms)
✔ half/double bulk diagnostic is exact at fixed geometry and retains the original force gate (201.132526ms)
✔ actual compressed loading pose retains the independent original P2 energy, gradient and determinant (603.710058ms)
✔ symmetric actual-head contact has balanced action/reaction and nonnegative declared Gauss-Newton tangent (1278.76151ms)
✔ source-bone pose derivative and actual-head contact gradient match independent energy differences (44664.256037ms)
✔ active-feature contact Hessian includes deforming closest surfaces and rotating bone acceleration (8572.843634ms)
✔ co-moving tendon guides and bone sum every repeated joint column in fallback torque (6.538193ms)
✔ face, edge and vertex contact differentials include triangle motion and agree with independent second differences (6.725643ms)
✔ simplex contact envelope is conservative, isolated-feature exact and permutation invariant (0.746037ms)
✔ exact leg witnesses expose a narrow entry/exit interval missed by all five samples (3.20462ms)
✔ interior and shared-edge material cuts conserve area with positive children (0.407811ms)
✔ archived force-converged rest exposes its 135 micron humeral tendon interval to the new rule (7920.258748ms)
✔ force-converged loaded muscle/muscle crossings missed by every sample become active witnesses (7649.090203ms)
✔ loaded: saved sampled-clear muscle/bone and tendon/bone failures become active contact (14307.449758ms)
✔ quarter: saved sampled-clear muscle/bone and tendon/bone failures become active contact (16120.414961ms)
✔ frozen witness quadrature retains analytic gradient and Hessian including moving-bone/tendon contact (12798.411539ms)
✔ saved loaded closest-face corner has conservative smooth energy derivatives at the original collision gates (37440.919672ms)
✔ saved cold-load edge transition preserves continuous energy and its gradient (18168.698544ms)
✔ dense replay rejects inconsistent held joint coordinates despite accepted flags (10341.007293ms)
✔ dense replay rejects invalid accepted-state time advancement (20878.297744ms)
✔ dense reduced body agrees with independent full P2 assembly at a compressed nonlinear pose (41.526033ms)
✔ dense body energy gradient and Hessian pass directional differences at actual compression (67.52477ms)
✔ zero enrichment exactly reproduces the original dense potential, positions and retained gradients (11090.49937ms)
✔ new apparatus/contact force coefficients agree with independent energy directional differences (40020.69777ms)
✔ enriched body force assembly agrees with independent full P2 nodal gradients (1106.835184ms)
✔ enriched analytic body Hessian passes directional differences and symmetry (55.260301ms)
✔ rotation search remainder rotates the extra nodal vector modes consistently (5.217983ms)
✔ 2048-point subdivision has positive weights and exact polynomial moments (10.711198ms)
✔ further positive rule preserves reference volume and affine energy/full nodal forces (86.467244ms)
✔ closed material tensor matches independently implemented directional tangent in a nontrivial active state (1.524946ms)
✔ restricted atlas P2 field retains the original element potential and gradient, including midside DOF (136.750141ms)
✔ excluded nodal direction has unit norm and is orthogonal to every retained displacement column (62.237946ms)
✔ nodal potential probe reproduces actual reduced displacement of body, sheets, apparatus and contact (11832.645794ms)
✔ standalone finer replay rejects a cached primary check with a changed verifier digest (973.988863ms)
✔ derived repair clears finite bone gates without changing source bones or reference tissue volume (259.024995ms)
✔ exclusive triceps ownership retains all candidate faces and positive normalized source areas (2.293519ms)
✔ radial apposition receipts expose the substantial candidate gap across every tested pose (6.045534ms)
✔ held rest rejects scalar advancement even when its saved coordinates are unchanged (1.403434ms)
✔ model matching requires all distinct heads, prescribed end rings and finite force targets (1.656423ms)
✔ accepted dense, bulk and enriched comparison candidates retain the old finite mass (149.823078ms)
✔ coarse completion and interrupted fine prefixes require nonempty matching coverage (1121.373892ms)
✔ dense rejected attempts require the original schedule, finite residual and explicit rollback (6261.304166ms)
✔ new continuation rejects stale source digests and corrupted accepted state lineage (1597.390977ms)
✔ recorded-source transition preserves exact prior contact bytes and rejects unknown hashes (22.710567ms)
✔ exact global rigid rotations remain in each repaired Galerkin space and preserve the unchanged material energy, J and fibre stretch (403.285538ms)
✔ Rodrigues correction has zero first derivative at zero and stable small-angle scaling (0.254372ms)
✔ all actual reference tendon paths clear source cortex and origin shifts respect recorded uncertainty (469.727421ms)
✔ segment audit detects interior crossing and containment without treating source endpoints as crossings (0.92ms)
✔ actual arm redraw disposes every owned dumbbell descendant once (6.56395ms)
✔ element stress field uses owning tetrahedra, retains discontinuities and matches independent uniaxial/shear invariants (15.813507ms)
✔ matched nodal error uses its actual target and a fixed common SI scale across sweeps (47.441723ms)
✔ oriented boundary measurement agrees with an independent affine prediction over translations and rotations (3.563192ms)
✔ rigid deformation has zero Green strain; volume-preserving shear still has strain (0.234582ms)
✔ determinant composition is checked numerically on nontrivial independent matrices (0.148492ms)
✔ inversion is rejected by signed boundary volume and deformation orientation (0.537916ms)
✔ isochoric construction preserves independently triangulated volume while area and length change (0.731196ms)
✔ elbow pulse retains selected inputs and evolved physical state; releases relative to current time (6.339334ms)
✔ series pulse retains selected inputs and evolved physical state; releases relative to current time (16.561348ms)
✔ spatial pulse retains selected inputs and evolved physical state; releases relative to current time (8463.152171ms)
✔ failed 3D startup labels numerical-only stepping and does not retry every step (0.819028ms)
✔ elbow current row matches release/change before stepping and preserves completed history (7.025433ms)
✔ series current row matches release/change before stepping and preserves completed history (15.188109ms)
✔ per-cell RK4/Simpson checks independent state, work and loss {} (110.371876ms)
✔ per-cell RK4/Simpson checks independent state, work and loss {"holdMode":"extension"} (92.720538ms)
✔ per-cell RK4/Simpson checks independent state, work and loss {"shape":"two-segment","ratio":0.5} (94.320724ms)
✔ per-cell RK4/Simpson checks independent state, work and loss {"eta":1000,"E1":500000,"holdMode":"extension","segments":8} (1057.168125ms)
✔ per-cell RK4/Simpson checks independent state, work and loss {"eta":10000000,"E1":50000,"ramp":0.1,"hold":0.1,"recovery":0.1} (8.866642ms)
✔ per-cell RK4/Simpson checks independent state, work and loss {"E1":0,"holdMode":"extension"} (87.607283ms)
✔ force hold creeps; fixed extension relaxes force, with zero external hold work (36.437276ms)
✔ force protocol crosses finite ramps continuously, returns energy and dissipates during recovery (31.089268ms)
✔ extension protocol crosses finite ramps continuously, returns energy and dissipates during recovery (21.023638ms)
✔ arbitrary boundary-spanning steps and each supported display dt give the same physical endpoint (63.84244ms)
✔ taper compliance follows the independent logarithmic integral and midpoint refinement (0.50704ms)
✔ E1=0 exactly recovers existing passive-bar geometry and energy, including reversed two-segment areas (2.166969ms)
✔ viscosity and ramp rates change actual state and dissipation, rather than just metadata (42.757551ms)
✔ tiny positive E1 loss remains continuous with the elastic limit and matches independently squared rate integration (60.322739ms)
✔ tiny positive E1 state survives a full ramp without subtracting nearly equal elastic terms (15.558414ms)
✔ zero loading leaves both hold modes at zero strain, work and dissipation (39.026652ms)
✔ oracle rejects known wrong loss and an elastic reset substituted for the history-dependent state (58.25211ms)
✔ parameter and state errors reject without mutating the last valid physical state (2.409713ms)
✔ a representable branch with an underflowed rate remains finite and agrees with the independent cell equations (68.624399ms)
✔ activation exact transient, bounds and continuing release (1.256624ms)
✔ path derivative, force moment and virtual power agree independently (0.491587ms)
✔ gravity counted once and inertia include explicit point masses (1.074591ms)
✔ forward lift, delayed release, replay and refined work balance (9.821044ms)
✔ prescribed hold reports external motor and domain stop invents no impulse (0.82054ms)
✔ straight-path dead centre keeps zero angle despite developed tension, without a halt or nudge (1.672167ms)
✔ explicit h=0.005 actual controller reaches 12s, preserves every sample and measured maximum (19.512593ms)
✔ symplectic h=0.005 actual controller reaches 12s, preserves every sample and measured maximum (16.478915ms)
✔ verlet h=0.005 actual controller reaches 12s, preserves every sample and measured maximum (13.05401ms)
✔ explicit h=0.01 actual controller reaches 12s, preserves every sample and measured maximum (4.853997ms)
✔ symplectic h=0.01 actual controller reaches 12s, preserves every sample and measured maximum (5.832344ms)
✔ verlet h=0.01 actual controller reaches 12s, preserves every sample and measured maximum (5.722589ms)
✔ explicit h=0.02 actual controller reaches 12s, preserves every sample and measured maximum (2.283513ms)
✔ symplectic h=0.02 actual controller reaches 12s, preserves every sample and measured maximum (2.393999ms)
✔ verlet h=0.02 actual controller reaches 12s, preserves every sample and measured maximum (2.378897ms)
✔ explicit h=0.05 actual controller reaches 12s, preserves every sample and measured maximum (1.208362ms)
✔ symplectic h=0.05 actual controller reaches 12s, preserves every sample and measured maximum (1.04736ms)
✔ verlet h=0.05 actual controller reaches 12s, preserves every sample and measured maximum (1.07362ms)
✔ explicit h=0.1 actual controller reaches 12s, preserves every sample and measured maximum (2.441039ms)
✔ symplectic h=0.1 actual controller reaches 12s, preserves every sample and measured maximum (0.59988ms)
✔ verlet h=0.1 actual controller reaches 12s, preserves every sample and measured maximum (0.589273ms)
✔ batch pause/resume and single steps retain current trajectory; edit/reset start new trajectories (0.825387ms)
✔ paced Play uses chosen fixed h and bounded catch-up, with one redraw per frame (0.508562ms)
✔ duration bounds reject unsupported fractional, excessive or invalid step budgets (0.564667ms)
✔ energy derivatives give nominal stress, plate force and two lateral contributions (3.059507ms)
✔ bounded parameter sweep: independent equilibrium oracle, energies, SI geometry and wall KKT (12.152689ms)
✔ finite bulk differs from exact J=1 and confinement changes compression work and forces (0.511386ms)
✔ zero bulk isotropic collapse and weak-bulk pull-away are explicit counterexamples (0.43976ms)
✔ finite caps retain feasible geometry while exposing unconverged residuals, including near wall transition (0.65415ms)
✔ invalid domains, inversion, nonfinite candidates and positive-J wall penetration reject (1.035693ms)
✔ elastic load/unload and explicit default reset are history-free and deterministic (1.232748ms)
✔ force worked example and work-energy consistency across signed forces (1.32715ms)
✔ lever sign, zero moment arm and exact scaled worked example (0.368752ms)
✔ potential gradient gives the negative gravitational torque (0.291557ms)
✔ torque identities hold for a deterministic grid of integer inputs (1.331656ms)
✔ step/replay/reset gives identical sequences (9.672782ms)
✔ energy diagnostics distinguish unstable explicit from bounded symplectic and Verlet (3.420918ms)
✔ Verlet convergence against independent analytic oscillator (0.831146ms)
✔ invalid domains fail explicitly (0.719248ms)
✔ actual Y material-line stretch includes shear and is invariant to rotation/translation (2.075812ms)
✔ endpoint labels and narrow/wide geometry remain true when taper direction reverses (2.016984ms)
✔ default force-driven meshes match an independent cubic root, tetra volumes and full free-side stress (4.553487ms)
✔ all supported load, area, ratio and modulus corners fit the positive bracket and independent root (11.0468ms)
✔ full constrained energy differentiates to the signed axial resultant, for each block and the assembly (1.428381ms)
✔ nominal stress is strictly increasing and equals the derivative of the constrained energy (0.28715ms)
✔ material, geometry, force reversal and equal-area controls change solved lengths and areas coherently (1.151416ms)
✔ coarse bisection retains valid volume but cannot claim converged shared-force equilibrium (0.455363ms)
✔ triangle-volume readouts agree with an independent tetra oracle after arbitrary rigid transformations (0.425357ms)
✔ using current area in the nominal force law fails the independent reference-area equilibrium oracle (1.356864ms)
✔ invalid parameters and unsupported solves reject without mutating valid input or output (1.872046ms)
✔ global-volume-only candidate is rejected despite correct weighted total, retaining the valid state (3.142521ms)
✔ rigid tendon/contact-off cumulatively retains Lab4 force–length, moments and energy over the full pose/activation domain (3.369261ms)
✔ compliant nonlinear equilibrium matches an independent tension-coordinate root and force–length law (2.150184ms)
✔ implicit fiber velocity matches differentiated equilibria including active length slope and activation input (1.064306ms)
✔ repaired law preserves fixed-end work balance, release lengthening, replay and trajectory refinement (41.68294ms)
✔ spatial hinge consumer uses the repaired shared law without adding spatial tissue force to the hinge (164.97682ms)
✔ series force equilibrium, length partition, slack and rigid limit (2.852758ms)
✔ fixed ends permit fiber shortening and tendon storage under activation (11.906082ms)
✔ active fiber power differs from skeletal power but obeys the full elastic balance (0.370486ms)
✔ hyperelastic stress independently matches energy gradients (0.211957ms)
✔ compression preserves most volume and satisfies free sides and ideal contact (0.342293ms)
✔ coupled pulse/release work balance refines and tissue feedback is explicit (51.539788ms)
✔ positive conforming authored mesh, closed separate membrane, correct SI reference volume (3.360038ms)
✔ volume gradient independently matches finite differences and has zero resultant (1.074801ms)
✔ complete edge/volume/membrane/tether/contact energy gradient matches central difference (66.647595ms)
✔ passive reference is zero energy; activation shortens spatial fibres with separate skin (561.612677ms)
✔ same-pose compression comparison, sampled contact improvement and iteration defect remain measurable (1966.735497ms)
✔ reported contact/support resultant equals the unresolved free gradient, not a hidden extra force (258.215589ms)
✔ skin-off ablation removes membrane and fascia energies; shape-off removes spatial actuator only (183.580978ms)
✔ deterministic reset, lift/release continuity and teaching domain halt (344.952174ms)
✔ compression control ablations preserve activation/pose and produce the named physical effect (16589.5964ms)
✔ parameter edits preserve evolved state, halt, accounting and counters; pose/hold edits enforce kinematics (1626.936066ms)
✔ linear taper midpoint integration converges to independently integrated log oracle (1.799548ms)
✔ equal-length two-area fixed-end active fixture: narrow +1/300, wide -1/300 (0.308762ms)
✔ large strain is exposed and invalid area or refinement rejected (0.635222ms)
✔ small-strain warning uses true endpoint extrema independently of midpoint display resolution (1.054631ms)
ℹ tests 208
ℹ suites 0
ℹ pass 208
ℹ fail 0
ℹ cancelled 0
ℹ skipped 0
ℹ todo 0
ℹ duration_ms 122057.124517
npm notice
npm notice New major version of npm available! 11.9.0 -> 12.2.0
npm notice Changelog: https://github.com/npm/cli/releases/tag/v12.2.0
npm notice To update run: npm install -g npm@12.2.0
npm notice
