Recorded 4:2:5:-0.1:1 true 
Recorded 4:2:5:0:1 true 
Recorded 4:2:5:0.1:1 true 
Recorded 4:2:5:-0.1:1.5 true 
Recorded 4:2:5:0.1:1.5 true 
Recorded 8:2:5:-0.1:1.5 true 
Recorded 8:2:5:0.1:1.5 true 
Recorded 4:4:5:-0.1:1.5 true 
Recorded 4:4:5:0.1:1.5 true 
Recorded 8:4:5:-0.1:1.5 true 
Recorded 8:4:5:0.1:1.5 true 
Recorded 16:4:5:-0.1:1.5 true 
Recorded 16:4:5:0.1:1.5 true 
Recorded 8:8:5:-0.1:1.5 true 
Recorded 8:8:5:0.1:1.5 true 
Recorded 16:8:5:-0.1:1.5 true 
Recorded 16:8:5:0.1:1.5 true 
Recorded 4:2:5:0:1.5 true 
Recorded 16:8:3:-0.1:1.5 true 
Recorded 16:8:7:-0.1:1.5 true 
Recorded 16:8:3:0.1:1.5 true 
Recorded 16:8:7:0.1:1.5 true 
Recorded 16:8:7:0:1.5 true 
Saved bounded numerical evidence /workspace/kenoma-connected-experiment-final.json
