PASS_BOUNDED_ENGINEERING_CHECKS
{
  "loaded": [
    {
      "epsilon": -0.1,
      "reference": "16:8:7:-0.1:1.5",
      "finite_volume_signal_rms": 0.0048108751309367676,
      "global_volume_change": -0.00469342290071828,
      "successive_8x4_to_16x8": {
        "epsilon": -0.1,
        "coarse": "8:4:5:-0.1:1.5",
        "reference": "16:8:7:-0.1:1.5",
        "volumeWeightedRmsJDifference": 9.04012454505895e-05,
        "maxMaterialProbeJDifference": 5.6960704609476664e-05,
        "volumeRatioDifference": 1.277335192062523e-07,
        "reactionDifferenceN": 1.6134089616606784e-06,
        "energyDifferenceJ": 3.6735896045785293e-09
      },
      "scaled_cut_force_variation": 0.0004046482481607923,
      "max_declared_noncorner_side_traction_over_mu": 0.0001102100323592219,
      "corner_limit": "Corner and near-corner gradients are recorded separately. Changing quadrature-point extrema do not establish converged pointwise corner stress/J or global stability."
    },
    {
      "epsilon": 0.1,
      "reference": "16:8:7:0.1:1.5",
      "finite_volume_signal_rms": 0.004813308259746537,
      "global_volume_change": 0.004646992822435081,
      "successive_8x4_to_16x8": {
        "epsilon": 0.1,
        "coarse": "8:4:5:0.1:1.5",
        "reference": "16:8:7:0.1:1.5",
        "volumeWeightedRmsJDifference": 7.975100927720321e-05,
        "maxMaterialProbeJDifference": 4.989448401548913e-05,
        "volumeRatioDifference": 1.0572645070539011e-07,
        "reactionDifferenceN": 1.0572792833660194e-06,
        "energyDifferenceJ": 2.7895603397885696e-09
      },
      "scaled_cut_force_variation": 0.000403788444600872,
      "max_declared_noncorner_side_traction_over_mu": 0.00011795235202889811,
      "corner_limit": "Corner and near-corner gradients are recorded separately. Changing quadrature-point extrema do not establish converged pointwise corner stress/J or global stability."
    }
  ],
  "conditioning": [
    {
      "epsilon": 0,
      "free_dofs": 1024,
      "original_tangent_independent_SciPy_scaled_Cholesky": "PASS",
      "jacobi_scaled_smallest_eigenvalue": 0.0003203689501160567,
      "jacobi_scaled_largest_eigenvalue": 2.9911141298799673,
      "jacobi_scaled_spectral_condition_number": 9336.466997804899,
      "scope": "Numerical original constrained discrete tangent at this state; no continuum or nonaxisymmetric stability theorem"
    },
    {
      "epsilon": -0.1,
      "free_dofs": 1024,
      "original_tangent_independent_SciPy_scaled_Cholesky": "PASS",
      "jacobi_scaled_smallest_eigenvalue": 0.00034723144635578906,
      "jacobi_scaled_largest_eigenvalue": 3.0113945411971614,
      "jacobi_scaled_spectral_condition_number": 8672.58588702692,
      "scope": "Numerical original constrained discrete tangent at this state; no continuum or nonaxisymmetric stability theorem"
    },
    {
      "epsilon": 0.1,
      "free_dofs": 1024,
      "original_tangent_independent_SciPy_scaled_Cholesky": "PASS",
      "jacobi_scaled_smallest_eigenvalue": 0.00030030739455416683,
      "jacobi_scaled_largest_eigenvalue": 2.9741828074584578,
      "jacobi_scaled_spectral_condition_number": 9903.794782922005,
      "scope": "Numerical original constrained discrete tangent at this state; no continuum or nonaxisymmetric stability theorem"
    }
  ],
  "geometry": {
    "4:2:5:-0.1:1": {
      "cells": 8,
      "lower_J_bound": 0.49753436746962015,
      "upper_J_bound": 1.9901374698784917,
      "method": "Exact Fraction arithmetic on binary input nodes/displacements; tensor Bernstein coefficient bounds, including removed common radial parameter on the axis",
      "scope": "Entire stored Q2 cell map orientation and positive radius/local determinant; not global injectivity, volume accuracy, stress accuracy or floating-point solver equivalence"
    },
    "4:2:5:0:1": {
      "cells": 8,
      "lower_J_bound": 0.49999999999999856,
      "upper_J_bound": 2.0000000000000058,
      "method": "Exact Fraction arithmetic on binary input nodes/displacements; tensor Bernstein coefficient bounds, including removed common radial parameter on the axis",
      "scope": "Entire stored Q2 cell map orientation and positive radius/local determinant; not global injectivity, volume accuracy, stress accuracy or floating-point solver equivalence"
    },
    "4:2:5:0.1:1": {
      "cells": 8,
      "lower_J_bound": 0.5024681555241389,
      "upper_J_bound": 2.0098726220965664,
      "method": "Exact Fraction arithmetic on binary input nodes/displacements; tensor Bernstein coefficient bounds, including removed common radial parameter on the axis",
      "scope": "Entire stored Q2 cell map orientation and positive radius/local determinant; not global injectivity, volume accuracy, stress accuracy or floating-point solver equivalence"
    },
    "16:8:7:-0.1:1.5": {
      "cells": 128,
      "lower_J_bound": 0.46665083261876994,
      "upper_J_bound": 2.1122212039098938,
      "method": "Exact Fraction arithmetic on binary input nodes/displacements; tensor Bernstein coefficient bounds, including removed common radial parameter on the axis",
      "scope": "Entire stored Q2 cell map orientation and positive radius/local determinant; not global injectivity, volume accuracy, stress accuracy or floating-point solver equivalence"
    },
    "16:8:7:0.1:1.5": {
      "cells": 128,
      "lower_J_bound": 0.47391081006103997,
      "upper_J_bound": 2.143161576792228,
      "method": "Exact Fraction arithmetic on binary input nodes/displacements; tensor Bernstein coefficient bounds, including removed common radial parameter on the axis",
      "scope": "Entire stored Q2 cell map orientation and positive radius/local determinant; not global injectivity, volume accuracy, stress accuracy or floating-point solver equivalence"
    },
    "16:8:7:0:1.5": {
      "cells": 128,
      "lower_J_bound": 0.47015610651974254,
      "upper_J_bound": 2.1269531250000018,
      "method": "Exact Fraction arithmetic on binary input nodes/displacements; tensor Bernstein coefficient bounds, including removed common radial parameter on the axis",
      "scope": "Entire stored Q2 cell map orientation and positive radius/local determinant; not global injectivity, volume accuracy, stress accuracy or floating-point solver equivalence"
    }
  }
}
