{
  "status": "passed",
  "scope": "Pixel 7 touch emulation with default headless Chromium; not physical Android/WebView evidence",
  "startup_draws": {
    "force": {
      "available": true,
      "lost": false,
      "width": 543,
      "height": 450,
      "unique_colors": 1236,
      "vivid_geometry_pixels": 1983,
      "sha256": "b24c75ec33c26c308dd9c07f06bc27d1ac05ad2dd8dcff56a3fe625f0f41cb9f"
    },
    "torque": {
      "available": true,
      "lost": false,
      "width": 543,
      "height": 450,
      "unique_colors": 2014,
      "vivid_geometry_pixels": 5241,
      "sha256": "8f584c6ed2326fb7e7b7786a6eda18862021ce8eda79633ef6f380393d751e65"
    },
    "energy": {
      "available": true,
      "lost": false,
      "width": 543,
      "height": 450,
      "unique_colors": 1873,
      "vivid_geometry_pixels": 2092,
      "sha256": "fd924119c494752fbe32f66bee70f750859ba82051363c91b60f5304272710cb"
    },
    "elbow": {
      "available": true,
      "lost": false,
      "width": 543,
      "height": 450,
      "unique_colors": 4090,
      "vivid_geometry_pixels": 9455,
      "sha256": "4baa2185e94cf41bcc815312c5f7cc1197a843773e1050ece54e69d82c0e6e4e"
    },
    "series": {
      "available": true,
      "lost": false,
      "width": 543,
      "height": 450,
      "unique_colors": 8302,
      "vivid_geometry_pixels": 39091,
      "sha256": "6380a40a5489cc21373ab71e90d9b7fb47e8ebdf182bb8c27b877b19d881cd1d"
    },
    "continuum": {
      "available": true,
      "lost": false,
      "width": 543,
      "height": 630,
      "unique_colors": 1891,
      "vivid_geometry_pixels": 64637,
      "sha256": "ca2823fd6ada90d2254b91f265073960ac70641c26dc93f50126ba0819aae8f5"
    },
    "spatial": {
      "available": true,
      "lost": false,
      "width": 543,
      "height": 630,
      "unique_colors": 23568,
      "vivid_geometry_pixels": 97752,
      "sha256": "ce6a7b38b8d9de47ef4f74aab2e32b9b6194f500cd67599d90f272bd31634b7e"
    },
    "atlas": {
      "available": true,
      "lost": false,
      "width": 543,
      "height": 540,
      "unique_colors": 7439,
      "vivid_geometry_pixels": 54141,
      "sha256": "72a2ad6213e38e66aa85f5815538a4dd09296339816e3693063addf0c3c2b9bc"
    }
  },
  "fault_tests": [
    "Actual WebGL context loss exposes visible diagnostics, preserves static alternative and recovers on Retry without a download",
    "Injected post-context draw failure produces in-viewport diagnostics and Retry restores real drawn geometry",
    "Unavailable WebGL in all seven labs gives prominent in-viewport error plus functional numerical controls, explicitly without 3D"
  ],
  "executable_outputs_sha256": "5f80806692aef1f9b213d13e1874d7166864ffa22957c594df96e8a38b4f7cd1",
  "browser": "151.0.7922.173",
  "downloads_on_start": [],
  "html_sha256": "c97f1d11d5d8192e3e9a957eb2770239404c53c5fd480868595bb0df7d0c7f77",
  "app_sha256": "41a8ba9c98cdc4f93a34b3ba690e6a25158901305418118ce4340229fbe8d2f9"
}
