{
  "schema": 1,
  "result": "PASS_REAL_PROOF_RENDER_CAPTURE",
  "source_revision": "f110ad2d73f77feda18ccd273d9b8be119bdc77e",
  "inspector_sha256": "6afe1a9f1e20e23dd48e7dd2321ee2c3b5908b0c6cdc1a3fa6dd77c40204a2cb",
  "html_sha256": "c97f1d11d5d8192e3e9a957eb2770239404c53c5fd480868595bb0df7d0c7f77",
  "app_sha256": "41a8ba9c98cdc4f93a34b3ba690e6a25158901305418118ce4340229fbe8d2f9",
  "pdf_sha256": "8f8b26cd5ab8d0514d7c285b1455f0809b49c37a4c76e800769b7e996643aad2",
  "manifest_sha256": "416682bb231e96d35128896bb160f1beb8bdaee1fe5df09d94d5ab9a12bc2393",
  "browser": "151.0.7922.173",
  "views": [
    {
      "name": "desktop",
      "real_cards": 19,
      "horizontal_overflow": false
    },
    {
      "name": "mobile",
      "real_cards": 19,
      "horizontal_overflow": false
    }
  ],
  "page_errors": [],
  "real_claims": [
    "material-real-confined-volume",
    "material-real-bulk-sign",
    "material-real-bulk-zero",
    "material-real-separated-wall",
    "material-real-lateral-work",
    "force-real-pair",
    "torque-real-linearity",
    "virtual-real-power",
    "actuator-real-activation-interval",
    "actuator-real-activation-ode",
    "actuator-real-active-force-bounds",
    "actuator-real-active-force-derivative",
    "actuator-real-gaussian-radius-bound",
    "actuator-real-active-slope-bound",
    "actuator-real-series-strict-monotone",
    "actuator-real-series-unique-root",
    "actuator-real-series-root-exists",
    "actuator-real-series-lower-rejection",
    "actuator-real-series-denominator"
  ],
  "pdf_pages": 79,
  "source_pages": [
    {
      "page": 74,
      "image": "pdf-source-page-74.png"
    },
    {
      "page": 75,
      "image": "pdf-source-page-75.png"
    },
    {
      "page": 76,
      "image": "pdf-source-page-76.png"
    },
    {
      "page": 77,
      "image": "pdf-source-page-77.png"
    },
    {
      "page": 78,
      "image": "pdf-source-page-78.png"
    },
    {
      "page": 79,
      "image": "pdf-source-page-79.png"
    }
  ],
  "scope": "Actual generated desktop/mobile card captures, source-bound metadata and complete PDF theorem/hash text with durable links. Appearance review is separate; no numerical refinement or biological certificate."
}
