{
  "executable_outputs_sha256": "d2e6650ad4de5c1a67cf1de912d76ac00f54f68ccc4adf15c8aa035f512c6230",
  "status": "passed",
  "browser_version": "151.0.7922.173",
  "checks": [
    "76 proof cards, MathML, internal links and local resources verified",
    "Blank numeric input then Reset clears stale aria-invalid",
    "Sequential decimal typing retains 0.35 without eager minimum clamping",
    "Desktop real WebGL, camera, defaults, all integrators, stepping, reset replay, copy, pause verified",
    "Elbow real WebGL, force-driven lift, continuous release, trace download, prescribed hold and pulse controls verified",
    "Series fixed-end storage/release, immediate release/change exports before stepping, tissue ablations, same-pose LBS and deterministic reset verified",
    "Spatial FEM reference converged; matched sweep improvement, static refinement and cached assembly verified",
    "Spatial muscle/skin/contact same-pose fixture, force-driven lift, release-current export, camera and deterministic reset verified",
    "Teaching control regressions: measured Lab1 marker pixels, common strain scale and inactive bar inputs, state-preserving Lab7 ablations, and dead-centre explanation",
    "All seven deliberate spoken summaries separate each actual DOM label/value pair; energy/spatial stepping and playback produce no live-region mutations",
    "Actual atlas WebGL part/camera views and keyboard-accessible timestamp-aware recording bins/reset verified; one active canvas retained",
    "390px viewport has no horizontal page overflow; WebGL and keyboard controls verified",
    "No-WebGL fallback retains static figures and live elementary/spatial numerical controls",
    "No-JavaScript chapter text, diagrams, proofs and experiment table remain readable"
  ],
  "proof_cards": 76,
  "html_sha256": "bc3824b8eb852b054fe81532c9d3bc903750ed1ad31b9c3a70881c6337bbed23",
  "app_sha256": "b97555957f8cf2b2fb4142cfbec2038cb91e5c792356f2784b3ed582a3930a57",
  "scope": "Automated Chromium desktop/mobile viewport checks; not real mobile hardware or accessibility certification."
}
