{
  "schema": 1,
  "result": "PASS_REAL_PROOF_RENDER_CAPTURE",
  "source_revision": "6be928ef034c8e31217cb1ff28f859f328f3dc43",
  "inspector_sha256": "6afe1a9f1e20e23dd48e7dd2321ee2c3b5908b0c6cdc1a3fa6dd77c40204a2cb",
  "html_sha256": "bc3824b8eb852b054fe81532c9d3bc903750ed1ad31b9c3a70881c6337bbed23",
  "app_sha256": "b97555957f8cf2b2fb4142cfbec2038cb91e5c792356f2784b3ed582a3930a57",
  "pdf_sha256": "7c7ae97383999d6c0f26e0c7502c10ff0d10e71c956654ebee0652658d1724ff",
  "manifest_sha256": "ab3853318e6914419e9819baa49e54d48d45df95a9b403ffff988891e2f21a6b",
  "browser": "151.0.7922.173",
  "views": [
    {
      "name": "desktop",
      "real_cards": 42,
      "horizontal_overflow": false
    },
    {
      "name": "mobile",
      "real_cards": 42,
      "horizontal_overflow": false
    }
  ],
  "page_errors": [],
  "real_claims": [
    "material-real-confined-volume",
    "material-real-bulk-sign",
    "material-real-bulk-zero",
    "material-real-separated-wall",
    "material-real-lateral-work",
    "force-real-pair",
    "torque-real-linearity",
    "virtual-real-power",
    "actuator-real-activation-interval",
    "actuator-real-activation-ode",
    "actuator-real-active-force-bounds",
    "actuator-real-active-force-derivative",
    "actuator-real-gaussian-radius-bound",
    "actuator-real-active-slope-bound",
    "actuator-real-series-strict-monotone",
    "actuator-real-series-unique-root",
    "actuator-real-series-root-exists",
    "actuator-real-series-lower-rejection",
    "actuator-real-series-denominator",
    "dissipative-real-storage-sign",
    "dissipative-real-dissipation-sign",
    "dissipative-real-storage-derivative",
    "dissipative-real-power-balance",
    "dissipative-real-elastic-recovery",
    "dissipative-real-viscous-derivative",
    "dissipative-real-viscous-bounds",
    "dissipative-real-viscous-monotone",
    "dissipative-real-viscous-antitone",
    "dissipative-real-held-stress-bounds",
    "dissipative-real-held-stress-decay",
    "serial-real-energy-factor",
    "serial-real-energy-sign",
    "serial-real-energy-zero",
    "serial-real-energy-derivative",
    "serial-real-stress-identities",
    "serial-real-stress-sign",
    "serial-real-stress-difference",
    "serial-real-stress-monotone",
    "serial-real-root-unique",
    "serial-real-volume",
    "serial-real-tension-order",
    "serial-real-compression-order"
  ],
  "pdf_pages": 95,
  "source_pages": [
    {
      "page": 86,
      "image": "pdf-source-page-86.png"
    },
    {
      "page": 87,
      "image": "pdf-source-page-87.png"
    },
    {
      "page": 88,
      "image": "pdf-source-page-88.png"
    },
    {
      "page": 89,
      "image": "pdf-source-page-89.png"
    },
    {
      "page": 90,
      "image": "pdf-source-page-90.png"
    },
    {
      "page": 91,
      "image": "pdf-source-page-91.png"
    },
    {
      "page": 92,
      "image": "pdf-source-page-92.png"
    },
    {
      "page": 93,
      "image": "pdf-source-page-93.png"
    },
    {
      "page": 94,
      "image": "pdf-source-page-94.png"
    },
    {
      "page": 95,
      "image": "pdf-source-page-95.png"
    }
  ],
  "scope": "Actual generated desktop/mobile card captures, source-bound metadata and complete PDF theorem/hash text with durable links. Appearance review is separate; no numerical refinement or biological certificate."
}
