{
  "executable_outputs_sha256": "db244ab1bea95f64676eaf3e2e9d0880d243dc6241dae293b15e4bb59aca9ef8",
  "status": "passed",
  "browser_version": "151.0.7922.173",
  "checks": [
    "42 proof cards, MathML, internal links and local resources verified",
    "Blank numeric input then Reset clears stale aria-invalid",
    "Sequential decimal typing retains 0.35 without eager minimum clamping",
    "Desktop real WebGL, camera, defaults, all integrators, stepping, reset replay, copy, pause verified",
    "Elbow real WebGL, force-driven lift, continuous release, trace download, prescribed hold and pulse controls verified",
    "Series fixed-end storage/release, immediate release/change exports before stepping, tissue ablations, same-pose LBS and deterministic reset verified",
    "Spatial FEM reference converged; matched sweep improvement, static refinement and cached assembly verified",
    "Spatial muscle/skin/contact same-pose fixture, force-driven lift, release-current export, camera and deterministic reset verified",
    "Teaching control regressions: measured Lab1 marker pixels, common strain scale and inactive bar inputs, state-preserving Lab7 ablations, and dead-centre explanation",
    "All seven deliberate spoken summaries separate each actual DOM label/value pair; energy/spatial stepping and playback produce no live-region mutations",
    "Actual atlas WebGL part/camera views and keyboard-accessible timestamp-aware recording bins/reset verified; one active canvas retained",
    "390px viewport has no horizontal page overflow; WebGL and keyboard controls verified",
    "No-WebGL fallback retains static figures and live elementary/spatial numerical controls",
    "No-JavaScript chapter text, diagrams, proofs and experiment table remain readable"
  ],
  "proof_cards": 42,
  "html_sha256": "ea43f49c7581b6cb665578458cbb5228ffee907361bf8f8f9b922f53f05ed909",
  "app_sha256": "41a8ba9c98cdc4f93a34b3ba690e6a25158901305418118ce4340229fbe8d2f9",
  "scope": "Automated Chromium desktop/mobile viewport checks; not real mobile hardware or accessibility certification."
}
