Cloning into '/tmp/kenoma-real-claims/education/.tools/mathlib4'...
Note: switching to 'c44e0c8ee63ca166450922a373c7409c5d26b00b'.

You are in 'detached HEAD' state. You can look around, make experimental
changes and commit them, and you can discard any commits you make in this
state without impacting any branches by switching back to a branch.

If you want to create a new branch to retain commits you create, you may
do so (now or later) by using -c with the switch command. Example:

  git switch -c <new-branch-name>

Or undo this operation with:

  git switch -

Turn off this advice by setting config variable advice.detachedHead to false

info: plausible: cloning https://github.com/leanprover-community/plausible
info: plausible: checking out revision '77e08eddc486491d7b9e470926b3dbe50319451a'
info: LeanSearchClient: cloning https://github.com/leanprover-community/LeanSearchClient
info: LeanSearchClient: checking out revision '25078369972d295301f5a1e53c3e5850cf6d9d4c'
info: importGraph: cloning https://github.com/leanprover-community/import-graph
info: importGraph: checking out revision 'e6a9f0f5ee3ccf7443a0070f92b62f8db12ae82b'
info: proofwidgets: cloning https://github.com/leanprover-community/ProofWidgets4
info: proofwidgets: checking out revision 'c4919189477c3221e6a204008998b0d724f49904'
info: aesop: cloning https://github.com/leanprover-community/aesop
info: aesop: checking out revision '5d50b08dedd7d69b3d9b3176e0d58a23af228884'
info: Qq: cloning https://github.com/leanprover-community/quote4
info: Qq: checking out revision 'fa4f7f15d97591a9cf3aa7724ba371c7fc6dda02'
info: batteries: cloning https://github.com/leanprover-community/batteries
info: batteries: checking out revision 'f5d04a9c4973d401c8c92500711518f7c656f034'
info: Cli: cloning https://github.com/leanprover/lean4-cli
info: Cli: checking out revision '02dbd02bc00ec4916e99b04b2245b30200e200d0'
Lean (version 4.19.0, x86_64-unknown-linux-gnu, commit 6caaee842e94, Release)
Lean (version 4.19.0, x86_64-unknown-linux-gnu, commit 6caaee842e94, Release)
PROOFWIDGETS_SOURCE_ASSETS_READY c4919189477c3221e6a204008998b0d724f49904
SOURCE_MODULE_COUNT 1500
SOURCE_PROGRESS 25 1500 Aesop.Search.Expansion.Simp
SOURCE_PROGRESS 50 1500 Batteries.Lean.Meta.UnusedNames
SOURCE_PROGRESS 75 1500 Aesop.Script.Util
SOURCE_PROGRESS 100 1500 Batteries.Tactic.OpenPrivate
SOURCE_PROGRESS 125 1500 Aesop.Builder.Unfold
SOURCE_PROGRESS 150 1500 Aesop.Forward.State.Initial
SOURCE_PROGRESS 175 1500 Aesop.Tree.Check
SOURCE_PROGRESS 200 1500 Aesop.Search.Main
SOURCE_PROGRESS 225 1500 Plausible.Random
SOURCE_PROGRESS 250 1500 Mathlib.Logic.OpClass
SOURCE_PROGRESS 275 1500 Mathlib.Tactic.ExtractGoal
SOURCE_PROGRESS 300 1500 Mathlib.Tactic.MinImports
SOURCE_PROGRESS 325 1500 Mathlib.Tactic.Substs
SOURCE_PROGRESS 350 1500 Mathlib.Logic.Nonempty
SOURCE_PROGRESS 375 1500 Mathlib.Tactic.Convert
SOURCE_PROGRESS 400 1500 Mathlib.Tactic.Use
SOURCE_PROGRESS 425 1500 Mathlib.Tactic.ToAdditive.Frontend
SOURCE_PROGRESS 450 1500 Mathlib.Algebra.Group.Torsion
SOURCE_PROGRESS 475 1500 Mathlib.Algebra.Ring.Nat
SOURCE_PROGRESS 500 1500 ProofWidgets.Cancellable
SOURCE_PROGRESS 525 1500 Mathlib.Algebra.Group.Action.Hom
SOURCE_PROGRESS 550 1500 Mathlib.Algebra.Group.Equiv.Basic
SOURCE_PROGRESS 575 1500 Mathlib.Algebra.Group.Commute.Units
SOURCE_PROGRESS 600 1500 Mathlib.Data.Nat.Cast.Commute
SOURCE_PROGRESS 625 1500 Mathlib.Algebra.Order.GroupWithZero.Unbundled.Defs
SOURCE_PROGRESS 650 1500 Mathlib.Order.Hom.Basic
SOURCE_PROGRESS 675 1500 Mathlib.Algebra.Ring.Regular
SOURCE_PROGRESS 700 1500 Mathlib.Tactic.Tauto
SOURCE_PROGRESS 725 1500 Mathlib.Algebra.GroupWithZero.WithZero
SOURCE_PROGRESS 750 1500 Mathlib.Data.List.Perm.Basic
SOURCE_PROGRESS 775 1500 Mathlib.Algebra.Order.Ring.Nat
SOURCE_PROGRESS 800 1500 Mathlib.Data.Int.ModEq
SOURCE_PROGRESS 825 1500 Mathlib.Data.Set.SymmDiff
SOURCE_PROGRESS 850 1500 Mathlib.Data.Multiset.Filter
SOURCE_PROGRESS 875 1500 Mathlib.Data.Finset.Lattice.Basic
SOURCE_PROGRESS 900 1500 Mathlib.Algebra.GroupWithZero.Indicator
SOURCE_PROGRESS 925 1500 Mathlib.Algebra.Star.Prod
SOURCE_PROGRESS 950 1500 Mathlib.Algebra.BigOperators.Ring.Multiset
SOURCE_PROGRESS 975 1500 Mathlib.Algebra.BigOperators.RingEquiv
SOURCE_PROGRESS 1000 1500 Mathlib.Order.RelIso.Set
SOURCE_PROGRESS 1025 1500 Mathlib.Logic.Equiv.Fintype
SOURCE_PROGRESS 1050 1500 Mathlib.Algebra.BigOperators.Pi
SOURCE_PROGRESS 1075 1500 Mathlib.Algebra.Group.Subgroup.Lattice
SOURCE_PROGRESS 1100 1500 Mathlib.GroupTheory.GroupAction.SubMulAction
SOURCE_PROGRESS 1125 1500 Mathlib.Order.CompleteLattice.Finset
SOURCE_PROGRESS 1150 1500 Mathlib.GroupTheory.GroupAction.Quotient
SOURCE_PROGRESS 1175 1500 Mathlib.Order.Filter.Extr
SOURCE_PROGRESS 1200 1500 Mathlib.Order.Filter.AtTopBot.Group
SOURCE_PROGRESS 1225 1500 Mathlib.Order.SuccPred.Basic
SOURCE_PROGRESS 1250 1500 Mathlib.Order.Filter.Ultrafilter.Basic
SOURCE_PROGRESS 1275 1500 Mathlib.Tactic.FinCases
SOURCE_PROGRESS 1300 1500 Mathlib.LinearAlgebra.Prod
SOURCE_PROGRESS 1325 1500 Mathlib.Tactic.Abel
SOURCE_PROGRESS 1350 1500 Mathlib.Algebra.Order.AbsoluteValue.Basic
SOURCE_PROGRESS 1375 1500 Mathlib.Algebra.Order.BigOperators.Ring.Finset
SOURCE_PROGRESS 1400 1500 Mathlib.Topology.Compactness.Compact
SOURCE_PROGRESS 1425 1500 Mathlib.Topology.Order.LeftRightNhds
SOURCE_PROGRESS 1450 1500 Mathlib.Tactic.Linarith
SOURCE_PROGRESS 1475 1500 Mathlib.Topology.Algebra.InfiniteSum.NatInt
SOURCE_PROGRESS 1500 1500 Mathlib.Data.Real.Sqrt
SOURCE_BUILD_COMPLETE 1500
