{
  "result": "PASS",
  "checks": 1010,
  "clinical_validation": false,
  "note": "Structural/data/provenance checks only; figures separately visually inspected."
}
mkdir -p failed for path /home/agent/.config/matplotlib: [Errno 30] Read-only file system: '/home/agent/.config/matplotlib'
Matplotlib created a temporary cache directory at /tmp/matplotlib-nemao_zd because there was an issue with the default path (/home/agent/.config/matplotlib); it is highly recommended to set the MPLCONFIGDIR environment variable to a writable directory, in particular to speed up the import of Matplotlib and to better support multiprocessing.
Fontconfig error: No writable cache directories
Fontconfig error: No writable cache directories
Fontconfig error: No writable cache directories
Fontconfig error: No writable cache directories
Fontconfig error: No writable cache directories
Fontconfig error: No writable cache directories
Fontconfig error: No writable cache directories
Fontconfig error: No writable cache directories
Fontconfig error: No writable cache directories
Fontconfig error: No writable cache directories
Fontconfig error: No writable cache directories
Fontconfig error: No writable cache directories
Fontconfig error: No writable cache directories
Fontconfig error: No writable cache directories
Fontconfig error: No writable cache directories
Fontconfig error: No writable cache directories
Fontconfig error: No writable cache directories
Fontconfig error: No writable cache directories
Fontconfig error: No writable cache directories
Fontconfig error: No writable cache directories
Fontconfig error: No writable cache directories
Fontconfig error: No writable cache directories
Fontconfig error: No writable cache directories
Fontconfig error: No writable cache directories
Fontconfig error: No writable cache directories
Fontconfig error: No writable cache directories
Fontconfig error: No writable cache directories
Fontconfig error: No writable cache directories
Fontconfig error: No writable cache directories
/tmp/kenoma-real-integration/education/dist/assets/anatomical-contact-trajectory.png

  dist/assets/app.js            575.3kb
  dist/assets/app.js.LEGAL.txt    188b 

⚡ Done in 136ms
/tmp/kenoma-real-integration/education/dist/anatomy-inspection/
/tmp/kenoma-real-integration/education/dist/coupled-fixture/
/tmp/kenoma-real-integration/education/dist/anatomical-arm/
Checked 12 theorems with Lean (version 4.19.0, x86_64-unknown-linux-gnu, commit 6caaee842e94, Release)
Checked 2 anatomical transfer identities with Lean (version 4.19.0, x86_64-unknown-linux-gnu, commit 6caaee842e94, Release)
Checked 7 coupled mechanical properties with Lean (version 4.19.0, x86_64-unknown-linux-gnu, commit 6caaee842e94, Release)
Checked 4 arm algebraic claims with Lean (version 4.19.0, x86_64-unknown-linux-gnu, commit 6caaee842e94, Release)
Checked 4 real kinematic claims with Lean (version 4.19.0, x86_64-unknown-linux-gnu, commit 6caaee842e94, Release)
Freshly compiled 5 material contracts with Lean (version 4.19.0, x86_64-unknown-linux-gnu, commit 6caaee842e94, Release)
Freshly compiled 8 additional Real declarations
Built single-source Markdown and portable HTML in education/dist
