START coarse-1.01
ASSEMBLED coarse-1.01
CHECKED coarse-1.01 continuousP1 NEGATIVE_FROZEN_STATIONARY_DIRECTION rank 20 / 20 lambda -32.2354364886245
CHECKED coarse-1.01 brokenP1 POSITIVE_FROZEN_FULL_SPECTRUM rank 86 / 96 lambda 2.1719289853385275
CHECKED coarse-1.01 pointwise POSITIVE_FROZEN_FULL_SPECTRUM rank 86 / 6144 lambda 2.1719289853446213
START coarse-1.25
ASSEMBLED coarse-1.25
CHECKED coarse-1.25 continuousP1 NEGATIVE_FROZEN_STATIONARY_DIRECTION rank 20 / 20 lambda -9477.446661727425
CHECKED coarse-1.25 brokenP1 NEGATIVE_FROZEN_STATIONARY_DIRECTION rank 86 / 96 lambda -4991.552805406673
CHECKED coarse-1.25 pointwise NEGATIVE_FROZEN_STATIONARY_DIRECTION rank 86 / 6144 lambda -4991.552805406655
START fine-1.01
ASSEMBLED fine-1.01
CHECKED fine-1.01 continuousP1 NEGATIVE_FROZEN_STATIONARY_DIRECTION rank 81 / 81 lambda -27.953658509900215
CHECKED fine-1.01 brokenP1 POSITIVE_FROZEN_FULL_SPECTRUM rank 632 / 768 lambda 0.3640333530899791
CHECKED fine-1.01 pointwise POSITIVE_FROZEN_FULL_SPECTRUM rank 632 / 49152 lambda 0.3640333530946653
START fine-1.25
ASSEMBLED fine-1.25
CHECKED fine-1.25 continuousP1 UNQUALIFIED_OPERATOR_CHECK_FAILURE rank 81 / 81 lambda -6705.236024163507
CHECKED fine-1.25 brokenP1 UNQUALIFIED_OPERATOR_CHECK_FAILURE rank 632 / 768 lambda -4127.585677869137
CHECKED fine-1.25 pointwise UNQUALIFIED_OPERATOR_CHECK_FAILURE rank 632 / 49152 lambda -4127.585677869138
COMPLETE elapsed 106.81429529190063
