{"run": "R2.4-nodes200-pCa4.5-delta0.001-maxstep0.001", "weightedInitialRHSL1": 5.095772357680731e-15}
{"run": "R2.4-nodes200-pCa4.5-delta0.001-maxstep0.0005", "weightedInitialRHSL1": 5.095772357680731e-15}
{"run": "R2.4-nodes200-pCa4.5-delta-0.001-maxstep0.001", "weightedInitialRHSL1": 5.095772357680731e-15}
{"run": "R2.4-nodes200-pCa4.5-delta-0.001-maxstep0.0005", "weightedInitialRHSL1": 5.095772357680731e-15}
{"run": "R2.4-nodes200-pCa4.5-delta0.0005-maxstep0.001", "weightedInitialRHSL1": 5.095772357680731e-15}
{"run": "R2.4-nodes200-pCa4.5-delta0.0005-maxstep0.0005", "weightedInitialRHSL1": 5.095772357680731e-15}
{"run": "R2.4-nodes200-pCa4.5-delta-0.0005-maxstep0.001", "weightedInitialRHSL1": 5.095772357680731e-15}
{"run": "R2.4-nodes200-pCa4.5-delta-0.0005-maxstep0.0005", "weightedInitialRHSL1": 5.095772357680731e-15}
{"run": "R2.4-nodes200-pCa6.1-delta0.001-maxstep0.001", "weightedInitialRHSL1": 4.473240148135476e-15}
{"run": "R2.4-nodes200-pCa6.1-delta0.001-maxstep0.0005", "weightedInitialRHSL1": 4.473240148135476e-15}
{"run": "R2.4-nodes200-pCa6.1-delta-0.001-maxstep0.001", "weightedInitialRHSL1": 4.473240148135476e-15}
{"run": "R2.4-nodes200-pCa6.1-delta-0.001-maxstep0.0005", "weightedInitialRHSL1": 4.473240148135476e-15}
{"run": "R2.4-nodes200-pCa6.1-delta0.0005-maxstep0.001", "weightedInitialRHSL1": 4.473240148135476e-15}
{"run": "R2.4-nodes200-pCa6.1-delta0.0005-maxstep0.0005", "weightedInitialRHSL1": 4.473240148135476e-15}
{"run": "R2.4-nodes200-pCa6.1-delta-0.0005-maxstep0.001", "weightedInitialRHSL1": 4.473240148135476e-15}
{"run": "R2.4-nodes200-pCa6.1-delta-0.0005-maxstep0.0005", "weightedInitialRHSL1": 4.473240148135476e-15}
{"run": "R2.4-nodes400-pCa4.5-delta0.001-maxstep0.001", "weightedInitialRHSL1": 4.906446656999769e-15}
{"run": "R2.4-nodes400-pCa4.5-delta0.001-maxstep0.0005", "weightedInitialRHSL1": 4.906446656999769e-15}
{"run": "R2.4-nodes400-pCa4.5-delta-0.001-maxstep0.001", "weightedInitialRHSL1": 4.906446656999769e-15}
{"run": "R2.4-nodes400-pCa4.5-delta-0.001-maxstep0.0005", "weightedInitialRHSL1": 4.906446656999769e-15}
{"run": "R2.4-nodes400-pCa4.5-delta0.0005-maxstep0.001", "weightedInitialRHSL1": 4.906446656999769e-15}
{"run": "R2.4-nodes400-pCa4.5-delta0.0005-maxstep0.0005", "weightedInitialRHSL1": 4.906446656999769e-15}
{"run": "R2.4-nodes400-pCa4.5-delta-0.0005-maxstep0.001", "weightedInitialRHSL1": 4.906446656999769e-15}
{"run": "R2.4-nodes400-pCa4.5-delta-0.0005-maxstep0.0005", "weightedInitialRHSL1": 4.906446656999769e-15}
{"run": "R2.4-nodes400-pCa6.1-delta0.001-maxstep0.001", "weightedInitialRHSL1": 4.842055932299748e-15}
{"run": "R2.4-nodes400-pCa6.1-delta0.001-maxstep0.0005", "weightedInitialRHSL1": 4.842055932299748e-15}
{"run": "R2.4-nodes400-pCa6.1-delta-0.001-maxstep0.001", "weightedInitialRHSL1": 4.842055932299748e-15}
{"run": "R2.4-nodes400-pCa6.1-delta-0.001-maxstep0.0005", "weightedInitialRHSL1": 4.842055932299748e-15}
{"run": "R2.4-nodes400-pCa6.1-delta0.0005-maxstep0.001", "weightedInitialRHSL1": 4.842055932299748e-15}
{"run": "R2.4-nodes400-pCa6.1-delta0.0005-maxstep0.0005", "weightedInitialRHSL1": 4.842055932299748e-15}
{"run": "R2.4-nodes400-pCa6.1-delta-0.0005-maxstep0.001", "weightedInitialRHSL1": 4.842055932299748e-15}
{"run": "R2.4-nodes400-pCa6.1-delta-0.0005-maxstep0.0005", "weightedInitialRHSL1": 4.842055932299748e-15}
{"run": "R2.4-nodes800-pCa4.5-delta0.001-maxstep0.001", "weightedInitialRHSL1": 4.922330415382535e-15}
{"run": "R2.4-nodes800-pCa4.5-delta0.001-maxstep0.0005", "weightedInitialRHSL1": 4.922330415382535e-15}
{"run": "R2.4-nodes800-pCa4.5-delta-0.001-maxstep0.001", "weightedInitialRHSL1": 4.922330415382535e-15}
{"run": "R2.4-nodes800-pCa4.5-delta-0.001-maxstep0.0005", "weightedInitialRHSL1": 4.922330415382535e-15}
{"run": "R2.4-nodes800-pCa4.5-delta0.0005-maxstep0.001", "weightedInitialRHSL1": 4.922330415382535e-15}
{"run": "R2.4-nodes800-pCa4.5-delta0.0005-maxstep0.0005", "weightedInitialRHSL1": 4.922330415382535e-15}
{"run": "R2.4-nodes800-pCa4.5-delta-0.0005-maxstep0.001", "weightedInitialRHSL1": 4.922330415382535e-15}
{"run": "R2.4-nodes800-pCa4.5-delta-0.0005-maxstep0.0005", "weightedInitialRHSL1": 4.922330415382535e-15}
{"run": "R2.4-nodes800-pCa6.1-delta0.001-maxstep0.001", "weightedInitialRHSL1": 2.025132739522658e-15}
{"run": "R2.4-nodes800-pCa6.1-delta0.001-maxstep0.0005", "weightedInitialRHSL1": 2.025132739522658e-15}
{"run": "R2.4-nodes800-pCa6.1-delta-0.001-maxstep0.001", "weightedInitialRHSL1": 2.025132739522658e-15}
{"run": "R2.4-nodes800-pCa6.1-delta-0.001-maxstep0.0005", "weightedInitialRHSL1": 2.025132739522658e-15}
{"run": "R2.4-nodes800-pCa6.1-delta0.0005-maxstep0.001", "weightedInitialRHSL1": 2.025132739522658e-15}
{"run": "R2.4-nodes800-pCa6.1-delta0.0005-maxstep0.0005", "weightedInitialRHSL1": 2.025132739522658e-15}
{"run": "R2.4-nodes800-pCa6.1-delta-0.0005-maxstep0.001", "weightedInitialRHSL1": 2.025132739522658e-15}
{"run": "R2.4-nodes800-pCa6.1-delta-0.0005-maxstep0.0005", "weightedInitialRHSL1": 2.025132739522658e-15}
{"run": "R3-nodes200-pCa4.5-delta0.001-maxstep0.001", "weightedInitialRHSL1": 1.2692618427201317e-15}
{"run": "R3-nodes200-pCa4.5-delta0.001-maxstep0.0005", "weightedInitialRHSL1": 1.2692618427201317e-15}
{"run": "R3-nodes200-pCa4.5-delta-0.001-maxstep0.001", "weightedInitialRHSL1": 1.2692618427201317e-15}
{"run": "R3-nodes200-pCa4.5-delta-0.001-maxstep0.0005", "weightedInitialRHSL1": 1.2692618427201317e-15}
{"run": "R3-nodes200-pCa4.5-delta0.0005-maxstep0.001", "weightedInitialRHSL1": 1.2692618427201317e-15}
{"run": "R3-nodes200-pCa4.5-delta0.0005-maxstep0.0005", "weightedInitialRHSL1": 1.2692618427201317e-15}
{"run": "R3-nodes200-pCa4.5-delta-0.0005-maxstep0.001", "weightedInitialRHSL1": 1.2692618427201317e-15}
{"run": "R3-nodes200-pCa4.5-delta-0.0005-maxstep0.0005", "weightedInitialRHSL1": 1.2692618427201317e-15}
{"run": "R3-nodes200-pCa6.1-delta0.001-maxstep0.001", "weightedInitialRHSL1": 6.599437675173655e-15}
{"run": "R3-nodes200-pCa6.1-delta0.001-maxstep0.0005", "weightedInitialRHSL1": 6.599437675173655e-15}
{"run": "R3-nodes200-pCa6.1-delta-0.001-maxstep0.001", "weightedInitialRHSL1": 6.599437675173655e-15}
{"run": "R3-nodes200-pCa6.1-delta-0.001-maxstep0.0005", "weightedInitialRHSL1": 6.599437675173655e-15}
{"run": "R3-nodes200-pCa6.1-delta0.0005-maxstep0.001", "weightedInitialRHSL1": 6.599437675173655e-15}
{"run": "R3-nodes200-pCa6.1-delta0.0005-maxstep0.0005", "weightedInitialRHSL1": 6.599437675173655e-15}
{"run": "R3-nodes200-pCa6.1-delta-0.0005-maxstep0.001", "weightedInitialRHSL1": 6.599437675173655e-15}
{"run": "R3-nodes200-pCa6.1-delta-0.0005-maxstep0.0005", "weightedInitialRHSL1": 6.599437675173655e-15}
{"run": "R3-nodes400-pCa4.5-delta0.001-maxstep0.001", "weightedInitialRHSL1": 7.531011693961687e-16}
{"run": "R3-nodes400-pCa4.5-delta0.001-maxstep0.0005", "weightedInitialRHSL1": 7.531011693961687e-16}
{"run": "R3-nodes400-pCa4.5-delta-0.001-maxstep0.001", "weightedInitialRHSL1": 7.531011693961687e-16}
{"run": "R3-nodes400-pCa4.5-delta-0.001-maxstep0.0005", "weightedInitialRHSL1": 7.531011693961687e-16}
{"run": "R3-nodes400-pCa4.5-delta0.0005-maxstep0.001", "weightedInitialRHSL1": 7.531011693961687e-16}
{"run": "R3-nodes400-pCa4.5-delta0.0005-maxstep0.0005", "weightedInitialRHSL1": 7.531011693961687e-16}
{"run": "R3-nodes400-pCa4.5-delta-0.0005-maxstep0.001", "weightedInitialRHSL1": 7.531011693961687e-16}
{"run": "R3-nodes400-pCa4.5-delta-0.0005-maxstep0.0005", "weightedInitialRHSL1": 7.531011693961687e-16}
{"run": "R3-nodes400-pCa6.1-delta0.001-maxstep0.001", "weightedInitialRHSL1": 2.490760745748865e-15}
{"run": "R3-nodes400-pCa6.1-delta0.001-maxstep0.0005", "weightedInitialRHSL1": 2.490760745748865e-15}
{"run": "R3-nodes400-pCa6.1-delta-0.001-maxstep0.001", "weightedInitialRHSL1": 2.490760745748865e-15}
{"run": "R3-nodes400-pCa6.1-delta-0.001-maxstep0.0005", "weightedInitialRHSL1": 2.490760745748865e-15}
{"run": "R3-nodes400-pCa6.1-delta0.0005-maxstep0.001", "weightedInitialRHSL1": 2.490760745748865e-15}
{"run": "R3-nodes400-pCa6.1-delta0.0005-maxstep0.0005", "weightedInitialRHSL1": 2.490760745748865e-15}
{"run": "R3-nodes400-pCa6.1-delta-0.0005-maxstep0.001", "weightedInitialRHSL1": 2.490760745748865e-15}
{"run": "R3-nodes400-pCa6.1-delta-0.0005-maxstep0.0005", "weightedInitialRHSL1": 2.490760745748865e-15}
{"run": "R3-nodes800-pCa4.5-delta0.001-maxstep0.001", "weightedInitialRHSL1": 1.1445351037022366e-15}
{"run": "R3-nodes800-pCa4.5-delta0.001-maxstep0.0005", "weightedInitialRHSL1": 1.1445351037022366e-15}
{"run": "R3-nodes800-pCa4.5-delta-0.001-maxstep0.001", "weightedInitialRHSL1": 1.1445351037022366e-15}
{"run": "R3-nodes800-pCa4.5-delta-0.001-maxstep0.0005", "weightedInitialRHSL1": 1.1445351037022366e-15}
{"run": "R3-nodes800-pCa4.5-delta0.0005-maxstep0.001", "weightedInitialRHSL1": 1.1445351037022366e-15}
{"run": "R3-nodes800-pCa4.5-delta0.0005-maxstep0.0005", "weightedInitialRHSL1": 1.1445351037022366e-15}
{"run": "R3-nodes800-pCa4.5-delta-0.0005-maxstep0.001", "weightedInitialRHSL1": 1.1445351037022366e-15}
{"run": "R3-nodes800-pCa4.5-delta-0.0005-maxstep0.0005", "weightedInitialRHSL1": 1.1445351037022366e-15}
{"run": "R3-nodes800-pCa6.1-delta0.001-maxstep0.001", "weightedInitialRHSL1": 6.434706278292532e-16}
{"run": "R3-nodes800-pCa6.1-delta0.001-maxstep0.0005", "weightedInitialRHSL1": 6.434706278292532e-16}
{"run": "R3-nodes800-pCa6.1-delta-0.001-maxstep0.001", "weightedInitialRHSL1": 6.434706278292532e-16}
{"run": "R3-nodes800-pCa6.1-delta-0.001-maxstep0.0005", "weightedInitialRHSL1": 6.434706278292532e-16}
{"run": "R3-nodes800-pCa6.1-delta0.0005-maxstep0.001", "weightedInitialRHSL1": 6.434706278292532e-16}
{"run": "R3-nodes800-pCa6.1-delta0.0005-maxstep0.0005", "weightedInitialRHSL1": 6.434706278292532e-16}
{"run": "R3-nodes800-pCa6.1-delta-0.0005-maxstep0.001", "weightedInitialRHSL1": 6.434706278292532e-16}
{"run": "R3-nodes800-pCa6.1-delta-0.0005-maxstep0.0005", "weightedInitialRHSL1": 6.434706278292532e-16}
{"result": "PASS_CONTINUUM_QUADRATURE_TIME_AND_TRANSLATION_GATES", "completedRuns": 96, "failure": null}
