
> kenoma-education@0.1.0 test:mobile
> python3 tests/mobile_startup.py

{
  "status": "passed",
  "scope": "Pixel 7 touch emulation with default headless Chromium; not physical Android/WebView evidence",
  "startup_draws": {
    "force": {
      "available": true,
      "lost": false,
      "width": 543,
      "height": 450,
      "unique_colors": 1169,
      "vivid_geometry_pixels": 1984,
      "sha256": "78f662443ab397dd424d6722eb464c2e24b2c79df96fb3d79ab035bd1e2efd00"
    },
    "torque": {
      "available": true,
      "lost": false,
      "width": 543,
      "height": 450,
      "unique_colors": 1926,
      "vivid_geometry_pixels": 5233,
      "sha256": "36877c4c632af8429131a81a087a46dbda64fbe8a0a6a2cfe0b3df67d1b1ea55"
    },
    "energy": {
      "available": true,
      "lost": false,
      "width": 543,
      "height": 450,
      "unique_colors": 1849,
      "vivid_geometry_pixels": 2103,
      "sha256": "dfe50202182f95f780f6c61cb982173a767826a87668e77b6aec02316bc248c9"
    },
    "elbow": {
      "available": true,
      "lost": false,
      "width": 543,
      "height": 450,
      "unique_colors": 4039,
      "vivid_geometry_pixels": 9452,
      "sha256": "9e745e1d8b4f6928fbdd5a47425a99993ea257f5c218c992d5112014148fd7c7"
    },
    "series": {
      "available": true,
      "lost": false,
      "width": 543,
      "height": 450,
      "unique_colors": 8300,
      "vivid_geometry_pixels": 39091,
      "sha256": "dec7fd748f00261f30cecbda92f41d49789cd2cc135feceb7c4733fbfafdad93"
    },
    "continuum": {
      "available": true,
      "lost": false,
      "width": 543,
      "height": 630,
      "unique_colors": 1822,
      "vivid_geometry_pixels": 64560,
      "sha256": "6b815f4f10d9dfa78a137b7e7fe30a302c8eca2bbba3dd0879da14818b63ae43"
    },
    "spatial": {
      "available": true,
      "lost": false,
      "width": 543,
      "height": 630,
      "unique_colors": 23192,
      "vivid_geometry_pixels": 97718,
      "sha256": "fffd7099424c217e2d45cd98421516f77be5ad79b47b6825e8c3ff9599626aa8"
    },
    "atlas": {
      "available": true,
      "lost": false,
      "width": 543,
      "height": 540,
      "unique_colors": 7498,
      "vivid_geometry_pixels": 54134,
      "sha256": "4ddc6862721b61ece48eba3834f63b74525183a364b0f07f01c7d650cfc8c31e"
    }
  },
  "fault_tests": [
    "Actual WebGL context loss exposes visible diagnostics, preserves static alternative and recovers on Retry without a download",
    "Injected post-context draw failure produces in-viewport diagnostics and Retry restores real drawn geometry",
    "Unavailable WebGL in all seven labs gives prominent in-viewport error plus functional numerical controls, explicitly without 3D"
  ],
  "executable_outputs_sha256": "9bbe298e3983be3757e65b5091afc2d91c8c86f2678796cb258014870439652e",
  "browser": "151.0.7922.173",
  "downloads_on_start": [],
  "html_sha256": "79c53673be10ec66b242a586613378edb3847d362b6d6895830a82c0eb00dff7",
  "app_sha256": "bbb012a9380fe583049df7abe87164f65ef18077d0220c60811212af737f3473"
}
