PASS 67 packet artifact/source hashes
PASS verified 08f5f3b7fd4b987d3f049c13fdf4338bfaa2928e is an ancestor; distinct author branch
PASS 1913 baseline Git blobs byte-identical to b1689d07e12dd6ea0c061f99f8804067e480901a
PASS source/protocol committed and pushed before real-case prefix matrix
PASS nine corrected preflight tests; initial unmatched-excitation failure/source retained
NOTE preflight includes high-equilibrium serialization and injected failure/kernel checks
PASS 24 declared control/split prefixes reach .107s without physical failures
PASS 24 force/work/impulse/actual dense quadrature and event replay audits
PASS 12 split restarts retain all eleven accepted coordinates; no projection/reset
PASS RK crossing-step remainders end at original trial endpoint then rejoin original lattice
PASS 34062 accepted polynomials retained; 2568 grid and 24 event states replayed to 1e-12
PASS 324 directional records covering 276 unique pairs plus 12 original controls
PASS 672 window tables / 4704 maxima, signed witnesses and exact margins independently recomputed
PASS all 128 crossing-step tables reproduced from actual accepted polynomials
PASS all 28 pairs among eight adaptive references retain unchanged gates
PASS all 66 split-policy pairs pass original gates in both windows; literal propagation failure retained
PASS refinement ratios reported without claiming fourth-order convergence
PASS literal controls exactly reproduce original states through .106; adaptive .107 bound effects retained
PASS 1913 original files, ordinary implementation, activation laws, gains and acceptance gates unchanged
PASS root targets reached within 30 <=32 bisections; velocity limit remains64; no failed-step retry
PASS original SciPy dense implementation hashes unchanged; PNG inspected and SVG parsed
PASS no ordinary/sliding acceptance, book/Lean/protected-file changes or anatomical/production adoption
FROZEN SOURCE d54020fb3e05a3cc770036483392c94292c172dc
FROZEN TREE f5377333181ffb6b7e03eb007718da47e0a5caad
RAW SOURCE 88823764304f3902d12d185a6e8b11aa92b7df2a
RAW TREE 9c6e92550987a2b36c06478ed5301e0729428a58
PROTOCOL SHA256 de11d380272e109c05a1d7a3045ee40689dcb2c7c42c39d743a4b445d561b948
