baseline coarse completed 0.2999999999999945 met
baseline fine completed 0.2999999999999807 met
pulse coarse completed 0.2999999999999945 missed
pulse fine completed 0.29999999999999244 missed
lower coarse completed 0.2999999999999945 met
lower fine completed 0.2999999999999813 met
release coarse completed 0.2999999999999945 not-applicable
release fine completed 0.2999999999999807 not-applicable
high coarse stopped-at-unqualified-or-failed-trial 0.17040000000000002 missed
high fine stopped-at-unqualified-or-failed-trial 0.170399999999995 missed
mass-025 coarse completed 0.2999999999999945 missed
mass-025 fine completed 0.2999999999999807 missed
mass-05 coarse completed 0.2999999999999945 missed
mass-05 fine completed 0.2999999999999807 missed
mass-1 coarse completed 0.2999999999999945 missed
mass-1 fine completed 0.2999999999999807 missed
desc-fixed-plus coarse completed 0.15 not-applicable
desc-fixed-plus fine completed 0.14999999999999725 not-applicable
desc-fixed-minus coarse completed 0.15 not-applicable
desc-fixed-minus fine completed 0.14999999999999725 not-applicable
desc-pi-plus coarse completed 0.15 met
desc-pi-plus fine completed 0.14999999999999725 met
desc-pi-minus coarse completed 0.15 met
desc-pi-minus fine completed 0.14999999999999725 met
