PASS: current Real-card render evidence
PASS: current Real-card render evidence
{
  "result": "PASS_FIVE_REAL_RENDER_NEGATIVE_CONTROLS",
  "source_revision": "283e0adc51473e95a5cbff46b6a40c87fdd166c5",
  "cases": [
    {
      "case": "false mobile overflow",
      "result": "REJECTED",
      "reason": ""
    },
    {
      "case": "missing claim coverage",
      "result": "REJECTED",
      "reason": ""
    },
    {
      "case": "stale PDF digest",
      "result": "REJECTED",
      "reason": "Stale Real render binding: kenoma-mechanics.pdf"
    },
    {
      "case": "missing source continuation",
      "result": "REJECTED",
      "reason": "Incomplete Real source continuation captures"
    },
    {
      "case": "changed PNG bytes",
      "result": "REJECTED",
      "reason": "Changed Real render image: desktop-material-real-confined-volume.png"
    }
  ]
}
