
> kenoma-education@0.1.0 test
> node --test tests/*.test.mjs contributions/continuum_reference/tests/*.test.mjs

✔ conforming tetrahedral volume, outward faces, exact total lumped mass (52.943225ms)
✔ unit tetrahedron matches independently written tensor strain energy and gradients (2.683516ms)
✔ six infinitesimal rigid modes vanish; a finite rotation is outside this model (7.656535ms)
✔ affine patch: displacement, constant stress, signed support and half-ramp work (159.080689ms)
✔ quadratic manufactured load is independent of FEM: divergence, surface resultants, refinement (1536.117714ms)
✔ PCG implicit solve agrees with pivoted dense elimination; failed tolerance stays failed (2.100761ms)
✔ six compliant strain modes reproduce full element energy, including shear (4.329324ms)
✔ XPBD finite iteration error decreases to the matched implicit solution; reset is deterministic (53.81925ms)
✔ finite sweeps depend on timestep; convergence matches target at each step size (42.434122ms)
✔ implicit force signs and backward-Euler work/dissipation balance for nonzero initial state (10.881893ms)
✔ zero forces and invalid domains are explicit (2.76002ms)
✔ complete joint/tissue potential gradient and analytic Hessian match independent differences (114.180843ms)
✔ accepted coupling lifts from actual tissue traction, release lowers activation, torque balances inertia (977.760267ms)
✔ mass changes preserve all dynamic/tissue state and alter only recorded external energy and future coupling (343.542157ms)
✔ closest source triangle coordinates reconstruct projection at face, edge and vertex (1.06679ms)
✔ closed tetrahedron query distinguishes containment and outside, with independent signed-distance gradient (2.158879ms)
✔ Positive quadratic quadrature and shape reproduce partition, reference volume and polynomial moments (10.897637ms)
✔ Quadratic element gradients match independent differences including displaced midside nodes (75.546931ms)
✔ Isoparametric reference midside geometry has exactly zero passive rest stress (1.072208ms)
✔ Finite rotation produces no passive force and rejected orientation is explicit (0.680091ms)
✔ fixed-end actual P2 block carries active traction once, without passive storage (30.976706ms)
✔ same actual P2 block shortens freely and retains greater length against dead load (1688.519403ms)
✔ actual rotating tendon map matches independent energy gradient and power (0.981412ms)
✔ slack tendon produces no attachment torque; fixed anchor has no joint work (0.184727ms)
✔ original atlas SHA, triangle/barycentric picks, shared right-handed frame and bind pose (2.431087ms)
✔ three distinct source bones and seven closed consistently glued positive P2 belly meshes (401.745312ms)
✔ named attachment patches reconstruct actual original atlas triangles without per-part transforms (2.082855ms)
✔ distributed patches have actual areas, normalized weights and connected source edges; candidate sides and broad origins stay explicit (24.602263ms)
✔ Authored finite-strain passive/active stress is the independent central-difference potential derivative (5.25337ms)
✔ Finite rigid rotations preserve energy and rotate first Piola stress objectively (0.428763ms)
✔ Active axial traction, supported force-length interval and potential are separate from passive storage (0.183896ms)
✔ Tensile tendon has consistent energy, slack and continuous toe stress/tangent (0.309835ms)
✔ Invalid/inverted material states fail rather than yield plausible stresses (0.301071ms)
✔ reference Cholesky preconditioner solves its exact assembled SPD operator (8.823996ms)
✔ Newton preserves the same P2 objective and residual tolerance and reproduces loaded length (451.692064ms)
✔ step-aware damping reaches the independent exponential-potential minimum after steep rejected trials (0.64656ms)
✔ every objective call is counted including rejected determinant/domain trials (1.652689ms)
✔ analytic material tangent matches independent Piola differences and Hessian symmetry (8.211118ms)
✔ P2 analytic tangent includes midside variations and matches full element gradient difference (12.430436ms)
✔ actual source heads meet two mechanically shared free apparatuses with distributed source insertion faces (1.422003ms)
✔ apparatus gradient, nonlinear attachment Hessian and B transpose tissue torque agree with independent differences (3539.85649ms)
✔ actual anatomical point-mass event preserves mechanical state and uses upward-positive external energy (3.765218ms)
✔ failed actual anatomical nonlinear step retains activation, effort, pose, velocity, tissue and time (9974.470458ms)
✔ Exact P2 Bernstein coefficients certify affine orientation and detect reversal (17.701452ms)
✔ Cubic Bernstein reconstruction agrees with an independent curved P2 Jacobian (0.494432ms)
✔ An unresolved or inverted curved element cannot receive a positive certificate (1.091667ms)
✔ Exact signs survive determinant underflow and signed zero in the stored coordinates (0.494341ms)
✔ naive weighting uses identical source coordinates at bind and its gradient matches the independent full P2 interpolation (59.167962ms)
✔ full fibre stretch gives an active mean stress while the isochoric matrix has zero trace (1.496885ms)
✔ dilation energy derivative independently checks the mean Cauchy stress identity (0.516325ms)
✔ nested positive diagnostic rules retain the existing 4/32 rules and reference measure (46.215524ms)
✔ independent P2 integration reproduces affine material energy and nodal energy derivatives (145.260983ms)
✔ half/double bulk diagnostic is exact at fixed geometry and retains the original force gate (494.851702ms)
✔ actual compressed loading pose retains the independent original P2 energy, gradient and determinant (787.816654ms)
✔ symmetric actual-head contact has balanced action/reaction and nonnegative declared Gauss-Newton tangent (1447.288634ms)
✔ source-bone pose derivative and actual-head contact gradient match independent energy differences (55798.5912ms)
✔ active-feature contact Hessian includes deforming closest surfaces and rotating bone acceleration (10078.951346ms)
✔ co-moving tendon guides and bone sum every repeated joint column in fallback torque (10.078345ms)
✔ face, edge and vertex contact differentials include triangle motion and agree with independent second differences (8.67473ms)
✔ simplex contact envelope is conservative, isolated-feature exact and permutation invariant (0.4802ms)
✔ exact leg witnesses expose a narrow entry/exit interval missed by all five samples (3.329883ms)
✔ interior and shared-edge material cuts conserve area with positive children (0.378277ms)
✔ archived force-converged rest exposes its 135 micron humeral tendon interval to the new rule (8622.0552ms)
✔ force-converged loaded muscle/muscle crossings missed by every sample become active witnesses (8657.935688ms)
✔ loaded: saved sampled-clear muscle/bone and tendon/bone failures become active contact (18749.512687ms)
✔ quarter: saved sampled-clear muscle/bone and tendon/bone failures become active contact (19034.116819ms)
✔ frozen witness quadrature retains analytic gradient and Hessian including moving-bone/tendon contact (15820.996141ms)
✔ saved loaded closest-face corner has conservative smooth energy derivatives at the original collision gates (39799.58257ms)
✔ saved cold-load edge transition preserves continuous energy and its gradient (33467.712962ms)
✔ dense replay rejects inconsistent held joint coordinates despite accepted flags (11840.969527ms)
✔ dense replay rejects invalid accepted-state time advancement (28538.179209ms)
✔ dense reduced body agrees with independent full P2 assembly at a compressed nonlinear pose (48.314393ms)
✔ dense body energy gradient and Hessian pass directional differences at actual compression (25.070641ms)
✔ zero enrichment exactly reproduces the original dense potential, positions and retained gradients (10831.860409ms)
✔ new apparatus/contact force coefficients agree with independent energy directional differences (47983.66745ms)
✔ enriched body force assembly agrees with independent full P2 nodal gradients (3319.942457ms)
✔ enriched analytic body Hessian passes directional differences and symmetry (144.776387ms)
✔ rotation search remainder rotates the extra nodal vector modes consistently (9.27522ms)
✔ 2048-point subdivision has positive weights and exact polynomial moments (14.708739ms)
✔ further positive rule preserves reference volume and affine energy/full nodal forces (110.942602ms)
✔ closed material tensor matches independently implemented directional tangent in a nontrivial active state (1.422103ms)
✔ restricted atlas P2 field retains the original element potential and gradient, including midside DOF (180.727674ms)
✔ excluded nodal direction has unit norm and is orthogonal to every retained displacement column (26.407574ms)
✔ nodal potential probe reproduces actual reduced displacement of body, sheets, apparatus and contact (11106.425804ms)
✔ standalone finer replay rejects a cached primary check with a changed verifier digest (941.513013ms)
✔ derived repair clears finite bone gates without changing source bones or reference tissue volume (228.986111ms)
✔ exclusive triceps ownership retains all candidate faces and positive normalized source areas (2.168472ms)
✔ radial apposition receipts expose the substantial candidate gap across every tested pose (6.28818ms)
✔ held rest rejects scalar advancement even when its saved coordinates are unchanged (1.53368ms)
✔ model matching requires all distinct heads, prescribed end rings and finite force targets (1.698988ms)
✔ accepted dense, bulk and enriched comparison candidates retain the old finite mass (163.623163ms)
✔ coarse completion and interrupted fine prefixes require nonempty matching coverage (1155.915025ms)
✔ dense rejected attempts require the original schedule, finite residual and explicit rollback (6471.709962ms)
✔ new continuation rejects stale source digests and corrupted accepted state lineage (1797.108637ms)
✔ recorded-source transition preserves exact prior contact bytes and rejects unknown hashes (2.501441ms)
✔ exact global rigid rotations remain in each repaired Galerkin space and preserve the unchanged material energy, J and fibre stretch (753.603613ms)
✔ Rodrigues correction has zero first derivative at zero and stable small-angle scaling (0.288072ms)
✔ all actual reference tendon paths clear source cortex and origin shifts respect recorded uncertainty (791.186711ms)
✔ segment audit detects interior crossing and containment without treating source endpoints as crossings (1.04684ms)
✔ actual arm redraw disposes every owned dumbbell descendant once (8.813227ms)
✔ element stress field uses owning tetrahedra, retains discontinuities and matches independent uniaxial/shear invariants (23.994355ms)
✔ matched nodal error uses its actual target and a fixed common SI scale across sweeps (84.833007ms)
✔ oriented boundary measurement agrees with an independent affine prediction over translations and rotations (8.524064ms)
✔ rigid deformation has zero Green strain; volume-preserving shear still has strain (0.252578ms)
✔ determinant composition is checked numerically on nontrivial independent matrices (0.115073ms)
✔ inversion is rejected by signed boundary volume and deformation orientation (0.597005ms)
✔ isochoric construction preserves independently triangulated volume while area and length change (3.6739ms)
✔ elbow pulse retains selected inputs and evolved physical state; releases relative to current time (8.184024ms)
✔ series pulse retains selected inputs and evolved physical state; releases relative to current time (17.410351ms)
✔ spatial pulse retains selected inputs and evolved physical state; releases relative to current time (10065.598789ms)
✔ failed 3D startup labels numerical-only stepping and does not retry every step (0.707131ms)
✔ elbow current row matches release/change before stepping and preserves completed history (5.393889ms)
✔ series current row matches release/change before stepping and preserves completed history (15.04956ms)
✔ activation exact transient, bounds and continuing release (1.030405ms)
✔ path derivative, force moment and virtual power agree independently (0.451687ms)
✔ gravity counted once and inertia include explicit point masses (1.229103ms)
✔ forward lift, delayed release, replay and refined work balance (10.063733ms)
✔ prescribed hold reports external motor and domain stop invents no impulse (0.976694ms)
✔ straight-path dead centre keeps zero angle despite developed tension, without a halt or nudge (1.409334ms)
✔ explicit h=0.005 actual controller reaches 12s, preserves every sample and measured maximum (31.643216ms)
✔ symplectic h=0.005 actual controller reaches 12s, preserves every sample and measured maximum (13.244383ms)
✔ verlet h=0.005 actual controller reaches 12s, preserves every sample and measured maximum (12.317803ms)
✔ explicit h=0.01 actual controller reaches 12s, preserves every sample and measured maximum (4.078206ms)
✔ symplectic h=0.01 actual controller reaches 12s, preserves every sample and measured maximum (4.889372ms)
✔ verlet h=0.01 actual controller reaches 12s, preserves every sample and measured maximum (2.911316ms)
✔ explicit h=0.02 actual controller reaches 12s, preserves every sample and measured maximum (1.637306ms)
✔ symplectic h=0.02 actual controller reaches 12s, preserves every sample and measured maximum (3.778777ms)
✔ verlet h=0.02 actual controller reaches 12s, preserves every sample and measured maximum (1.640821ms)
✔ explicit h=0.05 actual controller reaches 12s, preserves every sample and measured maximum (1.4731ms)
✔ symplectic h=0.05 actual controller reaches 12s, preserves every sample and measured maximum (1.977385ms)
✔ verlet h=0.05 actual controller reaches 12s, preserves every sample and measured maximum (0.679689ms)
✔ explicit h=0.1 actual controller reaches 12s, preserves every sample and measured maximum (0.288623ms)
✔ symplectic h=0.1 actual controller reaches 12s, preserves every sample and measured maximum (0.392749ms)
✔ verlet h=0.1 actual controller reaches 12s, preserves every sample and measured maximum (0.272539ms)
✔ batch pause/resume and single steps retain current trajectory; edit/reset start new trajectories (0.623495ms)
✔ paced Play uses chosen fixed h and bounded catch-up, with one redraw per frame (0.285399ms)
✔ duration bounds reject unsupported fractional, excessive or invalid step budgets (0.468562ms)
✔ energy derivatives give nominal stress, plate force and two lateral contributions (2.728322ms)
✔ bounded parameter sweep: independent equilibrium oracle, energies, SI geometry and wall KKT (12.200929ms)
✔ finite bulk differs from exact J=1 and confinement changes compression work and forces (0.421953ms)
✔ zero bulk isotropic collapse and weak-bulk pull-away are explicit counterexamples (0.667261ms)
✔ finite caps retain feasible geometry while exposing unconverged residuals, including near wall transition (0.555974ms)
✔ invalid domains, inversion, nonfinite candidates and positive-J wall penetration reject (1.012759ms)
✔ elastic load/unload and explicit default reset are history-free and deterministic (0.882854ms)
✔ force worked example and work-energy consistency across signed forces (1.32694ms)
✔ lever sign, zero moment arm and exact scaled worked example (0.267912ms)
✔ potential gradient gives the negative gravitational torque (0.161051ms)
✔ torque identities hold for a deterministic grid of integer inputs (1.324396ms)
✔ step/replay/reset gives identical sequences (13.654108ms)
✔ energy diagnostics distinguish unstable explicit from bounded symplectic and Verlet (2.305027ms)
✔ Verlet convergence against independent analytic oscillator (1.745137ms)
✔ invalid domains fail explicitly (0.52041ms)
✔ actual Y material-line stretch includes shear and is invariant to rotation/translation (2.069543ms)
✔ endpoint labels and narrow/wide geometry remain true when taper direction reverses (1.993359ms)
✔ rigid tendon/contact-off cumulatively retains Lab4 force–length, moments and energy over the full pose/activation domain (3.344266ms)
✔ compliant nonlinear equilibrium matches an independent tension-coordinate root and force–length law (2.281612ms)
✔ implicit fiber velocity matches differentiated equilibria including active length slope and activation input (1.376264ms)
✔ repaired law preserves fixed-end work balance, release lengthening, replay and trajectory refinement (66.522936ms)
✔ spatial hinge consumer uses the repaired shared law without adding spatial tissue force to the hinge (200.400505ms)
✔ series force equilibrium, length partition, slack and rigid limit (3.745467ms)
✔ fixed ends permit fiber shortening and tendon storage under activation (12.04803ms)
✔ active fiber power differs from skeletal power but obeys the full elastic balance (0.32004ms)
✔ hyperelastic stress independently matches energy gradients (0.18693ms)
✔ compression preserves most volume and satisfies free sides and ideal contact (0.327281ms)
✔ coupled pulse/release work balance refines and tissue feedback is explicit (47.840861ms)
✔ positive conforming authored mesh, closed separate membrane, correct SI reference volume (2.613419ms)
✔ volume gradient independently matches finite differences and has zero resultant (1.202283ms)
✔ complete edge/volume/membrane/tether/contact energy gradient matches central difference (61.771259ms)
✔ passive reference is zero energy; activation shortens spatial fibres with separate skin (688.357879ms)
✔ same-pose compression comparison, sampled contact improvement and iteration defect remain measurable (1794.375512ms)
✔ reported contact/support resultant equals the unresolved free gradient, not a hidden extra force (213.958685ms)
✔ skin-off ablation removes membrane and fascia energies; shape-off removes spatial actuator only (234.276829ms)
✔ deterministic reset, lift/release continuity and teaching domain halt (368.171683ms)
✔ compression control ablations preserve activation/pose and produce the named physical effect (31797.258618ms)
✔ parameter edits preserve evolved state, halt, accounting and counters; pose/hold edits enforce kinematics (3248.119611ms)
✔ linear taper midpoint integration converges to independently integrated log oracle (2.541123ms)
✔ equal-length two-area fixed-end active fixture: narrow +1/300, wide -1/300 (0.448403ms)
✔ large strain is exposed and invalid area or refinement rejected (0.899209ms)
✔ small-strain warning uses true endpoint extrema independently of midpoint display resolution (0.58653ms)
ℹ tests 179
ℹ suites 0
ℹ pass 179
ℹ fail 0
ℹ cancelled 0
ℹ skipped 0
ℹ todo 0
ℹ duration_ms 151319.350488
npm notice
npm notice New major version of npm available! 11.9.0 -> 12.2.0
npm notice Changelog: https://github.com/npm/cli/releases/tag/v12.2.0
npm notice To update run: npm install -g npm@12.2.0
npm notice
