{
  "schema": 1,
  "result": "PASS_PROPERTY_BOOK_RENDER_CAPTURE",
  "inspector_sha256": "da83ee75403e1219ea172f863f6eaf81db36b9035fc80b555f87caaf530e38c2",
  "html_sha256": "b199fb0f3a06ff3b96b586872a334646a826dcaf554d49298c20e005f1e1e158",
  "pdf_sha256": "a2bdcbf135ac07e074855e4e50818406fee12898c94797b00cb1f98135699346",
  "build_manifest_sha256": "afb844b80298c98ec9e0a64b777945b8c5ff809427da76fe224de4e6d04a2903",
  "browser": "151.0.7922.173",
  "views": [
    {
      "name": "desktop",
      "horizontalOverflow": false,
      "proofCards": 103
    },
    {
      "name": "mobile",
      "horizontalOverflow": false,
      "proofCards": 103
    }
  ],
  "page_errors": [],
  "pdf_pages": [
    {
      "page": 17,
      "phrases": [
        "Property lab 1"
      ],
      "image": "pdf-page-17.png"
    },
    {
      "page": 20,
      "phrases": [
        "Property lab 2"
      ],
      "image": "pdf-page-20.png"
    },
    {
      "page": 21,
      "phrases": [
        "Positive real axial stretch",
        "KenomaProperties.isochoric_sqrt_construction"
      ],
      "image": "pdf-page-21.png"
    },
    {
      "page": 22,
      "phrases": [
        "Property lab 3"
      ],
      "image": "pdf-page-22.png"
    },
    {
      "page": 178,
      "phrases": [
        "KenomaProperties.isochoric_sqrt_construction"
      ],
      "image": "pdf-page-178.png"
    },
    {
      "page": 179,
      "phrases": [
        "KenomaProperties.isochoric_sqrt_construction"
      ],
      "image": "pdf-page-179.png"
    }
  ],
  "scope": "Capture and layout evidence; manual appearance review is recorded separately. No biological or browser-arithmetic refinement proof."
}
PASS_FRESH_RENDER_RERUN_COVERAGE
