PASS: current Real-card render evidence
PASS: current Real-card render evidence
Traceback (most recent call last):
  File "/workspace/kenoma-pr8-print-negative-check.py", line 52, in <module>
    check(fixture)
  File "/workspace/kenoma-pr8-print-readability/education/tools/check_print_readability.py", line 340, in check
    actual = qualify(out)
             ^^^^^^^^^^^^
  File "/workspace/kenoma-pr8-print-readability/education/tools/check_print_readability.py", line 308, in qualify
    assert not errors, 'Print readability failed:\n' + '\n'.join(errors)
           ^^^^^^^^^^
AssertionError: Print readability failed:
theorem:Kenoma.force_pair_cancels: 9.000000 pt below 10 pt
theorem:Kenoma.MechanicsReal.force_pair_cancels: 9.000000 pt below 10 pt
theorem:Kenoma.torque_worked_example: 9.000000 pt below 10 pt
theorem:Kenoma.torque_linear: 9.000000 pt below 10 pt
theorem:Kenoma.MechanicsReal.torque_linear: 9.000000 pt below 10 pt
theorem:Kenoma.torque_origin_shift: 9.000000 pt below 10 pt
theorem:Kenoma.central_pair_torque: 9.000000 pt below 10 pt
theorem:Kenoma.kinetic_numerator_nonnegative: 9.000000 pt below 10 pt
theorem:KenomaProperties.edge_translation_invariant: 9.000000 pt below 10 pt
theorem:KenomaProperties.determinant_composition: 9.000000 pt below 10 pt
theorem:KenomaProperties.axial_determinant: 9.000000 pt below 10 pt
theorem:KenomaProperties.isochoric_sqrt_construction: 9.000000 pt below 10 pt
theorem:Kenoma.MaterialReal.confined_volume: 9.000000 pt below 10 pt
theorem:Kenoma.MaterialReal.finite_bulk_energy_nonnegative: 9.000000 pt below 10 pt
theorem:Kenoma.MaterialReal.positive_bulk_zero_energy: 9.000000 pt below 10 pt
theorem:Kenoma.MaterialReal.separated_wall_zero_reaction: 9.000000 pt below 10 pt
theorem:Kenoma.MaterialReal.lateral_virtual_work: 9.000000 pt below 10 pt
theorem:Kenoma.Material.confined_volume: 9.000000 pt below 10 pt
theorem:Kenoma.Material.finite_bulk_penalty_nonnegative: 9.000000 pt below 10 pt
theorem:Kenoma.Material.positive_bulk_zero_penalty: 9.000000 pt below 10 pt
theorem:Kenoma.Material.separated_wall_zero_reaction: 9.000000 pt below 10 pt
theorem:Kenoma.Material.lateral_virtual_work: 9.000000 pt below 10 pt
theorem:Kenoma.virtual_power_identity: 9.000000 pt below 10 pt
theorem:Kenoma.MechanicsReal.virtual_power_identity: 9.000000 pt below 10 pt
theorem:Kenoma.activation_weighted_bound: 9.000000 pt below 10 pt
theorem:Kenoma.ActuatorReal.activation_in_unit_interval: 9.000000 pt below 10 pt
theorem:Kenoma.ActuatorReal.activation_hasDerivAt: 9.000000 pt below 10 pt
theorem:Kenoma.ActuatorReal.active_force_bounds: 9.000000 pt below 10 pt
theorem:Kenoma.ActuatorReal.active_force_hasDerivAt: 9.000000 pt below 10 pt
theorem:Kenoma.ActuatorReal.gaussian_weighted_radius_bound: 9.000000 pt below 10 pt
theorem:Kenoma.ActuatorReal.active_slope_bound: 9.000000 pt below 10 pt
theorem:Kenoma.ActuatorReal.series_residual_strictMono: 9.000000 pt below 10 pt
theorem:Kenoma.ActuatorReal.series_equilibrium_unique: 9.000000 pt below 10 pt
theorem:Kenoma.ActuatorReal.series_equilibrium_exists: 9.000000 pt below 10 pt
theorem:Kenoma.ActuatorReal.series_positive_lower_endpoint: 9.000000 pt below 10 pt
theorem:Kenoma.ActuatorReal.series_denominator_positive: 9.000000 pt below 10 pt
theorem:Kenoma.compliant_denominator_positive: 9.000000 pt below 10 pt
theorem:Kenoma.element_gradient_resultant: 9.000000 pt below 10 pt
theorem:Kenoma.centroid_contact_power: 9.000000 pt below 10 pt
theorem:Kenoma.accepted_energy_nonincrease: 9.000000 pt below 10 pt
theorem:Kenoma.Coupled.quadratic_partition_numerator: 9.000000 pt below 10 pt
theorem:Kenoma.Coupled.tendon_toe_energy_numerator_nonnegative: 9.000000 pt below 10 pt
theorem:Kenoma.Anatomical.attachment_transpose_power: 9.000000 pt below 10 pt
theorem:Kenoma.Anatomical.paired_attachment_work: 9.000000 pt below 10 pt
theorem:Kenoma.Coupled.impulse_balance: 9.000000 pt below 10 pt
theorem:Kenoma.Coupled.kinetic_increment_identity: 9.000000 pt below 10 pt
theorem:Kenoma.Coupled.implicit_kinetic_work_balance: 9.000000 pt below 10 pt
theorem:Kenoma.Coupled.implicit_dissipation_numerator_nonnegative: 9.000000 pt below 10 pt
theorem:Kenoma.Coupled.mass_event_work_numerator: 9.000000 pt below 10 pt
theorem:Kenoma.Arm.shared_guide_force_balance: 9.000000 pt below 10 pt
theorem:Kenoma.Arm.upward_mass_event_work_numerator: 9.000000 pt below 10 pt
theorem:Kenoma.Arm.contact_partition_area_numerator: 9.000000 pt below 10 pt
theorem:Kenoma.Arm.conservative_contact_gap: 9.000000 pt below 10 pt
appendix:Mechanics.lean: 9.000000 pt below 10 pt
appendix:AnatomicalTransfer.lean: 9.000000 pt below 10 pt
appendix:CoupledMechanics.lean: 9.000000 pt below 10 pt
appendix:AnatomicalArm.lean: 9.000000 pt below 10 pt
appendix:ContinuumProperties.lean: 9.000000 pt below 10 pt
appendix:MaterialResponse.lean: 9.000000 pt below 10 pt
appendix:MaterialResponseReal.lean: 9.000000 pt below 10 pt
appendix:MechanicsReal.lean: 9.000000 pt below 10 pt
appendix:ActuatorConstitutiveReal.lean: 9.000000 pt below 10 pt

During handling of the above exception, another exception occurred:

Traceback (most recent call last):
  File "/workspace/kenoma-pr8-print-negative-check.py", line 55, in <module>
    assert 'actual PDF base text is below 10 pt' in str(error)
           ^^^^^^^^^^^^^^^^^^^^^^^^^^^^^^^^^^^^^^^^^^^^^^^^^^^
AssertionError
