
> kenoma-education@0.1.0 test
> node --test tests/*.test.mjs contributions/continuum_reference/tests/*.test.mjs

✔ conforming tetrahedral volume, outward faces, exact total lumped mass (31.858661ms)
✔ unit tetrahedron matches independently written tensor strain energy and gradients (3.985045ms)
✔ six infinitesimal rigid modes vanish; a finite rotation is outside this model (25.2136ms)
✔ affine patch: displacement, constant stress, signed support and half-ramp work (167.715484ms)
✔ quadratic manufactured load is independent of FEM: divergence, surface resultants, refinement (1825.707182ms)
✔ PCG implicit solve agrees with pivoted dense elimination; failed tolerance stays failed (1.438918ms)
✔ six compliant strain modes reproduce full element energy, including shear (2.97389ms)
✔ XPBD finite iteration error decreases to the matched implicit solution; reset is deterministic (56.26765ms)
✔ finite sweeps depend on timestep; convergence matches target at each step size (84.379427ms)
✔ implicit force signs and backward-Euler work/dissipation balance for nonzero initial state (14.344101ms)
✔ zero forces and invalid domains are explicit (2.646669ms)
✔ complete joint/tissue potential gradient and analytic Hessian match independent differences (99.748689ms)
✔ accepted coupling lifts from actual tissue traction, release lowers activation, torque balances inertia (880.561709ms)
✔ mass changes preserve all dynamic/tissue state and alter only recorded external energy and future coupling (528.439315ms)
✔ closest source triangle coordinates reconstruct projection at face, edge and vertex (1.012168ms)
✔ closed tetrahedron query distinguishes containment and outside, with independent signed-distance gradient (1.992849ms)
✔ Positive quadratic quadrature and shape reproduce partition, reference volume and polynomial moments (8.666957ms)
✔ Quadratic element gradients match independent differences including displaced midside nodes (52.550957ms)
✔ Isoparametric reference midside geometry has exactly zero passive rest stress (2.668302ms)
✔ Finite rotation produces no passive force and rejected orientation is explicit (0.668282ms)
✔ fixed-end actual P2 block carries active traction once, without passive storage (97.611229ms)
✔ same actual P2 block shortens freely and retains greater length against dead load (2022.506464ms)
✔ actual rotating tendon map matches independent energy gradient and power (1.013299ms)
✔ slack tendon produces no attachment torque; fixed anchor has no joint work (0.324146ms)
✔ original atlas SHA, triangle/barycentric picks, shared right-handed frame and bind pose (2.314591ms)
✔ three distinct source bones and seven closed consistently glued positive P2 belly meshes (405.199432ms)
✔ named attachment patches reconstruct actual original atlas triangles without per-part transforms (1.021432ms)
✔ distributed patches have actual areas, normalized weights and connected source edges; candidate sides and broad origins stay explicit (11.515228ms)
✔ Authored finite-strain passive/active stress is the independent central-difference potential derivative (7.058606ms)
✔ Finite rigid rotations preserve energy and rotate first Piola stress objectively (0.421031ms)
✔ Active axial traction, supported force-length interval and potential are separate from passive storage (0.225178ms)
✔ Tensile tendon has consistent energy, slack and continuous toe stress/tangent (0.724236ms)
✔ Invalid/inverted material states fail rather than yield plausible stresses (0.507682ms)
✔ reference Cholesky preconditioner solves its exact assembled SPD operator (36.428319ms)
✔ Newton preserves the same P2 objective and residual tolerance and reproduces loaded length (409.104001ms)
✔ step-aware damping reaches the independent exponential-potential minimum after steep rejected trials (0.588092ms)
✔ every objective call is counted including rejected determinant/domain trials (1.421532ms)
✔ analytic material tangent matches independent Piola differences and Hessian symmetry (3.628241ms)
✔ P2 analytic tangent includes midside variations and matches full element gradient difference (11.675149ms)
✔ actual source heads meet two mechanically shared free apparatuses with distributed source insertion faces (1.691156ms)
✔ apparatus gradient, nonlinear attachment Hessian and B transpose tissue torque agree with independent differences (5033.056024ms)
✔ actual anatomical point-mass event preserves mechanical state and uses upward-positive external energy (2.017085ms)
✔ failed actual anatomical nonlinear step retains activation, effort, pose, velocity, tissue and time (9222.765848ms)
✔ Exact P2 Bernstein coefficients certify affine orientation and detect reversal (21.771998ms)
✔ Cubic Bernstein reconstruction agrees with an independent curved P2 Jacobian (0.720551ms)
✔ An unresolved or inverted curved element cannot receive a positive certificate (2.808041ms)
✔ Exact signs survive determinant underflow and signed zero in the stored coordinates (2.297555ms)
✔ naive weighting uses identical source coordinates at bind and its gradient matches the independent full P2 interpolation (91.175229ms)
✔ full fibre stretch gives an active mean stress while the isochoric matrix has zero trace (1.824617ms)
✔ dilation energy derivative independently checks the mean Cauchy stress identity (0.483976ms)
✔ nested positive diagnostic rules retain the existing 4/32 rules and reference measure (12.071042ms)
✔ independent P2 integration reproduces affine material energy and nodal energy derivatives (146.116433ms)
✔ half/double bulk diagnostic is exact at fixed geometry and retains the original force gate (290.114079ms)
✔ actual compressed loading pose retains the independent original P2 energy, gradient and determinant (691.768295ms)
✔ symmetric actual-head contact has balanced action/reaction and nonnegative declared Gauss-Newton tangent (1711.088772ms)
✔ source-bone pose derivative and actual-head contact gradient match independent energy differences (41927.533975ms)
✔ active-feature contact Hessian includes deforming closest surfaces and rotating bone acceleration (7785.673318ms)
✔ co-moving tendon guides and bone sum every repeated joint column in fallback torque (7.467799ms)
✔ face, edge and vertex contact differentials include triangle motion and agree with independent second differences (7.176854ms)
✔ simplex contact envelope is conservative, isolated-feature exact and permutation invariant (0.606409ms)
✔ exact leg witnesses expose a narrow entry/exit interval missed by all five samples (2.735012ms)
✔ interior and shared-edge material cuts conserve area with positive children (0.336885ms)
✔ archived force-converged rest exposes its 135 micron humeral tendon interval to the new rule (7751.737485ms)
✔ force-converged loaded muscle/muscle crossings missed by every sample become active witnesses (7243.655284ms)
✔ loaded: saved sampled-clear muscle/bone and tendon/bone failures become active contact (13737.052787ms)
✔ quarter: saved sampled-clear muscle/bone and tendon/bone failures become active contact (14170.987202ms)
✔ frozen witness quadrature retains analytic gradient and Hessian including moving-bone/tendon contact (12638.008216ms)
✔ saved loaded closest-face corner has conservative smooth energy derivatives at the original collision gates (31865.771747ms)
✔ saved cold-load edge transition preserves continuous energy and its gradient (19659.163828ms)
✔ dense replay rejects inconsistent held joint coordinates despite accepted flags (9526.904952ms)
✔ dense replay rejects invalid accepted-state time advancement (20233.872483ms)
✔ dense reduced body agrees with independent full P2 assembly at a compressed nonlinear pose (23.230838ms)
✔ dense body energy gradient and Hessian pass directional differences at actual compression (25.8857ms)
✔ zero enrichment exactly reproduces the original dense potential, positions and retained gradients (9981.281781ms)
✔ new apparatus/contact force coefficients agree with independent energy directional differences (37448.20563ms)
✔ enriched body force assembly agrees with independent full P2 nodal gradients (1197.599563ms)
✔ enriched analytic body Hessian passes directional differences and symmetry (45.347055ms)
✔ rotation search remainder rotates the extra nodal vector modes consistently (3.843795ms)
✔ 2048-point subdivision has positive weights and exact polynomial moments (9.454639ms)
✔ further positive rule preserves reference volume and affine energy/full nodal forces (117.520773ms)
✔ closed material tensor matches independently implemented directional tangent in a nontrivial active state (1.565538ms)
✔ restricted atlas P2 field retains the original element potential and gradient, including midside DOF (144.992151ms)
✔ excluded nodal direction has unit norm and is orthogonal to every retained displacement column (22.413363ms)
✔ nodal potential probe reproduces actual reduced displacement of body, sheets, apparatus and contact (9923.553927ms)
✔ standalone finer replay rejects a cached primary check with a changed verifier digest (798.111933ms)
✔ derived repair clears finite bone gates without changing source bones or reference tissue volume (224.056579ms)
✔ exclusive triceps ownership retains all candidate faces and positive normalized source areas (2.241802ms)
✔ radial apposition receipts expose the substantial candidate gap across every tested pose (7.447939ms)
✔ held rest rejects scalar advancement even when its saved coordinates are unchanged (1.990014ms)
✔ model matching requires all distinct heads, prescribed end rings and finite force targets (2.704115ms)
✔ accepted dense, bulk and enriched comparison candidates retain the old finite mass (168.913454ms)
✔ coarse completion and interrupted fine prefixes require nonempty matching coverage (961.940277ms)
✔ dense rejected attempts require the original schedule, finite residual and explicit rollback (4926.647251ms)
✔ new continuation rejects stale source digests and corrupted accepted state lineage (1154.504248ms)
✔ recorded-source transition preserves exact prior contact bytes and rejects unknown hashes (1.752178ms)
✔ exact global rigid rotations remain in each repaired Galerkin space and preserve the unchanged material energy, J and fibre stretch (284.676456ms)
✔ Rodrigues correction has zero first derivative at zero and stable small-angle scaling (0.271077ms)
✔ all actual reference tendon paths clear source cortex and origin shifts respect recorded uncertainty (467.93093ms)
✔ segment audit detects interior crossing and containment without treating source endpoints as crossings (0.961642ms)
✔ actual arm redraw disposes every owned dumbbell descendant once (6.547288ms)
✔ element stress field uses owning tetrahedra, retains discontinuities and matches independent uniaxial/shear invariants (21.060313ms)
✔ matched nodal error uses its actual target and a fixed common SI scale across sweeps (42.920313ms)
✔ oriented boundary measurement agrees with an independent affine prediction over translations and rotations (6.008039ms)
✔ rigid deformation has zero Green strain; volume-preserving shear still has strain (0.284607ms)
✔ determinant composition is checked numerically on nontrivial independent matrices (0.116795ms)
✔ inversion is rejected by signed boundary volume and deformation orientation (0.838197ms)
✔ isochoric construction preserves independently triangulated volume while area and length change (1.129393ms)
✔ elbow pulse retains selected inputs and evolved physical state; releases relative to current time (5.818345ms)
✔ series pulse retains selected inputs and evolved physical state; releases relative to current time (13.306985ms)
✔ spatial pulse retains selected inputs and evolved physical state; releases relative to current time (7298.608889ms)
✔ failed 3D startup labels numerical-only stepping and does not retry every step (0.689243ms)
✔ elbow current row matches release/change before stepping and preserves completed history (7.735231ms)
✔ series current row matches release/change before stepping and preserves completed history (15.648658ms)
✔ activation exact transient, bounds and continuing release (0.950926ms)
✔ path derivative, force moment and virtual power agree independently (0.420851ms)
✔ gravity counted once and inertia include explicit point masses (0.789815ms)
✔ forward lift, delayed release, replay and refined work balance (7.125267ms)
✔ prescribed hold reports external motor and domain stop invents no impulse (0.318067ms)
✔ straight-path dead centre keeps zero angle despite developed tension, without a halt or nudge (1.124877ms)
✔ explicit h=0.005 actual controller reaches 12s, preserves every sample and measured maximum (14.085784ms)
✔ symplectic h=0.005 actual controller reaches 12s, preserves every sample and measured maximum (8.929622ms)
✔ verlet h=0.005 actual controller reaches 12s, preserves every sample and measured maximum (7.540879ms)
✔ explicit h=0.01 actual controller reaches 12s, preserves every sample and measured maximum (3.215552ms)
✔ symplectic h=0.01 actual controller reaches 12s, preserves every sample and measured maximum (3.548682ms)
✔ verlet h=0.01 actual controller reaches 12s, preserves every sample and measured maximum (2.054732ms)
✔ explicit h=0.02 actual controller reaches 12s, preserves every sample and measured maximum (1.361181ms)
✔ symplectic h=0.02 actual controller reaches 12s, preserves every sample and measured maximum (1.501051ms)
✔ verlet h=0.02 actual controller reaches 12s, preserves every sample and measured maximum (1.516865ms)
✔ explicit h=0.05 actual controller reaches 12s, preserves every sample and measured maximum (0.87992ms)
✔ symplectic h=0.05 actual controller reaches 12s, preserves every sample and measured maximum (1.40675ms)
✔ verlet h=0.05 actual controller reaches 12s, preserves every sample and measured maximum (0.596886ms)
✔ explicit h=0.1 actual controller reaches 12s, preserves every sample and measured maximum (0.361402ms)
✔ symplectic h=0.1 actual controller reaches 12s, preserves every sample and measured maximum (0.301271ms)
✔ verlet h=0.1 actual controller reaches 12s, preserves every sample and measured maximum (0.291317ms)
✔ batch pause/resume and single steps retain current trajectory; edit/reset start new trajectories (0.65983ms)
✔ paced Play uses chosen fixed h and bounded catch-up, with one redraw per frame (0.307441ms)
✔ duration bounds reject unsupported fractional, excessive or invalid step budgets (0.45373ms)
✔ energy derivatives give nominal stress, plate force and two lateral contributions (2.577055ms)
✔ bounded parameter sweep: independent equilibrium oracle, energies, SI geometry and wall KKT (8.687208ms)
✔ finite bulk differs from exact J=1 and confinement changes compression work and forces (0.235543ms)
✔ zero bulk isotropic collapse and weak-bulk pull-away are explicit counterexamples (0.205799ms)
✔ finite caps retain feasible geometry while exposing unconverged residuals, including near wall transition (0.416154ms)
✔ invalid domains, inversion, nonfinite candidates and positive-J wall penetration reject (0.743946ms)
✔ elastic load/unload and explicit default reset are history-free and deterministic (0.792008ms)
✔ force worked example and work-energy consistency across signed forces (1.457907ms)
✔ lever sign, zero moment arm and exact scaled worked example (0.264637ms)
✔ potential gradient gives the negative gravitational torque (0.176115ms)
✔ torque identities hold for a deterministic grid of integer inputs (4.197846ms)
✔ step/replay/reset gives identical sequences (8.020969ms)
✔ energy diagnostics distinguish unstable explicit from bounded symplectic and Verlet (2.992478ms)
✔ Verlet convergence against independent analytic oscillator (0.823695ms)
✔ invalid domains fail explicitly (0.525097ms)
✔ actual Y material-line stretch includes shear and is invariant to rotation/translation (1.756674ms)
✔ endpoint labels and narrow/wide geometry remain true when taper direction reverses (1.652408ms)
✔ rigid tendon/contact-off cumulatively retains Lab4 force–length, moments and energy over the full pose/activation domain (2.927991ms)
✔ compliant nonlinear equilibrium matches an independent tension-coordinate root and force–length law (2.69053ms)
✔ implicit fiber velocity matches differentiated equilibria including active length slope and activation input (1.544677ms)
✔ repaired law preserves fixed-end work balance, release lengthening, replay and trajectory refinement (39.940048ms)
✔ spatial hinge consumer uses the repaired shared law without adding spatial tissue force to the hinge (140.197813ms)
✔ series force equilibrium, length partition, slack and rigid limit (2.362854ms)
✔ fixed ends permit fiber shortening and tendon storage under activation (11.161709ms)
✔ active fiber power differs from skeletal power but obeys the full elastic balance (0.27989ms)
✔ hyperelastic stress independently matches energy gradients (0.178538ms)
✔ compression preserves most volume and satisfies free sides and ideal contact (0.341542ms)
✔ coupled pulse/release work balance refines and tissue feedback is explicit (32.31348ms)
✔ positive conforming authored mesh, closed separate membrane, correct SI reference volume (2.401511ms)
✔ volume gradient independently matches finite differences and has zero resultant (0.686009ms)
✔ complete edge/volume/membrane/tether/contact energy gradient matches central difference (46.756791ms)
✔ passive reference is zero energy; activation shortens spatial fibres with separate skin (504.701957ms)
✔ same-pose compression comparison, sampled contact improvement and iteration defect remain measurable (1579.504123ms)
✔ reported contact/support resultant equals the unresolved free gradient, not a hidden extra force (186.213799ms)
✔ skin-off ablation removes membrane and fascia energies; shape-off removes spatial actuator only (242.4457ms)
✔ deterministic reset, lift/release continuity and teaching domain halt (306.514604ms)
✔ compression control ablations preserve activation/pose and produce the named physical effect (17202.444838ms)
✔ parameter edits preserve evolved state, halt, accounting and counters; pose/hold edits enforce kinematics (1604.864472ms)
✔ linear taper midpoint integration converges to independently integrated log oracle (1.216004ms)
✔ equal-length two-area fixed-end active fixture: narrow +1/300, wide -1/300 (0.241793ms)
✔ large strain is exposed and invalid area or refinement rejected (0.429274ms)
✔ small-strain warning uses true endpoint extrema independently of midpoint display resolution (0.587621ms)
ℹ tests 179
ℹ suites 0
ℹ pass 179
ℹ fail 0
ℹ cancelled 0
ℹ skipped 0
ℹ todo 0
ℹ duration_ms 115914.156998
npm notice
npm notice New major version of npm available! 11.9.0 -> 12.2.0
npm notice Changelog: https://github.com/npm/cli/releases/tag/v12.2.0
npm notice To update run: npm install -g npm@12.2.0
npm notice
