Lean (version 4.19.0, x86_64-unknown-linux-gnu, commit 6caaee842e94, Release)
Lean (version 4.19.0, x86_64-unknown-linux-gnu, commit 6caaee842e94, Release)
PROOFWIDGETS_SOURCE_ASSETS_READY c4919189477c3221e6a204008998b0d724f49904
SOURCE_MODULE_COUNT 902
SOURCE_PROGRESS 25 902 Aesop.Search.Expansion.Simp
SOURCE_PROGRESS 50 902 Batteries.Lean.Meta.InstantiateMVars
SOURCE_PROGRESS 75 902 Aesop.Script.Util
SOURCE_PROGRESS 100 902 Batteries.Control.Nondet.Basic
SOURCE_PROGRESS 125 902 Aesop.Builder.Unfold
SOURCE_PROGRESS 150 902 Aesop.BuiltinRules.ApplyHyps
SOURCE_PROGRESS 175 902 Aesop.Search.ExpandSafePrefix
SOURCE_PROGRESS 200 902 Batteries.Tactic.Basic
SOURCE_PROGRESS 225 902 Mathlib.Init
SOURCE_PROGRESS 250 902 Mathlib.Logic.OpClass
SOURCE_PROGRESS 275 902 Mathlib.Tactic.FastInstance
SOURCE_PROGRESS 300 902 Mathlib.Tactic.Linter
SOURCE_PROGRESS 325 902 Mathlib.Tactic.TypeCheck
SOURCE_PROGRESS 350 902 Mathlib.Tactic.Basic
SOURCE_PROGRESS 375 902 Mathlib.Tactic.MkIffOfInductiveProp
SOURCE_PROGRESS 400 902 Mathlib.Data.Int.Basic
SOURCE_PROGRESS 425 902 Mathlib.Algebra.Group.Invertible.Defs
SOURCE_PROGRESS 450 902 Mathlib.Algebra.CharZero.Defs
SOURCE_PROGRESS 475 902 Mathlib.Algebra.Group.TypeTags.Basic
SOURCE_PROGRESS 500 902 Plausible.Testable
SOURCE_PROGRESS 525 902 Mathlib.Tactic.Widget.CongrM
SOURCE_PROGRESS 550 902 Mathlib.Algebra.GroupWithZero.Action.End
SOURCE_PROGRESS 575 902 Mathlib.Order.RelIso.Basic
SOURCE_PROGRESS 600 902 Mathlib.Algebra.Divisibility.Units
SOURCE_PROGRESS 625 902 Mathlib.Algebra.BigOperators.Ring.List
SOURCE_PROGRESS 650 902 Mathlib.Algebra.Order.Monoid.Unbundled.Basic
SOURCE_PROGRESS 675 902 Mathlib.Algebra.Order.Group.Abs
SOURCE_PROGRESS 700 902 Mathlib.Data.Set.Subsingleton
SOURCE_PROGRESS 725 902 Mathlib.Data.Nat.Set
SOURCE_PROGRESS 750 902 Mathlib.Algebra.Order.BigOperators.Group.Multiset
SOURCE_PROGRESS 775 902 Mathlib.Data.Set.Piecewise
SOURCE_PROGRESS 800 902 Mathlib.Data.Finset.Sum
SOURCE_PROGRESS 825 902 Mathlib.Order.ConditionallyCompleteLattice.Defs
SOURCE_PROGRESS 850 902 Mathlib.Data.Fintype.Powerset
SOURCE_PROGRESS 875 902 Mathlib.Tactic.FieldSimp
SOURCE_PROGRESS 900 902 Mathlib.Tactic.Linarith.Verification
SOURCE_PROGRESS 902 902 Mathlib.Tactic.Linarith
SOURCE_BUILD_COMPLETE 902
Checked 27 research declarations with Lean (version 4.19.0, x86_64-unknown-linux-gnu, commit 6caaee842e94, Release)
SOURCE_SHA256 d1411e4068ea99b9f7a85fd0a573e9ecd976b260617d0f209b6baebb3ae7e15e
