
> kenoma-education@0.1.0 test:mobile
> python3 tests/mobile_startup.py

{
  "status": "passed",
  "scope": "Pixel 7 touch emulation with default headless Chromium; not physical Android/WebView evidence",
  "startup_draws": {
    "force": {
      "available": true,
      "lost": false,
      "width": 543,
      "height": 450,
      "unique_colors": 1204,
      "vivid_geometry_pixels": 1983,
      "sha256": "ae84f671914208cd9d2dc119582a12644a0ac79652364a7d8a49e9f8b98ebca8"
    },
    "torque": {
      "available": true,
      "lost": false,
      "width": 543,
      "height": 450,
      "unique_colors": 1969,
      "vivid_geometry_pixels": 5459,
      "sha256": "605c737db140d2cc73906ee52f230ccbfd5f15dbb234313850e54339e12adc3f"
    },
    "energy": {
      "available": true,
      "lost": false,
      "width": 543,
      "height": 450,
      "unique_colors": 1832,
      "vivid_geometry_pixels": 2093,
      "sha256": "80631e2abb2bcff0fcb83098eb8b3b6617a0d71e8e0426c92bd3387e339ae0ca"
    },
    "elbow": {
      "available": true,
      "lost": false,
      "width": 543,
      "height": 450,
      "unique_colors": 4003,
      "vivid_geometry_pixels": 9459,
      "sha256": "2936dac58644ec410c36c084a4c4bafd7ff05594aa65ffa5efea642bedf0961c"
    },
    "series": {
      "available": true,
      "lost": false,
      "width": 543,
      "height": 450,
      "unique_colors": 8261,
      "vivid_geometry_pixels": 39063,
      "sha256": "ba516d274498f86f578830f112babd99a641f761723eb43d919746a332502740"
    },
    "continuum": {
      "available": true,
      "lost": false,
      "width": 543,
      "height": 630,
      "unique_colors": 1840,
      "vivid_geometry_pixels": 64617,
      "sha256": "b68561e87e56b451c93f8de148d6b2a9834960e0b0ba66a3d0453a67e85597c2"
    },
    "spatial": {
      "available": true,
      "lost": false,
      "width": 543,
      "height": 630,
      "unique_colors": 23568,
      "vivid_geometry_pixels": 97752,
      "sha256": "ce6a7b38b8d9de47ef4f74aab2e32b9b6194f500cd67599d90f272bd31634b7e"
    },
    "atlas": {
      "available": true,
      "lost": false,
      "width": 543,
      "height": 540,
      "unique_colors": 7498,
      "vivid_geometry_pixels": 54134,
      "sha256": "4ddc6862721b61ece48eba3834f63b74525183a364b0f07f01c7d650cfc8c31e"
    }
  },
  "fault_tests": [
    "Actual WebGL context loss exposes visible diagnostics, preserves static alternative and recovers on Retry without a download",
    "Injected post-context draw failure produces in-viewport diagnostics and Retry restores real drawn geometry",
    "Unavailable WebGL in all seven labs gives prominent in-viewport error plus functional numerical controls, explicitly without 3D"
  ],
  "executable_outputs_sha256": "3d3e88e42e3bb64514b574adeb07e020c000fed76758b286b407e4abd1579510",
  "browser": "151.0.7922.173",
  "downloads_on_start": [],
  "html_sha256": "b199fb0f3a06ff3b96b586872a334646a826dcaf554d49298c20e005f1e1e158",
  "app_sha256": "bbb012a9380fe583049df7abe87164f65ef18077d0220c60811212af737f3473"
}
