{"reference": "R2.4-dx0.04-pCa4.5-delta0.001", "resolutionStateL1Max": 1.683271709814286e-16, "resolutionForceAbsoluteMax": 2.1764552842953981e-16}
{"reference": "R2.4-dx0.04-pCa4.5-delta-0.001", "resolutionStateL1Max": 1.7087200677260683e-16, "resolutionForceAbsoluteMax": 1.760179850756236e-16}
{"reference": "R2.4-dx0.04-pCa4.5-delta0.0005", "resolutionStateL1Max": 1.7209688886716973e-16, "resolutionForceAbsoluteMax": 1.107214345654917e-16}
{"reference": "R2.4-dx0.04-pCa4.5-delta-0.0005", "resolutionStateL1Max": 1.5641258200306522e-16, "resolutionForceAbsoluteMax": 1.5790960236746765e-16}
{"reference": "R2.4-dx0.04-pCa6.1-delta0.001", "resolutionStateL1Max": 9.724735313380186e-17, "resolutionForceAbsoluteMax": 5.357104208166823e-17}
{"reference": "R2.4-dx0.04-pCa6.1-delta-0.001", "resolutionStateL1Max": 9.16810445033341e-17, "resolutionForceAbsoluteMax": 1.1364901250719314e-16}
{"reference": "R2.4-dx0.04-pCa6.1-delta0.0005", "resolutionStateL1Max": 8.717979913272173e-17, "resolutionForceAbsoluteMax": 9.904468853167267e-17}
{"reference": "R2.4-dx0.04-pCa6.1-delta-0.0005", "resolutionStateL1Max": 8.378205066470212e-17, "resolutionForceAbsoluteMax": 9.174932852953779e-17}
{"reference": "R2.4-dx0.02-pCa4.5-delta0.001", "resolutionStateL1Max": 1.5620340142337682e-16, "resolutionForceAbsoluteMax": 1.7238643235441385e-16}
{"reference": "R2.4-dx0.02-pCa4.5-delta-0.001", "resolutionStateL1Max": 1.7562979625769725e-16, "resolutionForceAbsoluteMax": 2.2944180229399805e-16}
{"reference": "R2.4-dx0.02-pCa4.5-delta0.0005", "resolutionStateL1Max": 1.486422991379868e-16, "resolutionForceAbsoluteMax": 2.259842809830261e-16}
{"reference": "R2.4-dx0.02-pCa4.5-delta-0.0005", "resolutionStateL1Max": 1.6203333376140755e-16, "resolutionForceAbsoluteMax": 1.6345586774800007e-16}
{"reference": "R2.4-dx0.02-pCa6.1-delta0.001", "resolutionStateL1Max": 1.0018860173935225e-16, "resolutionForceAbsoluteMax": 9.066528093306225e-17}
{"reference": "R2.4-dx0.02-pCa6.1-delta-0.001", "resolutionStateL1Max": 9.062761981332575e-17, "resolutionForceAbsoluteMax": 7.545747117420317e-17}
{"reference": "R2.4-dx0.02-pCa6.1-delta0.0005", "resolutionStateL1Max": 7.967277961902532e-17, "resolutionForceAbsoluteMax": 6.116418986666927e-17}
{"reference": "R2.4-dx0.02-pCa6.1-delta-0.0005", "resolutionStateL1Max": 8.622102879476953e-17, "resolutionForceAbsoluteMax": 6.066133479903427e-17}
{"reference": "R2.4-dx0.01-pCa4.5-delta0.001", "resolutionStateL1Max": 1.46409140968032e-16, "resolutionForceAbsoluteMax": 1.8556342277234987e-16}
{"reference": "R2.4-dx0.01-pCa4.5-delta-0.001", "resolutionStateL1Max": 1.5046683795033063e-16, "resolutionForceAbsoluteMax": 7.552742897154957e-17}
{"reference": "R2.4-dx0.01-pCa4.5-delta0.0005", "resolutionStateL1Max": 1.8281225159030236e-16, "resolutionForceAbsoluteMax": 2.1873357202967837e-16}
{"reference": "R2.4-dx0.01-pCa4.5-delta-0.0005", "resolutionStateL1Max": 1.4548676917004892e-16, "resolutionForceAbsoluteMax": 1.71425513244441e-16}
{"reference": "R2.4-dx0.01-pCa6.1-delta0.001", "resolutionStateL1Max": 8.091794627876203e-17, "resolutionForceAbsoluteMax": 7.061083544300816e-17}
{"reference": "R2.4-dx0.01-pCa6.1-delta-0.001", "resolutionStateL1Max": 7.939682222103616e-17, "resolutionForceAbsoluteMax": 6.80050129000916e-17}
{"reference": "R2.4-dx0.01-pCa6.1-delta0.0005", "resolutionStateL1Max": 8.115525053430602e-17, "resolutionForceAbsoluteMax": 5.4265618255857355e-17}
{"reference": "R2.4-dx0.01-pCa6.1-delta-0.0005", "resolutionStateL1Max": 8.668651139140036e-17, "resolutionForceAbsoluteMax": 7.592764795440933e-17}
{"reference": "R3-dx0.04-pCa4.5-delta0.001", "resolutionStateL1Max": 1.6294606507544994e-16, "resolutionForceAbsoluteMax": 1.8094151046314355e-16}
{"reference": "R3-dx0.04-pCa4.5-delta-0.001", "resolutionStateL1Max": 1.8137263606754712e-16, "resolutionForceAbsoluteMax": 1.2953435485415822e-16}
{"reference": "R3-dx0.04-pCa4.5-delta0.0005", "resolutionStateL1Max": 1.8100648600609027e-16, "resolutionForceAbsoluteMax": 1.9954987542305405e-16}
{"reference": "R3-dx0.04-pCa4.5-delta-0.0005", "resolutionStateL1Max": 1.7893566881257136e-16, "resolutionForceAbsoluteMax": 1.5682987911689447e-16}
{"reference": "R3-dx0.04-pCa6.1-delta0.001", "resolutionStateL1Max": 8.765712962725211e-17, "resolutionForceAbsoluteMax": 8.613251777910668e-17}
{"reference": "R3-dx0.04-pCa6.1-delta-0.001", "resolutionStateL1Max": 9.099541152640995e-17, "resolutionForceAbsoluteMax": 5.449095858663256e-17}
{"reference": "R3-dx0.04-pCa6.1-delta0.0005", "resolutionStateL1Max": 8.351590272261933e-17, "resolutionForceAbsoluteMax": 8.881296808003457e-17}
{"reference": "R3-dx0.04-pCa6.1-delta-0.0005", "resolutionStateL1Max": 8.133346924319097e-17, "resolutionForceAbsoluteMax": 8.832473597955009e-17}
{"reference": "R3-dx0.02-pCa4.5-delta0.001", "resolutionStateL1Max": 1.7550531319638727e-16, "resolutionForceAbsoluteMax": 2.1856458652267557e-16}
{"reference": "R3-dx0.02-pCa4.5-delta-0.001", "resolutionStateL1Max": 1.5149867722259952e-16, "resolutionForceAbsoluteMax": 1.1615512286631635e-16}
{"reference": "R3-dx0.02-pCa4.5-delta0.0005", "resolutionStateL1Max": 1.6586810084486576e-16, "resolutionForceAbsoluteMax": 2.6445663283210638e-16}
{"reference": "R3-dx0.02-pCa4.5-delta-0.0005", "resolutionStateL1Max": 1.633381858163739e-16, "resolutionForceAbsoluteMax": 1.9555244697494436e-16}
{"reference": "R3-dx0.02-pCa6.1-delta0.001", "resolutionStateL1Max": 7.913322035857249e-17, "resolutionForceAbsoluteMax": 7.124020794664315e-17}
{"reference": "R3-dx0.02-pCa6.1-delta-0.001", "resolutionStateL1Max": 7.957394923063006e-17, "resolutionForceAbsoluteMax": 1.1085524774685622e-16}
{"reference": "R3-dx0.02-pCa6.1-delta0.0005", "resolutionStateL1Max": 7.939816782299873e-17, "resolutionForceAbsoluteMax": 6.764197195580126e-17}
{"reference": "R3-dx0.02-pCa6.1-delta-0.0005", "resolutionStateL1Max": 8.279882917389813e-17, "resolutionForceAbsoluteMax": 9.014516458884231e-17}
{"reference": "R3-dx0.01-pCa4.5-delta0.001", "resolutionStateL1Max": 1.4770644696112277e-16, "resolutionForceAbsoluteMax": 1.958812502593907e-16}
{"reference": "R3-dx0.01-pCa4.5-delta-0.001", "resolutionStateL1Max": 1.6575960565641126e-16, "resolutionForceAbsoluteMax": 2.3559732288817914e-16}
{"reference": "R3-dx0.01-pCa4.5-delta0.0005", "resolutionStateL1Max": 1.552369537638201e-16, "resolutionForceAbsoluteMax": 1.775124540725718e-16}
{"reference": "R3-dx0.01-pCa4.5-delta-0.0005", "resolutionStateL1Max": 1.5479167246208273e-16, "resolutionForceAbsoluteMax": 1.6420111358184615e-16}
{"reference": "R3-dx0.01-pCa6.1-delta0.001", "resolutionStateL1Max": 8.287630552904397e-17, "resolutionForceAbsoluteMax": 8.488176815515659e-17}
{"reference": "R3-dx0.01-pCa6.1-delta-0.001", "resolutionStateL1Max": 7.496884806044288e-17, "resolutionForceAbsoluteMax": 4.395515691213289e-17}
{"reference": "R3-dx0.01-pCa6.1-delta0.0005", "resolutionStateL1Max": 7.528955874611931e-17, "resolutionForceAbsoluteMax": 6.000371458882446e-17}
{"reference": "R3-dx0.01-pCa6.1-delta-0.0005", "resolutionStateL1Max": 7.646747325305013e-17, "resolutionForceAbsoluteMax": 9.511483165965688e-17}
{"result": "PASS_INDEPENDENT_REFERENCE_AND_STRICT_POPULATION_GATES", "cases": 144, "references": 48, "failure": null}
