
> kenoma-education@0.1.0 test:mobile
> python3 tests/mobile_startup.py

{
  "status": "passed",
  "scope": "Pixel 7 touch emulation with default headless Chromium; not physical Android/WebView evidence",
  "startup_draws": {
    "force": {
      "available": true,
      "lost": false,
      "width": 543,
      "height": 450,
      "unique_colors": 1169,
      "vivid_geometry_pixels": 1984,
      "sha256": "8cf46476a04d6d660126a99b642b3613c8634ce7571a6acb6bc2054ba115d4cd"
    },
    "torque": {
      "available": true,
      "lost": false,
      "width": 543,
      "height": 450,
      "unique_colors": 1948,
      "vivid_geometry_pixels": 5238,
      "sha256": "dafa50036593743bac5718c0e1108a853aecb5906cd3e212c994f6ba1601ae37"
    },
    "energy": {
      "available": true,
      "lost": false,
      "width": 543,
      "height": 450,
      "unique_colors": 1849,
      "vivid_geometry_pixels": 2103,
      "sha256": "51f3200e1b672546ccdf4fe0e58c036bb3174065c6d9932cd8a2ffd84f011869"
    },
    "elbow": {
      "available": true,
      "lost": false,
      "width": 543,
      "height": 450,
      "unique_colors": 4036,
      "vivid_geometry_pixels": 9474,
      "sha256": "d6fdbb5199ebbd721ffbbc9b6b51ec500720171415f2951f6318da8dd626782c"
    },
    "series": {
      "available": true,
      "lost": false,
      "width": 543,
      "height": 450,
      "unique_colors": 8494,
      "vivid_geometry_pixels": 38999,
      "sha256": "7886e8a08d5116fb49d938149d93ad01356bc168f43623932d19dc4da8ccccf6"
    },
    "continuum": {
      "available": true,
      "lost": false,
      "width": 543,
      "height": 630,
      "unique_colors": 3020,
      "vivid_geometry_pixels": 64195,
      "sha256": "c4b02b18d747f2e234362b318a2ff87aac2d5476381064c2b012bb5ec1344357"
    },
    "spatial": {
      "available": true,
      "lost": false,
      "width": 543,
      "height": 630,
      "unique_colors": 23392,
      "vivid_geometry_pixels": 97686,
      "sha256": "24d23b103fdb22b146aefd03b1c12f15ab8d85ca8d84ddbc93f1b4b7ac05b810"
    },
    "atlas": {
      "available": true,
      "lost": false,
      "width": 543,
      "height": 540,
      "unique_colors": 7441,
      "vivid_geometry_pixels": 54144,
      "sha256": "60a1705bb3f93c90bffcd24adfa42b76ee1fc3f3a9b32323ab8af4b367d018de"
    }
  },
  "fault_tests": [
    "Actual WebGL context loss exposes visible diagnostics, preserves static alternative and recovers on Retry without a download",
    "Injected post-context draw failure produces in-viewport diagnostics and Retry restores real drawn geometry",
    "Unavailable WebGL in all seven labs gives prominent in-viewport error plus functional numerical controls, explicitly without 3D"
  ],
  "browser": "151.0.7922.173",
  "downloads_on_start": [],
  "html_sha256": "8e25ede24331374903d4214b188d372085c08ff2e497b4dd4ab4025f615448e1",
  "app_sha256": "4bac0cb2ab5954cb602175a891db5f824703fb0b044dfc9cdfdefdc4b7bf1d76"
}
npm notice
npm notice New major version of npm available! 11.9.0 -> 12.2.0
npm notice Changelog: https://github.com/npm/cli/releases/tag/v12.2.0
npm notice To update run: npm install -g npm@12.2.0
npm notice
