{
  "verdict": "PASS_INDEPENDENT_ARITHMETIC_RESOURCE_REVIEW",
  "resultCommit": "38ae8a2e2af57cf33254af987b724824b9d84357",
  "executedCommit": "5119dad8c882088dee5c73e5d8213acffdc04458",
  "runnerSourceCommit": "0582de9d86d75ccbb7cc61c74d2c88e320f675af",
  "preflightEvidenceCommit": "6d3851e7f625baae2e94ebea4261eb852691420d",
  "acceptedReviewedHead": "084e830b82f1f53a10ebc39ad23194177e06c42a",
  "preflightSha256": "2c6a8c69765f57408860f433379b68595b2a4a55aabb2238205ddcb6b86912bb",
  "independentStructuralReviewSha256": "d617e3c1fd2e8185a234a6a19c0a323c358322f9ce1e274bbf6ec4ce31c3d013",
  "specimenCallsDuringReview": 0,
  "materialLawInvocationsDuringReview": 0,
  "method": "Independent Python fsum scatter/local-group-hybrid-and-unit-difference replay from retained raw inputs; material law and JS runner are never imported or invoked.",
  "assertions": 1074696,
  "maximumReplayDifference": 2.5266802539114508e-12,
  "regions": 634,
  "stages": 30,
  "hybrids": 6,
  "resource": {
    "reservedNewCallbacks": 497500,
    "enteredNewCallbacks": 497500,
    "completedNewCallbacks": 497500,
    "historicalReusedMeasurements": 4000,
    "historicalFailedExit": 1,
    "childExit": 0,
    "workerExit": 0,
    "publicExit": 0,
    "wallAcceptanceSeconds": 43.0488345929989,
    "wallObservedPublicSeconds": 43.115445383002225,
    "peakChildRSSBytes": 254705664,
    "files": 1239,
    "bytes": 22302283,
    "budget": {
      "plannedMaterialCalls": 497500,
      "maximumMaterialCalls": 497500,
      "maximumWallSeconds": 300,
      "nodeHeapMiB": 1024,
      "maximumRssBytes": 2147483648,
      "maximumOutputBytes": 67108864,
      "invocations": 1
    },
    "failurePriorityTests": [
      "EXTERNAL_INCOMPLETE_TAKES_PRECEDENCE",
      "MATERIAL_INCOMPLETE_TAKES_PRECEDENCE",
      "SUPERVISOR_INCOMPLETE_TAKES_PRECEDENCE",
      "LAUNCHER_FAILED_EXIT_TAKES_PRECEDENCE",
      "LAUNCHER_FAILED_EXIT_TAKES_PRECEDENCE",
      "EXTERNAL_FAILED_EXIT_TAKES_PRECEDENCE"
    ]
  },
  "numericalStatus": "UNRESOLVED_FIXED_PATCH_INTEGRATION",
  "outsidePatchElements": 236,
  "outsidePatchQualified": false,
  "anatomicalQualification": false
}
