
> kenoma-education@0.1.0 test
> node --test tests/*.test.mjs contributions/continuum_reference/tests/*.test.mjs

✔ conforming tetrahedral volume, outward faces, exact total lumped mass (65.368856ms)
✔ unit tetrahedron matches independently written tensor strain energy and gradients (1.079839ms)
✔ six infinitesimal rigid modes vanish; a finite rotation is outside this model (44.413953ms)
✔ affine patch: displacement, constant stress, signed support and half-ramp work (350.729942ms)
✔ quadratic manufactured load is independent of FEM: divergence, surface resultants, refinement (2160.681155ms)
✔ PCG implicit solve agrees with pivoted dense elimination; failed tolerance stays failed (2.054341ms)
✔ six compliant strain modes reproduce full element energy, including shear (9.707649ms)
✔ XPBD finite iteration error decreases to the matched implicit solution; reset is deterministic (76.76293ms)
✔ finite sweeps depend on timestep; convergence matches target at each step size (45.755495ms)
✔ implicit force signs and backward-Euler work/dissipation balance for nonzero initial state (36.341786ms)
✔ zero forces and invalid domains are explicit (4.06027ms)
✔ complete joint/tissue potential gradient and analytic Hessian match independent differences (115.233459ms)
✔ accepted coupling lifts from actual tissue traction, release lowers activation, torque balances inertia (1624.938541ms)
✔ mass changes preserve all dynamic/tissue state and alter only recorded external energy and future coupling (440.953007ms)
✔ closest source triangle coordinates reconstruct projection at face, edge and vertex (1.431787ms)
✔ closed tetrahedron query distinguishes containment and outside, with independent signed-distance gradient (7.581872ms)
✔ Positive quadratic quadrature and shape reproduce partition, reference volume and polynomial moments (26.588181ms)
✔ Quadratic element gradients match independent differences including displaced midside nodes (188.891341ms)
✔ Isoparametric reference midside geometry has exactly zero passive rest stress (1.190155ms)
✔ Finite rotation produces no passive force and rejected orientation is explicit (4.808872ms)
✔ fixed-end actual P2 block carries active traction once, without passive storage (86.934204ms)
✔ same actual P2 block shortens freely and retains greater length against dead load (3129.932912ms)
✔ actual rotating tendon map matches independent energy gradient and power (3.855763ms)
✔ slack tendon produces no attachment torque; fixed anchor has no joint work (0.335763ms)
✔ original atlas SHA, triangle/barycentric picks, shared right-handed frame and bind pose (7.79474ms)
✔ three distinct source bones and seven closed consistently glued positive P2 belly meshes (579.990702ms)
✔ named attachment patches reconstruct actual original atlas triangles without per-part transforms (0.689233ms)
✔ distributed patches have actual areas, normalized weights and connected source edges; candidate sides and broad origins stay explicit (4.745568ms)
✔ Authored finite-strain passive/active stress is the independent central-difference potential derivative (7.506218ms)
✔ Finite rigid rotations preserve energy and rotate first Piola stress objectively (0.587441ms)
✔ Active axial traction, supported force-length interval and potential are separate from passive storage (0.317486ms)
✔ Tensile tendon has consistent energy, slack and continuous toe stress/tangent (3.524236ms)
✔ Invalid/inverted material states fail rather than yield plausible stresses (0.504166ms)
✔ reference Cholesky preconditioner solves its exact assembled SPD operator (33.57008ms)
✔ Newton preserves the same P2 objective and residual tolerance and reproduces loaded length (691.308866ms)
✔ step-aware damping reaches the independent exponential-potential minimum after steep rejected trials (0.862774ms)
✔ every objective call is counted including rejected determinant/domain trials (1.217596ms)
✔ analytic material tangent matches independent Piola differences and Hessian symmetry (9.245026ms)
✔ P2 analytic tangent includes midside variations and matches full element gradient difference (29.607055ms)
✔ actual source heads meet two mechanically shared free apparatuses with distributed source insertion faces (1.849824ms)
✔ apparatus gradient, nonlinear attachment Hessian and B transpose tissue torque agree with independent differences (6234.355916ms)
✔ actual anatomical point-mass event preserves mechanical state and uses upward-positive external energy (2.471176ms)
✔ failed actual anatomical nonlinear step retains activation, effort, pose, velocity, tissue and time (12094.405588ms)
✔ Exact P2 Bernstein coefficients certify affine orientation and detect reversal (4.223314ms)
✔ Cubic Bernstein reconstruction agrees with an independent curved P2 Jacobian (0.721853ms)
✔ An unresolved or inverted curved element cannot receive a positive certificate (1.91383ms)
✔ Exact signs survive determinant underflow and signed zero in the stored coordinates (0.65313ms)
✔ naive weighting uses identical source coordinates at bind and its gradient matches the independent full P2 interpolation (85.419663ms)
✔ full fibre stretch gives an active mean stress while the isochoric matrix has zero trace (1.931176ms)
✔ dilation energy derivative independently checks the mean Cauchy stress identity (0.462704ms)
✔ nested positive diagnostic rules retain the existing 4/32 rules and reference measure (18.312014ms)
✔ independent P2 integration reproduces affine material energy and nodal energy derivatives (101.404028ms)
✔ half/double bulk diagnostic is exact at fixed geometry and retains the original force gate (292.894137ms)
✔ actual compressed loading pose retains the independent original P2 energy, gradient and determinant (1111.483217ms)
✔ symmetric actual-head contact has balanced action/reaction and nonnegative declared Gauss-Newton tangent (2160.9393ms)
✔ source-bone pose derivative and actual-head contact gradient match independent energy differences (70100.761979ms)
✔ active-feature contact Hessian includes deforming closest surfaces and rotating bone acceleration (13947.12969ms)
✔ co-moving tendon guides and bone sum every repeated joint column in fallback torque (6.261751ms)
✔ face, edge and vertex contact differentials include triangle motion and agree with independent second differences (9.726718ms)
✔ simplex contact envelope is conservative, isolated-feature exact and permutation invariant (0.70678ms)
✔ exact leg witnesses expose a narrow entry/exit interval missed by all five samples (30.627536ms)
✔ interior and shared-edge material cuts conserve area with positive children (0.749774ms)
✔ archived force-converged rest exposes its 135 micron humeral tendon interval to the new rule (12940.875067ms)
✔ force-converged loaded muscle/muscle crossings missed by every sample become active witnesses (10557.333696ms)
✔ loaded: saved sampled-clear muscle/bone and tendon/bone failures become active contact (22011.68275ms)
✔ quarter: saved sampled-clear muscle/bone and tendon/bone failures become active contact (24344.759336ms)
✔ frozen witness quadrature retains analytic gradient and Hessian including moving-bone/tendon contact (18608.92032ms)
✔ saved loaded closest-face corner has conservative smooth energy derivatives at the original collision gates (55286.9374ms)
✔ saved cold-load edge transition preserves continuous energy and its gradient (27160.40916ms)
✔ dense replay rejects inconsistent held joint coordinates despite accepted flags (15419.998642ms)
✔ dense replay rejects invalid accepted-state time advancement (35540.350259ms)
✔ dense reduced body agrees with independent full P2 assembly at a compressed nonlinear pose (41.339201ms)
✔ dense body energy gradient and Hessian pass directional differences at actual compression (41.263048ms)
✔ zero enrichment exactly reproduces the original dense potential, positions and retained gradients (14120.065205ms)
✔ new apparatus/contact force coefficients agree with independent energy directional differences (57329.779272ms)
✔ enriched body force assembly agrees with independent full P2 nodal gradients (1611.202282ms)
✔ enriched analytic body Hessian passes directional differences and symmetry (129.143236ms)
✔ rotation search remainder rotates the extra nodal vector modes consistently (4.510401ms)
✔ 2048-point subdivision has positive weights and exact polynomial moments (21.35739ms)
✔ further positive rule preserves reference volume and affine energy/full nodal forces (173.550519ms)
✔ closed material tensor matches independently implemented directional tangent in a nontrivial active state (4.427476ms)
✔ restricted atlas P2 field retains the original element potential and gradient, including midside DOF (435.327164ms)
✔ excluded nodal direction has unit norm and is orthogonal to every retained displacement column (6.676907ms)
✔ nodal potential probe reproduces actual reduced displacement of body, sheets, apparatus and contact (14588.11149ms)
✔ standalone finer replay rejects a cached primary check with a changed verifier digest (1750.044183ms)
✔ derived repair clears finite bone gates without changing source bones or reference tissue volume (756.23734ms)
✔ exclusive triceps ownership retains all candidate faces and positive normalized source areas (5.869127ms)
✔ radial apposition receipts expose the substantial candidate gap across every tested pose (10.307849ms)
✔ held rest rejects scalar advancement even when its saved coordinates are unchanged (1.579498ms)
✔ model matching requires all distinct heads, prescribed end rings and finite force targets (1.777384ms)
✔ accepted dense, bulk and enriched comparison candidates retain the old finite mass (221.318125ms)
✔ coarse completion and interrupted fine prefixes require nonempty matching coverage (1614.258394ms)
✔ dense rejected attempts require the original schedule, finite residual and explicit rollback (7994.591271ms)
✔ new continuation rejects stale source digests and corrupted accepted state lineage (1857.408873ms)
✔ recorded-source transition preserves exact prior contact bytes and rejects unknown hashes (3.170044ms)
✔ exact global rigid rotations remain in each repaired Galerkin space and preserve the unchanged material energy, J and fibre stretch (737.189702ms)
✔ Rodrigues correction has zero first derivative at zero and stable small-angle scaling (0.319519ms)
✔ all actual reference tendon paths clear source cortex and origin shifts respect recorded uncertainty (597.42011ms)
✔ segment audit detects interior crossing and containment without treating source endpoints as crossings (1.366568ms)
✔ actual arm redraw disposes every owned dumbbell descendant once (11.847548ms)
✔ element stress field uses owning tetrahedra, retains discontinuities and matches independent uniaxial/shear invariants (39.965832ms)
✔ matched nodal error uses its actual target and a fixed common SI scale across sweeps (103.136068ms)
✔ oriented boundary measurement agrees with an independent affine prediction over translations and rotations (4.599024ms)
✔ rigid deformation has zero Green strain; volume-preserving shear still has strain (0.2202ms)
✔ determinant composition is checked numerically on nontrivial independent matrices (0.110155ms)
✔ inversion is rejected by signed boundary volume and deformation orientation (0.8076ms)
✔ isochoric construction preserves independently triangulated volume while area and length change (0.985367ms)
✔ elbow pulse retains selected inputs and evolved physical state; releases relative to current time (21.453594ms)
✔ series pulse retains selected inputs and evolved physical state; releases relative to current time (15.44532ms)
✔ spatial pulse retains selected inputs and evolved physical state; releases relative to current time (13916.648442ms)
✔ failed 3D startup labels numerical-only stepping and does not retry every step (0.763965ms)
✔ elbow current row matches release/change before stepping and preserves completed history (7.669748ms)
✔ series current row matches release/change before stepping and preserves completed history (14.807849ms)
✔ activation exact transient, bounds and continuing release (1.521ms)
✔ path derivative, force moment and virtual power agree independently (0.610535ms)
✔ gravity counted once and inertia include explicit point masses (1.356203ms)
✔ forward lift, delayed release, replay and refined work balance (12.462783ms)
✔ prescribed hold reports external motor and domain stop invents no impulse (4.49655ms)
✔ straight-path dead centre keeps zero angle despite developed tension, without a halt or nudge (2.1275ms)
✔ explicit h=0.005 actual controller reaches 12s, preserves every sample and measured maximum (21.612359ms)
✔ symplectic h=0.005 actual controller reaches 12s, preserves every sample and measured maximum (14.868179ms)
✔ verlet h=0.005 actual controller reaches 12s, preserves every sample and measured maximum (11.570596ms)
✔ explicit h=0.01 actual controller reaches 12s, preserves every sample and measured maximum (27.217232ms)
✔ symplectic h=0.01 actual controller reaches 12s, preserves every sample and measured maximum (2.559086ms)
✔ verlet h=0.01 actual controller reaches 12s, preserves every sample and measured maximum (2.906518ms)
✔ explicit h=0.02 actual controller reaches 12s, preserves every sample and measured maximum (2.998254ms)
✔ symplectic h=0.02 actual controller reaches 12s, preserves every sample and measured maximum (2.970282ms)
✔ verlet h=0.02 actual controller reaches 12s, preserves every sample and measured maximum (1.211076ms)
✔ explicit h=0.05 actual controller reaches 12s, preserves every sample and measured maximum (0.850756ms)
✔ symplectic h=0.05 actual controller reaches 12s, preserves every sample and measured maximum (0.554782ms)
✔ verlet h=0.05 actual controller reaches 12s, preserves every sample and measured maximum (1.097716ms)
✔ explicit h=0.1 actual controller reaches 12s, preserves every sample and measured maximum (0.37363ms)
✔ symplectic h=0.1 actual controller reaches 12s, preserves every sample and measured maximum (0.290005ms)
✔ verlet h=0.1 actual controller reaches 12s, preserves every sample and measured maximum (3.733687ms)
✔ batch pause/resume and single steps retain current trajectory; edit/reset start new trajectories (0.514521ms)
✔ paced Play uses chosen fixed h and bounded catch-up, with one redraw per frame (0.306469ms)
✔ duration bounds reject unsupported fractional, excessive or invalid step budgets (0.50709ms)
✔ energy derivatives give nominal stress, plate force and two lateral contributions (5.818383ms)
✔ bounded parameter sweep: independent equilibrium oracle, energies, SI geometry and wall KKT (11.165609ms)
✔ finite bulk differs from exact J=1 and confinement changes compression work and forces (0.329164ms)
✔ zero bulk isotropic collapse and weak-bulk pull-away are explicit counterexamples (0.400941ms)
✔ finite caps retain feasible geometry while exposing unconverged residuals, including near wall transition (0.915563ms)
✔ invalid domains, inversion, nonfinite candidates and positive-J wall penetration reject (0.791477ms)
✔ elastic load/unload and explicit default reset are history-free and deterministic (0.866519ms)
✔ force worked example and work-energy consistency across signed forces (0.952979ms)
✔ lever sign, zero moment arm and exact scaled worked example (0.235793ms)
✔ potential gradient gives the negative gravitational torque (0.156054ms)
✔ torque identities hold for a deterministic grid of integer inputs (1.171185ms)
✔ step/replay/reset gives identical sequences (7.922617ms)
✔ energy diagnostics distinguish unstable explicit from bounded symplectic and Verlet (3.90193ms)
✔ Verlet convergence against independent analytic oscillator (0.547591ms)
✔ invalid domains fail explicitly (0.544586ms)
✔ actual Y material-line stretch includes shear and is invariant to rotation/translation (1.631626ms)
✔ endpoint labels and narrow/wide geometry remain true when taper direction reverses (1.437865ms)
✔ rigid tendon/contact-off cumulatively retains Lab4 force–length, moments and energy over the full pose/activation domain (5.412885ms)
✔ compliant nonlinear equilibrium matches an independent tension-coordinate root and force–length law (3.327178ms)
✔ implicit fiber velocity matches differentiated equilibria including active length slope and activation input (1.597635ms)
✔ repaired law preserves fixed-end work balance, release lengthening, replay and trajectory refinement (91.983243ms)
✔ spatial hinge consumer uses the repaired shared law without adding spatial tissue force to the hinge (386.036422ms)
✔ series force equilibrium, length partition, slack and rigid limit (7.510078ms)
✔ fixed ends permit fiber shortening and tendon storage under activation (34.851996ms)
✔ active fiber power differs from skeletal power but obeys the full elastic balance (0.380841ms)
✔ hyperelastic stress independently matches energy gradients (0.243355ms)
✔ compression preserves most volume and satisfies free sides and ideal contact (0.422754ms)
✔ coupled pulse/release work balance refines and tissue feedback is explicit (64.183187ms)
✔ positive conforming authored mesh, closed separate membrane, correct SI reference volume (2.557845ms)
✔ volume gradient independently matches finite differences and has zero resultant (0.702564ms)
✔ complete edge/volume/membrane/tether/contact energy gradient matches central difference (50.575227ms)
✔ passive reference is zero energy; activation shortens spatial fibres with separate skin (1063.006312ms)
✔ same-pose compression comparison, sampled contact improvement and iteration defect remain measurable (3122.291039ms)
✔ reported contact/support resultant equals the unresolved free gradient, not a hidden extra force (392.430045ms)
✔ skin-off ablation removes membrane and fascia energies; shape-off removes spatial actuator only (359.1573ms)
✔ deterministic reset, lift/release continuity and teaching domain halt (449.331769ms)
✔ compression control ablations preserve activation/pose and produce the named physical effect (24039.821679ms)
✔ parameter edits preserve evolved state, halt, accounting and counters; pose/hold edits enforce kinematics (2249.167353ms)
✔ linear taper midpoint integration converges to independently integrated log oracle (1.338887ms)
✔ equal-length two-area fixed-end active fixture: narrow +1/300, wide -1/300 (0.213961ms)
✔ large strain is exposed and invalid area or refinement rejected (0.446038ms)
✔ small-strain warning uses true endpoint extrema independently of midpoint display resolution (0.912508ms)
ℹ tests 179
ℹ suites 0
ℹ pass 179
ℹ fail 0
ℹ cancelled 0
ℹ skipped 0
ℹ todo 0
ℹ duration_ms 182784.423313
npm notice
npm notice New major version of npm available! 11.9.0 -> 12.2.0
npm notice Changelog: https://github.com/npm/cli/releases/tag/v12.2.0
npm notice To update run: npm install -g npm@12.2.0
npm notice
