0 1 66.88940808505697 1
0 2 10.988148260271437 1
0 3 1.7732361355163038 1
0 4 0.3800236362539577 1
0 5 0.31406988011646386 1
0 6 0.2512620395693821 1
0 7 0.17677611470369495 1
0 8 2.498889066911261 1
0 9 2.0425342204157775 1
0 10 0.7771851027513618 1
0 11 0.25657852424069283 1
0 12 0.08304476572681033 1
0 13 0.05684181872370314 1
0 14 0.05198025654920786 1
0 15 0.043973034033610296 1
0 16 0.03282641271922231 1
0 17 0.030177263510301564 1
0 18 0.5580196409461454 0.25
0 19 0.03131954187402523 1
0 20 0.36635620484040193 0.125
0 21 0.02014464817153461 1
0 22 0.04733867624329696 1
0 23 0.024079282772926452 1
0 24 0.12181820890922015 0.5
0 25 0.014561313529056541 1
0 26 0.012223734993076475 1
0 27 0.01044201681998467 1
0 28 0.21156003123104572 1
0 29 0.06863647851335841 1
0 30 0.29832748486046645 0.5
0 31 0.03494866082723009 1
0 32 0.014147673037912256 1
0 33 0.010443472363594934 1
0 34 0.00838362567023143 1
0 35 0.03791253619283563 1
0 36 0.007115645257160768 1
0 37 0.015997150124929582 1
0 38 0.026025358864729602 1
0 39 0.11147393650482444 1
0 40 0.11067327727478246 0.5
0 41 0.09959568216553298 0.125
0 42 0.0005370901884933782 1
0 43 0.011599595560629755 1
0 44 0.05558250339501326 0.125
0 45 0.0006397747142102353 1
0 46 0.0022903993294477497 1
0 47 0.006314006012201623 1
0 48 0.01279884179115274 1
0 49 0.014836185439000182 1
0 50 0.0101396941703456 1
0 51 0.01301750411400174 1
0 52 0.015527105429583729 1
0 53 0.008472331865816595 1
0 54 0.0031921439344144284 1
0 55 0.02873840136133554 1
0 56 0.006391888159217228 1
0 57 0.003044235806411802 1
0 58 0.000207053742683451 1
0 59 0.00000438704472574547 1
STEP 0 0.4935329795899131 2.0975202659923307 0.00000438704472574547
1 1 32.645867277530336 1
1 2 3.642138372491169 1
1 3 5.26653487388741 1
1 4 0.4169493546838475 1
1 5 0.2094617646871077 1
1 6 0.15937053936444845 1
1 7 0.23699156966539228 1
1 8 2.8267674775751517 1
1 9 6.741365977196867 1
1 10 1.254306337933361 1
1 11 0.43604417598256495 1
1 12 0.4329571189374115 1
1 13 0.4260934504731432 1
1 14 0.3623746460967581 1
1 15 2.933948738078765 1
1 16 0.27541239775100373 1
1 17 0.45303033016833283 1
1 18 1.1182806219322605 1
1 19 1.3375927246515582 1
1 20 2.4937689636641434 1
1 21 0.13513663191584885 1
1 22 0.13411822209187496 1
1 23 0.13247866604643999 1
1 24 0.408047193916736 1
1 25 0.1496288090655305 1
1 26 0.19635878600033035 1
1 27 2.1515558400900847 1
1 28 1.1581562407635402 1
1 29 0.3650229840192816 1
1 30 0.12309344095285753 1
1 31 0.1273174917169192 1
1 32 0.12502077539341946 1
1 33 0.12071259754540734 1
1 34 0.12079575308682998 1
1 35 0.1293244371257748 1
1 36 0.2877881592721231 1
1 37 0.5253717333542901 1
1 38 0.6225537935241443 1
1 39 2.729012245989563 1
1 40 0.13519335348768688 1
1 41 0.009318128646807748 1
1 42 0.035389257192360454 0.015625
1 43 0.0064802334444689046 1
1 44 0.014536866459686035 1
1 45 0.3785567014212769 1
1 46 0.011645812772620417 1
1 47 0.012888216374600615 1
1 48 0.020053904799658552 1
1 49 0.018921998419580935 1
1 50 0.013224946552652866 1
1 51 0.00505257296343347 1
1 52 0.009049039223338495 1
1 53 0.00426270935821172 1
1 54 0.0040417998340583575 1
1 55 0.011400778318576055 1
1 56 0.02464965755396009 1
1 57 0.08999871378463295 1
1 58 0.06213192569451466 1
1 59 0.006599395519691241 1
1 60 0.005087704534489368 1
1 61 0.01485910787369693 1
1 62 0.016519769188434563 1
1 63 0.021915948841549238 1
1 64 0.04480044872887312 1
1 65 1.3879439221358525 1
1 66 0.22706428805420317 1
1 67 0.07768103215654089 1
1 68 0.05065599321993974 1
1 69 0.04823178361025626 1
1 70 0.132665307464507 1
1 71 0.0348399712476454 1
1 72 0.07849919423338059 1
1 73 0.016612128368313987 1
1 74 0.012055760356005581 1
1 75 0.6726356609008929 0.25
1 76 0.1703644018408367 0.5
1 77 0.10987913983523959 0.25
1 78 0.04582067329663653 1
1 79 0.04540550371520946 1
1 80 0.047382230146664046 1
1 81 0.058158755483514124 1
1 82 0.001901323381632819 1
1 83 0.0014569534747751844 1
1 84 0.007334984564835657 1
1 85 0.02219705526323199 1
1 86 0.0017622099502565148 1
1 87 0.0018114396206328676 1
1 88 0.012225925326904778 1
1 89 0.04899415660145427 1
1 90 0.048982464806067154 0.000244140625
1 91 0.05869452540462023 0.5
1 92 0.00025733897843810156 1
1 93 0.0009582915879236223 1
1 94 0.0026900811462392655 1
1 95 0.00595329339865591 1
1 96 0.010604181496643142 1
1 97 0.008854897680151096 1
1 98 0.00318762718589897 1
1 99 0.0003953607021449513 1
1 100 0.00006746522774459568 1
STEP 1 0.5147610879806455 2.1228108390732356 0.00006746522774459568
2 1 29.6401173906288 1
2 2 34.959027204060845 0.0625
2 3 5.414202246747558 1
2 4 0.8256531029344052 1
2 5 0.0959746087998359 1
2 6 0.6997106127797061 1
2 7 0.1058854120742635 1
2 8 0.09331844821683727 0.015625
2 9 0.017075463465151125 1
2 10 0.19260315003569786 1
2 11 0.02596882672660817 1
2 12 0.012009074676605178 1
2 13 0.012228719914835645 1
2 14 0.011040365988635429 1
2 15 0.010282444803074536 1
2 16 0.00891704675308666 1
2 17 0.27066602016156127 0.25
2 18 0.2851513167649019 0.03125
2 19 0.1427571741388427 0.5
2 20 0.008650940398991842 1
2 21 0.007861701193120543 1
2 22 0.005713822255298602 1
2 23 0.03212063931843124 1
2 24 0.11928681094239532 1
2 25 0.264143295730443 1
2 26 0.34340908315863583 1
2 27 0.2451089937847047 0.5
2 28 0.2175557829526468 0.125
2 29 0.11449835119872763 0.5
2 30 0.004485612503426663 1
2 31 0.005778051782259275 1
2 32 0.004882917045355274 1
2 33 0.009507689197739023 1
2 34 0.0006826727517451562 1
2 35 0.00032524299630900394 1
2 36 0.02010509435566908 1
2 37 0.037321190121993565 0.001953125
2 38 0.0001768363509498331 1
2 39 0.0006663526850508254 1
2 40 0.0003630476982855995 1
2 41 0.0007935398936393344 1
2 42 0.0028272090487451813 1
2 43 0.00943883708489138 1
2 44 0.026084349401102137 1
2 45 0.046283245626390315 1
2 46 0.04627774068968339 0.0001220703125
2 47 0.008862852087094579 1
2 48 0.02195573384243357 1
2 49 0.02127917404008342 1
2 50 0.012948171564768688 1
2 51 0.004454156540621421 1
2 52 0.0006339442458384674 1
2 53 0.000021021257698319905 1
STEP 2 0.5360205786158254 2.1259490635179956 0.000021021257698319905
3 1 134.4699555048168 1
3 2 2.8279370947852502 1
3 3 0.6833389803300358 1
3 4 0.16474746505134757 1
3 5 0.5549887331187979 1
3 6 0.07980370746037846 1
3 7 0.6999902042577495 1
3 8 0.7718358674462904 1
3 9 0.030418526476884367 1
3 10 0.06612098746516887 1
3 11 0.04187064891812482 1
3 12 0.025701683825979586 0.015625
3 13 0.009319407594612101 1
3 14 0.01034181122508085 1
3 15 0.027378494600576456 1
3 16 0.041860258765815 1
3 17 0.03619436731668414 1
3 18 0.16479594381468357 1
3 19 0.34808084317536003 1
3 20 0.4583260828179394 1
3 21 0.45810289597656373 0.00048828125
3 22 0.07756916856417925 1
3 23 0.0692481211789585 0.25
3 24 0.06310534132415724 0.125
3 25 0.001911649081974829 1
3 26 0.0028713624114571758 1
3 27 0.004641927825816426 1
3 28 0.09037168726007441 1
3 29 0.09032839898331255 0.00048828125
3 30 0.015675949770802645 1
3 31 0.048532884375931375 1
3 32 0.04852121373144407 0.000244140625
3 33 0.009690591391875983 1
3 34 0.028153767824359598 1
3 35 0.04792734843564483 1
3 36 0.047915848459642654 0.000244140625
3 37 0.008583144355628756 1
3 38 0.01843241742170024 1
3 39 0.01761387091339453 1
3 40 0.00886103182769917 1
3 41 0.002115179939940868 1
3 42 0.00016628612732416084 1
3 43 0.000002908920148136755 1
3 1 0.7880789291518873 1
3 2 0.39562086956774456 1
3 3 0.18997716556195623 1
3 4 0.3216509389545248 1
3 5 0.3699452285283052 1
3 6 0.3480657197364958 0.0625
3 7 0.045871305793999104 1
3 8 0.21647424800227733 1
3 9 0.11362772532760279 1
3 10 0.16866241300627785 1
3 11 0.16337022794350767 1
3 12 0.040919945496121615 1
3 13 0.2969510493450343 1
3 14 0.13828552880401476 1
3 15 0.08803900040566118 1
3 16 0.03835625984430475 1
3 17 0.054628434126457896 1
3 18 0.3175266433049786 0.5
3 19 0.1439272102324111 0.5
3 20 0.016540539977845922 1
3 21 0.023648352637899807 1
3 22 0.015766993263993827 1
3 23 0.01462375146369368 1
3 24 0.02447689551022361 1
3 25 0.07153407649087426 1
3 26 0.15981530068490882 1
3 27 0.4831934752536403 0.5
3 28 0.04421404631191064 1
3 29 0.03682634280786318 0.5
3 30 0.004920122412821417 1
3 31 0.019251497758814323 1
3 32 0.006833576390847 1
3 33 0.0091610458800906 1
3 34 0.01142353888478334 1
3 35 0.013020609520462323 1
3 36 0.04472023693288119 0.125
3 37 0.006760460267738402 1
3 38 0.0030117374156730216 1
3 39 0.034698033480950435 1
3 40 0.00472235636631509 1
3 41 0.00850804791515837 1
3 42 0.009109692684275982 1
3 43 0.004085602690774858 1
3 44 0.07507259941729107 0.25
3 45 0.006533303756165489 1
3 46 0.028095805204060346 0.25
3 47 0.06316271781872863 1
3 48 0.007861242211139093 1
3 49 0.01808273843862316 0.125
3 50 0.000765690604688952 1
3 51 0.00420708339661953 0.03125
3 52 0.00017237998474380588 1
3 53 0.0001272962319323525 1
3 54 0.00005542084798009807 1
STEP 3 0.557089653799627 2.1069075183801633 0.00005542084798009807
4 1 96.60782767408926 1
4 2 16.335396243667283 1
4 3 1.5911655736127344 1
4 4 0.6526601689052766 1
4 5 0.4574439316123726 1
4 6 0.29437979731138575 1
4 7 0.17867079843517286 1
4 8 0.38330474583694574 1
4 9 0.07598665832746553 1
4 10 0.21514511253377924 1
4 11 0.05347229080434042 1
4 12 0.02970782925048969 1
4 13 0.028519359403891234 1
4 14 0.023522358762283563 1
4 15 0.02100984449289984 1
4 16 0.030164442623157872 1
4 17 0.17963040444760003 1
4 18 0.01271076157822319 1
4 19 0.011751426929810502 1
4 20 0.010335838109231993 1
4 21 0.016095602323256505 1
4 22 0.03520649443609048 1
4 23 0.042378622560901295 1
4 24 0.03634405214517438 1
4 25 0.26714551756234156 1
4 26 0.2592064881495198 0.03125
4 27 0.060519673072904644 1
4 28 0.1517978524084262 1
4 29 0.25377436261701597 1
4 30 0.25352693942533194 0.0009765625
4 31 0.041144279079148575 1
4 32 0.08318133539332469 1
4 33 0.1444219884844037 1
4 34 0.14428141507060505 0.0009765625
4 35 0.025970666080460156 1
4 36 0.06577616933141966 1
4 37 0.055117170147364634 1
4 38 0.06599336364064382 1
4 39 0.06592929460817627 0.0009765625
4 40 0.009663859560150688 1
4 41 0.009661513759376407 0.000244140625
4 42 0.002332732703619998 1
4 43 0.005541279615373024 1
4 44 0.008611382097173215 1
4 45 0.008609291465530116 0.000244140625
4 46 0.00131792021627395 1
4 47 0.002150554050021833 1
4 48 0.0017800595911500595 1
4 49 0.0006286509952344267 1
4 50 0.00007852894327548725 1
STEP 4 0.5777567636931391 2.066710989351206 0.00007852894327548725
5 1 357.03486567180175 1
5 2 129.87353356335507 1
5 3 22.84809093168482 1
5 4 2.0858883914380053 1
5 5 0.6243916278643377 1
5 6 0.44729938202515784 1
5 7 0.29390753808729525 1
5 8 0.18093088440190713 1
5 9 0.20045880698493676 1
5 10 0.6019906344401695 1
5 11 0.17155733295412 1
5 12 0.05339396944458136 1
5 13 0.08511084603348171 1
5 14 0.20298414613645602 0.125
5 15 0.31756939161438713 0.5
5 16 0.023908988525846553 1
5 17 0.019554916353082888 1
5 18 0.015890521749508082 1
5 19 0.0726130577221512 1
5 20 0.13914878334736963 0.0625
5 21 0.025918335841965363 1
5 22 0.016909453415808115 1
5 23 0.012097357267675173 1
5 24 0.0101700871726527 1
5 25 0.011020320373775015 1
5 26 0.017601595002269814 1
5 27 0.009464654131204925 1
5 28 0.16434131593728699 1
5 29 0.4620075043407253 1
5 30 0.5964441818984502 1
5 31 0.5952795925560523 0.001953125
5 32 0.09329866738664022 1
5 33 0.002128453808792224 1
5 34 0.0015312850654929586 1
5 35 0.006580382382227062 1
5 36 0.025171865820521975 1
5 37 0.0009359300524500848 1
5 38 0.0010450236540876562 1
5 39 0.0013580786473043616 1
5 40 0.04264503958612098 1
5 41 0.06218011830667147 0.0625
5 42 0.003254833016323555 1
5 43 0.05794530811097034 1
5 44 0.0016714239762666422 1
5 45 0.010282132298260882 1
5 46 0.02859465177839071 1
5 47 0.03977156053046285 0.015625
5 48 0.00283720998572597 1
5 49 0.0026903436516655978 1
5 50 0.007449418917654148 1
5 51 0.012118114892837817 1
5 52 0.02622477549499285 1
5 53 0.01579516880578307 0.015625
5 54 0.00356985650873356 1
5 55 0.0017467776097713815 1
5 56 0.0035606374280538686 1
5 57 0.008131654961213704 1
5 58 0.019169503065579758 1
5 59 0.03210478490947411 1
5 60 0.0405558750414965 1
5 61 0.0347277498818408 1
5 62 0.021910107361159538 1
5 63 0.017329668693249697 1
5 64 0.008883294114154854 1
5 65 0.0032182126696536405 1
5 66 0.0003016499251341266 1
5 67 0.000014268133971672738 1
STEP 5 0.5978172956253012 2.0060531932162062 0.000014268133971672738
6 1 1.6366568195970679 1
6 2 0.6164870169277802 1
6 3 0.33590763684928576 1
6 4 0.1769289987106535 1
6 5 0.16406208964536834 1
6 6 0.2672919101304023 1
6 7 0.08221037728836178 1
6 8 0.5683362743300868 1
6 9 0.27542885714979143 1
6 10 0.1138982720274289 1
6 11 0.06364635269479159 1
6 12 0.058999284558989944 1
6 13 0.053043170676755166 1
6 14 0.043903181303795266 1
6 15 0.09296964832928468 1
6 16 0.023116957484707778 1
6 17 0.02181494896714942 1
6 18 0.01349263014153464 1
6 19 0.015039464992266794 1
6 20 0.04434158540502707 1
6 21 0.15868157540580102 1
6 22 0.34883193438955745 0.125
6 23 0.01690939314924698 1
6 24 0.009560624916228298 1
6 25 0.009079826967855774 1
6 26 0.008321525054398513 1
6 27 0.0072593001545401565 1
6 28 0.005928654093762262 1
6 29 0.0367100848886267 1
6 30 0.15258318298337137 1
6 31 0.38338677524208914 1
6 32 0.5198626229400019 1
6 33 0.33616815110478165 1
6 34 0.05292715875157092 1
6 35 0.009890741220999383 1
6 36 0.019317582302071326 1
6 37 0.008043271404667535 1
6 38 0.004910262555441958 1
6 39 0.001476427334333261 1
6 40 0.00012924301561689517 1
6 41 0.000001770025715237128 1
STEP 6 0.6170761924423415 1.9258896817040294 0.000001770025715237128
7 1 1.9288413649938383 1
7 2 2.753528408430152 0.03125
7 3 0.7773720066647314 1
7 4 0.2034667278862801 1
7 5 0.8161452684818059 1
7 6 0.1569538355877488 1
7 7 0.13327502491397422 1
7 8 0.12574769473246086 1
7 9 0.14850467999672243 1
7 10 0.11205079666869344 1
7 11 0.035352985811381465 1
7 12 0.035055549197223854 1
7 13 0.02553227355325413 1
7 14 0.021311475464533523 1
7 15 0.11628040366453572 1
7 16 0.011368367622454014 1
7 17 0.0173103732441149 1
7 18 0.02256198188230845 1
7 19 0.11799408708804277 1
7 20 0.33645146678638155 1
7 21 0.5358055447022632 1
7 22 0.20056278105608005 1
7 23 0.1754823533025285 0.125
7 24 0.003423548822685807 1
7 25 0.0020020361862191083 1
7 26 0.0033724103821238458 0.5
7 27 0.0007108407160520856 1
7 28 0.0006900445522785173 1
7 29 0.0010422116539353932 1
7 30 0.0033947384282288426 1
7 31 0.009291340051657375 1
7 32 0.018652873820942606 1
7 33 0.022020378321163016 1
7 34 0.007446927104219088 1
7 35 0.013218682359830546 1
7 36 0.01661240986730111 1
7 37 0.006283121824564854 1
7 38 0.0016883237521541732 1
7 39 0.0002957692487595299 1
7 40 0.000011101690442554164 1
STEP 7 0.6353482569459208 1.8272064503579322 0.000011101690442554164
8 1 1.4876582922193151 1
8 2 0.8052076645263244 1
8 3 0.13557913253462608 1
8 4 0.20565954880282947 1
8 5 0.15648650796197108 1
8 6 0.23912025232127437 1
8 7 0.21859303334111124 1
8 8 0.16390781196853965 0.25
8 9 0.03237013743268748 1
8 10 0.0468991397318206 1
8 11 0.09936487080943754 1
8 12 0.04960931143147415 1
8 13 0.18211465188970374 1
8 14 0.2629163875061732 1
8 15 1.2033546287937138 1
8 16 0.20259956777340304 1
8 17 0.05001316608499684 1
8 18 0.043835839946379185 1
8 19 0.03890404694575572 1
8 20 0.03910058111564324 1
8 21 0.080677290906167 1
8 22 0.37703799903998564 1
8 23 0.10582661235866343 1
8 24 1.0007605262627663 0.0625
8 25 0.031535087377083965 1
8 26 2.1167353070554773 1
8 27 0.08415022241071897 1
8 28 0.24928334738249022 1
8 29 0.47280178831372477 1
8 30 0.04103415938093323 1
8 31 0.01170736476075685 1
8 32 0.011537584712309302 1
8 33 0.022110695370349487 1
8 34 0.026729716095424072 1
8 35 0.0377453541238808 1
8 36 0.09416330871817713 1
8 37 0.102853909547969 1
8 38 0.1289954889644738 1
8 39 0.11550479082708714 1
8 40 0.11304282384099332 1
8 41 0.1049532136879085 1
8 42 0.09190103009726128 1
8 43 0.07757794968027534 1
8 44 0.060998712580052405 1
8 45 0.05898814417979298 1
8 46 0.14223859552075882 1
8 47 0.03065654346167601 1
8 48 0.025670053545566937 1
8 49 0.018225424925342022 1
8 50 0.018740599842102027 1
8 51 0.7219422830731078 1
8 52 0.05858044423327671 1
8 53 0.0789721415497616 1
8 54 0.014574249789513553 1
8 55 0.3093133254371945 0.5
8 56 0.4771278599498687 1
8 57 0.02844093284947321 1
8 58 0.013913171518708321 1
8 59 0.013596461900779781 1
8 60 0.01314091997845494 1
8 61 0.012264965175034977 1
8 62 0.010912297917738024 1
8 63 0.7071969869129674 1
8 64 0.8861884069872151 1
8 65 0.8888052052149207 0.0625
8 66 0.24476377501297572 1
8 67 0.20247070009148113 1
8 68 0.22028027365981345 1
8 69 0.4649034138940744 1
8 70 2.4172066910152084 0.5
8 71 0.8295467290473328 0.5
8 72 0.0559857580214341 1
8 73 0.03403579899408386 1
8 74 0.05260963826331189 1
8 75 0.05036688816625516 1
8 76 0.03550994820000272 1
8 77 0.008727621211951125 1
8 78 0.008430995554038326 1
8 79 0.0032759675171104563 1
8 80 0.007736655203177508 1
8 81 0.1846822690821473 1
8 82 0.556350324883726 1
8 83 0.028192454877066113 1
8 84 0.032246760989918306 1
8 85 0.015516219937146853 1
8 86 0.0019788338495815077 1
8 87 0.0012028983438280945 1
8 88 0.0005072859515803723 1
8 89 0.00005593545410984002 1
STEP 8 0.6524647297050248 1.7116472759103996 0.00005593545410984002
9 1 1.391246245301275 1
9 2 1.0182363867121573 1
9 3 1.0516384161062737 1
9 4 0.7571802408906266 1
9 5 0.20635744025710534 1
9 6 0.4082141697309941 1
9 7 0.045779357268282084 1
9 8 0.06149383651186084 1
9 9 0.08627472544069548 1
9 10 0.06371884651531137 1
9 11 0.10288979303166695 1
9 12 0.06823600382217454 1
9 13 0.08076296890824357 1
9 14 4.211718840498568 1
9 15 0.31741274921026696 1
9 16 0.025665056764755292 1
9 17 0.03743305015680154 1
9 18 0.2844928639322588 1
9 19 1.9612801366248993 1
9 20 0.035816827736655205 1
9 21 0.2852435534520483 1
9 22 0.5047075429558132 1
9 23 0.8954844965566889 0.25
9 24 0.8822318225448047 0.015625
9 25 0.014791192396560106 1
9 26 0.17063977686193232 1
9 27 0.37831961781586376 0.03125
9 28 0.020248021392295867 1
9 29 0.01395628693891194 1
9 30 0.018045924153114692 1
9 31 0.05716934849576907 1
9 32 0.18687113668523714 1
9 33 0.17976509503575538 0.015625
9 34 0.016068720470827177 1
9 35 0.01294420924682981 1
9 36 0.008973773760607817 1
9 37 0.006016382896420028 1
9 38 0.009747850907768727 1
9 39 0.027419868175024457 1
9 40 0.04965798388048531 0.03125
9 41 0.0037526059215345874 1
9 42 0.08785156575294886 1
9 43 0.02855464891461948 1
9 44 0.05398221656767252 0.0625
9 45 0.008618602110025068 1
9 46 0.204825687503627 1
9 47 0.003272831296080414 1
9 48 0.0028046347677372994 1
9 49 0.0037224692642154516 1
9 50 0.007404380566540365 1
9 51 0.016585455387868386 1
9 52 0.036012511661248324 1
9 53 0.048213334280762896 1
9 54 0.028677159603526053 1
9 55 0.007846176834469818 1
9 56 0.016333657876320365 1
9 57 0.008164103535051422 1
9 58 0.0012950671136217609 1
9 59 0.0001073078722242239 1
9 60 0.0000036659029268859555 1
STEP 9 0.6682800532711861 1.5815323566161332 0.0000036659029268859555
10 1 1.4109127000357933 1
10 2 0.5487571192147811 1
10 3 0.6942962540570344 1
10 4 0.46659427859972236 1
10 5 1.3161998927025167 1
10 6 0.6585146362236666 1
10 7 1.2602250087870408 1
10 8 0.0647011443792701 1
10 9 0.5879906870566705 1
10 10 0.17114802961571807 1
10 11 0.49800215142425425 1
10 12 0.7890140239978254 1
10 13 0.7852937972266442 0.00390625
10 14 2.967184618802 1
10 15 0.2560828534574391 1
10 16 1.1343828081985443 0.25
10 17 0.03840622122689353 1
10 18 0.04161419504138561 1
10 19 0.05210825885695235 1
10 20 0.07820000521396586 1
10 21 1.422043864048779 0.5
10 22 0.16737598440199894 1
10 23 0.048635901782056186 1
10 24 0.019629314990672123 1
10 25 0.018279772356262766 1
10 26 0.01775473130533407 1
10 27 0.017389812324452778 1
10 28 0.016882120845751643 1
10 29 0.027984270394952354 1
10 30 0.015225019746604613 1
10 31 0.514670075917103 1
10 32 0.02315653480275786 1
10 33 0.060498632518135025 1
10 34 0.11126312168176822 1
10 35 0.11899663807030315 1
10 36 0.060745641303029424 1
10 37 0.013833496852797287 1
10 38 0.007561006128640274 0.5
10 39 0.0011454120673449432 1
10 40 0.00023422638566546628 1
10 41 0.000017599463824021812 1
STEP 10 0.68267446855386 1.4394415282673934 0.000017599463824021812
11 1 1.1588010712411396 1
11 2 5.343525342557607 0.5
11 3 2.6261587817536096 1
11 4 1.028311193566259 1
11 5 0.3303393414294167 1
11 6 0.31118975458096965 1
11 7 0.2908180960653431 1
11 8 0.2583994418719397 1
11 9 0.21418641740586247 1
11 10 0.16097086878211 1
11 11 0.11329560326526068 1
11 12 0.25306911942793464 1
11 13 0.17000114916118583 1
11 14 0.21916797136012248 1
11 15 0.21577930025373773 1
11 16 1.7341250199440517 1
11 17 0.15801003475587136 1
11 18 0.338794204733339 0.015625
11 19 0.3335012566492236 0.015625
11 20 0.0561378221045047 1
11 21 0.010521993485267563 1
11 22 0.013025992639006313 1
11 23 0.02511964624394061 1
11 24 0.0712273383139167 1
11 25 0.1482940278398297 1
11 26 0.1873651227290485 1
11 27 0.10415645463022179 1
11 28 0.006492998991481598 1
11 29 0.02969077309972436 1
11 30 0.017032090313202505 1
11 31 0.003686009496379391 1
11 32 0.002267391178948282 1
11 33 0.002596498396861271 1
11 34 0.0019456377645070914 0.5
11 35 0.0000015528556014457462 1
STEP 11 0.6955138694730197 1.2839400919159694 0.0000015528556014457462
12 1 1.0266004895006233 1
12 2 7.12106924686663 1
12 3 3.4884461732641787 1
12 4 1.360715321222306 1
12 5 0.3929770953600849 1
12 6 0.12604738251061048 1
12 7 0.12179365790116244 1
12 8 0.11446615492817716 1
12 9 0.10592622425921963 1
12 10 0.09171307880160619 1
12 11 0.07302525425347058 1
12 12 0.5109201203656267 1
12 13 0.06910605846795025 1
12 14 0.09152960169990743 1
12 15 0.38664503079377216 1
12 16 0.012287351916263909 1
12 17 0.03920946672551347 1
12 18 0.009698883392240683 1
12 19 0.15708534870211766 1
12 20 0.026307791034250717 1
12 21 0.07781216201958858 1
12 22 0.13069283102382434 1
12 23 0.07469684398723747 1
12 24 0.07447121354980729 1
12 25 0.002080306301925204 1
12 26 0.001400634348181471 1
12 27 0.010433410045543656 1
12 28 0.05618938842457135 1
12 29 0.04931802776411693 0.125
12 30 0.002847526225192628 1
12 31 0.0025094726142997304 1
12 32 0.002062733034364459 1
12 33 0.0027543535320632565 1
12 34 0.0056632188623517874 1
12 35 0.008621720885384761 1
12 36 0.007721054828667712 1
12 37 0.014180191253040127 1
12 38 0.03162362118751273 1
12 39 0.04872235706678724 1
12 40 0.04305874435077971 1
12 41 0.018021674995951857 1
12 42 0.007882608112148012 1
12 43 0.0033402481161362734 1
12 44 0.0005993500052680141 1
12 45 0.000022456409173286958 1
STEP 12 0.7066807607710891 1.116689129806936 0.000022456409173286958
13 1 0.8993229156330003 1
13 2 0.6603593509203722 1
13 3 1.8097412672794193 1
13 4 0.37065839534687967 1
13 5 0.18287345997983723 1
13 6 0.3247304744214193 1
13 7 0.5895790825186353 0.5
13 8 0.03193357759245851 1
13 9 0.02751812808524916 1
13 10 0.02315660513756826 1
13 11 0.19885247804603645 0.5
13 12 0.018897289115370405 1
13 13 0.01635988307361405 1
13 14 0.01267969532371914 1
13 15 0.014451545540229578 1
13 16 0.012084430369435486 1
13 17 0.024940374904539684 1
13 18 0.04576625786214822 1
13 19 0.055690552553523565 1
13 20 0.011669334947113759 1
13 21 0.00989564314379332 1
13 22 0.00718461334386947 1
13 23 0.004303250253060542 1
13 24 0.002107719442502758 1
13 25 0.0019571519411826967 1
13 26 0.0017394574533547008 1
13 27 0.0022079681908946792 1
13 28 0.0029839278588183063 1
13 29 0.029524255219201875 1
13 30 0.02844815928065492 1
13 31 0.09754006625977789 1
13 32 0.15712743161384252 1
13 33 0.14127974936028748 1
13 34 0.04965891826958776 1
13 35 0.04336430922187191 0.125
13 36 0.04057927407300634 0.0625
13 37 0.039943273840321064 0.015625
13 38 0.03990426485255052 0.0009765625
13 39 0.0001393388859396654 1
13 40 0.0005152246125940951 1
13 41 0.0025264112034695347 1
13 42 0.009670293224617984 1
13 43 0.026519216192300275 1
13 44 0.04505692592329179 1
13 45 0.04008384808753074 1
13 46 0.016245105976140758 1
13 47 0.002581116414524554 1
13 48 0.00012458910721630575 1
13 49 0.0000014833477765645309 1
STEP 13 0.7160735733046417 0.9392812533552619 0.0000014833477765645309
14 1 0.809856801216025 1
14 2 1.4004047606121304 1
14 3 1.585775848931784 1
14 4 0.07165360608434096 1
14 5 0.052970311729917424 1
14 6 0.7515220459360246 1
14 7 0.8750801764083808 0.125
14 8 0.4034184150200507 1
14 9 0.5679767602658509 0.125
14 10 0.15967750141426246 1
14 11 0.1873212779863563 0.0625
14 12 0.024555050158551722 1
14 13 0.023495998379484018 1
14 14 0.02144142644060515 1
14 15 0.017943213561178742 1
14 16 0.013118450317172778 1
14 17 0.2443820521091081 1
14 18 0.08750771172688904 1
14 19 0.07539176216983165 1
14 20 0.38020647931013407 1
14 21 0.39015459956482074 1
14 22 0.06114309607942063 1
14 23 0.06106283910719049 1
14 24 0.058020539582972784 1
14 25 0.05528734282381702 1
14 26 0.257867901103675 1
14 27 0.3212300039955859 0.0625
14 28 0.039425562765947685 1
14 29 0.03389118003696402 1
14 30 0.032690814251862974 1
14 31 0.03148698382412845 1
14 32 0.11413660420228414 1
14 33 0.8376637275822985 0.5
14 34 0.05517924851512432 1
14 35 0.07613368738280693 1
14 36 0.02717782717324187 1
14 37 0.028565702343743785 1
14 38 0.2019988554966635 0.25
14 39 0.29840600385937527 0.25
14 40 0.02646260124385441 1
14 41 0.04738333890946763 1
14 42 0.13957281856686032 1
14 43 0.10278285680580337 1
14 44 0.09688045584472804 1
14 45 0.0840702554155229 1
14 46 0.08390648407056758 0.001953125
14 47 0.02326733115810271 1
14 48 0.17488362028777257 0.0078125
14 49 0.011943741607676951 1
14 50 0.10048935244731516 0.0078125
14 51 0.00977149294184957 1
14 52 0.03571276852425153 1
14 53 0.9030009631819645 1
14 54 0.9576149326086557 0.0625
14 55 0.03614550937732372 1
14 56 0.3028844715501194 1
14 57 0.17449736373178681 1
14 58 0.1738197170004619 0.00390625
14 59 0.03510924727707433 1
14 60 0.04295007621158054 1
14 61 0.042929265291456006 0.00048828125
14 62 0.004810707670210184 1
14 63 0.004287648793275679 1
14 64 0.00428713928245957 0.0001220703125
14 65 0.0013179837352177 1
14 66 0.0013415095861098866 1
14 67 0.003195145137529963 1
14 68 0.003194950656565735 0.00006103515625
14 69 0.0011253945183900527 1
14 70 0.00563280538956021 1
14 71 0.0008611280068139548 1
14 72 0.000972565121587804 1
14 73 0.0015548790853837924 1
14 74 0.01499223035676081 1
14 75 0.013715311800208692 1
14 76 0.022908040778096554 1
14 77 0.09071340458175536 1
14 78 0.014155111882486382 1
14 79 0.013487980197266169 1
14 80 0.03260310739521102 1
14 81 0.07439952133213174 1
14 82 0.1094660704433908 1
14 83 0.07902400273030229 1
14 84 0.0016964085518258879 1
14 85 0.0010744707804693282 1
14 86 0.0008696113213525441 1
14 87 0.001656230910591403 1
14 88 0.013681814059841858 1
14 89 0.013681396748457995 0.000030517578125
14 90 0.0036420006312956796 1
14 91 0.01385503959715154 1
14 92 0.01721358448402503 0.5
14 93 0.03434318472817309 1
14 94 0.06494328427758407 1
14 95 0.0656284432780571 1
14 96 0.031145943413210753 1
14 97 0.006172012720484097 1
14 98 0.00039942442169310817 1
14 99 0.000006406161059837375 1
STEP 14 0.7236059084872473 0.7532335182605543 0.000006406161059837375
15 1 0.6223981352760006 1
15 2 3.2933631699107875 1
15 3 3.9987866420587097 1
15 4 0.05036758298704713 1
15 5 1.2273718731281194 1
15 6 1.3769867747789142 0.25
15 7 0.22292538358823377 1
15 8 0.42945049268059987 0.125
15 9 0.16329845378297964 1
15 10 0.26500886886680725 0.125
15 11 0.09821148945441947 1
15 12 0.0283018702607402 1
15 13 0.011468075700674235 1
15 14 0.009569448615965398 1
15 15 0.007003317390500835 1
15 16 0.00838522978679725 1
15 17 0.006842568437920391 1
15 18 0.018287231759320757 1
15 19 0.04010869321759004 1
15 20 0.04957189319655773 1
15 21 0.02743520753912914 1
15 22 0.02743353415002629 0.00006103515625
15 23 0.002214711736938342 1
15 24 0.003203481271526 1
15 25 0.00987871304146162 1
15 26 0.014813203125124541 1
15 27 0.007833693395576893 1
15 28 0.0014712418625674505 1
15 29 0.0000868156279767978 1
STEP 15 0.7292038385633528 0.559793007610554 0.0000868156279767978
16 1 0.40847448619730997 1
16 2 3.5097021076247588 1
16 3 0.08982001559942213 1
16 4 0.12915539735715367 1
16 5 0.15475991904221092 1
16 6 0.08723477975478959 1
16 7 0.02694456479594452 1
16 8 0.02237822897304071 1
16 9 0.026707614889317492 1
16 10 0.014733378989640195 1
16 11 0.004320207007094542 1
16 12 0.0043201409547131584 0.0000152587890625
16 13 0.0008136323429673588 1
16 14 0.002203902738815179 1
16 15 0.002910636361732419 1
16 16 0.0014997631154757495 1
16 17 0.00026923386730381103 1
16 18 0.000014895157391424125 1
STEP 16 0.7328069210274246 0.3603082464071816 0.000014895157391424125
17 1 0.3451447928709779 1
17 2 0.39754137248036353 1
17 3 0.16782889234320905 1
17 4 0.09239555638920702 1
17 5 0.07288072758151734 1
17 6 1.452581969696063 1
17 7 0.5106806006202219 1
17 8 0.06992325630690278 1
17 9 0.04209018609456458 1
17 10 0.034605529725074864 1
17 11 0.013965440637806761 1
17 12 0.01043662451497529 1
17 13 0.0065890892543907995 1
17 14 0.028082866928381654 1
17 15 0.014090051745735563 1
17 16 0.02319268342305908 1
17 17 0.02845436453760782 1
17 18 0.0244592548967629 1
17 19 0.0244585080429987 0.000030517578125
17 20 0.002504920743070341 1
17 21 0.0020828551449879017 1
17 22 0.006681192136831544 1
17 23 0.01567214565579514 1
17 24 0.011333962553419698 1
17 25 0.00289503133600827 1
17 26 0.00024185459940474427 1
17 27 0.000005703486320238985 1
STEP 17 0.734367520043183 0.1560599015758335 0.000005703486320238985
18 1 0.3224907205630051 1
18 2 2.895288194833354 1
18 3 0.4838059071892184 1
18 4 0.01830871251558451 1
18 5 0.017721998733620743 1
18 6 0.011573510395457828 1
18 7 0.006366696805419944 1
18 8 0.006466754708227079 1
18 9 0.0041575428916426835 1
18 10 0.001594005630280386 1
18 11 0.001349526165317254 1
18 12 0.002864967448184894 1
18 13 0.0015560258872991035 1
18 14 0.00027856729107483477 1
18 15 0.000015181582116267044 1
STEP 18 0.733850948426584 -0.05165716165989043 0.000015181582116267044
19 1 0.30274615500279234 1
19 2 1.9686784859861917 1
19 3 0.02960376090954908 1
19 4 0.3301460437244129 0.03125
19 5 0.018719179328402707 1
19 6 0.013375334566305134 1
19 7 0.007817553378388202 1
19 8 0.0035973772768035143 1
19 9 0.004948383502476832 1
19 10 0.0069005322711395145 1
19 11 0.03012099545236737 1
19 12 0.006934007210623072 1
19 13 0.004380464151830188 1
19 14 0.002427594035034031 1
19 15 0.0009185520150816785 1
19 16 0.00015007470539241596 1
19 17 0.00000803185043089967 1
STEP 19 0.7312344266337047 -0.26165217928793005 0.00000803185043089967
20 1 0.539204755856705 1
20 2 0.6938186356615184 1
20 3 0.02849475614678243 1
20 4 0.3142101799506839 0.03125
20 5 0.018805500081735906 1
20 6 0.032717677072788935 1
20 7 0.03736678072097277 1
20 8 0.027626440286416865 1
20 9 0.03713982298029149 1
20 10 0.20425079715138578 1
20 11 0.021661438526370785 1
20 12 0.009805004839364955 1
20 13 0.015259571665569358 1
20 14 0.024042939865377574 1
20 15 0.016407304036633326 1
20 16 0.012610138520147564 1
20 17 0.009947719564478865 1
20 18 0.01620011693068836 1
20 19 0.008622736496708413 1
20 20 0.012119232272720886 1
20 21 0.01262039442840959 1
20 22 0.009852642700616874 1
20 23 0.0035172773761525107 1
20 24 0.0004375147721235671 1
20 25 0.000015984173478293716 1
STEP 20 0.7265060290311667 -0.47283976025380703 0.000015984173478293716
21 1 0.7992930558217353 1
21 2 0.08535454833095524 1
21 3 1.2910991240791798 0.5
21 4 0.019766247023802808 1
21 5 0.14788954984923955 0.015625
21 6 0.016465939089613968 1
21 7 0.01229437811550858 1
21 8 0.007621409353490903 1
21 9 0.004338584379578167 1
21 10 0.015951184159252306 0.00048828125
21 11 0.002679128000881779 1
21 12 0.002344591618624453 1
21 13 0.010066562508783955 1
21 14 0.029499991241872022 1
21 15 0.048578660463958104 1
21 16 0.04020372564009084 1
21 17 0.018124245085900253 1
21 18 0.006886030058304248 1
21 19 0.0023143816006915147 1
21 20 0.0003847406317047917 1
21 21 0.000021546038216204615 1
STEP 21 0.7196644299192735 -0.6841599111893193 0.000021546038216204615
22 1 23.23453018659433 1
22 2 0.8966390215371641 1
22 3 0.14452172133986868 1
22 4 0.07985641860173369 1
22 5 0.04225455317481285 1
22 6 0.021286414262642713 1
22 7 0.013611311253943744 1
22 8 0.01529726427689183 1
22 9 0.04204091809215975 1
