rest 1 0.02273933012348849 1
rest 2 0.0011301075094684056 1
rest 3 0.000334950814009594 1
rest 4 0.0002305575579917277 1
rest 5 0.00022081166361104617 1
rest 6 0.00017448966122226417 1
rest 7 0.00007981689272124306 1
REST true undefined
regression-load 0 1 0.959631479314711 1
regression-load 0 2 0.014129941306126298 1
regression-load 0 3 0.010024704517819887 1
regression-load 0 4 0.03278284819633297 1
regression-load 0 5 0.008494699487859858 1
regression-load 0 6 0.0006731648700262355 1
regression-load 0 7 0.00011005919423535959 1
regression-load 0 8 0.00008318076773035577 1
regression-load 0 1 4.108797343881671 1
regression-load 0 2 0.11719169355829379 1
regression-load 0 3 0.027004675803163534 1
regression-load 0 4 0.012132908114710565 1
regression-load 0 5 0.012885151054336047 1
regression-load 0 6 0.02377802061966816 1
regression-load 0 7 0.0091263005750028 1
regression-load 0 8 0.008149348544116114 1
regression-load 0 9 0.006521876113268925 1
regression-load 0 10 0.004375406153494708 1
regression-load 0 11 0.0027019414200655303 1
regression-load 0 12 0.001506770397849716 1
regression-load 0 13 0.0005894323115941263 1
regression-load 0 14 0.0001445749798104981 1
regression-load 0 15 0.000033052519140454794 1
STEP 0 regression-load 0.28445506420357414 0.034497537868083405 0.000033052519140454794
lift 1 1 0.28681332446493335 1
lift 1 2 0.005248517471246071 1
lift 1 3 0.0027141175069551222 1
lift 1 4 0.0012024583306973723 1
lift 1 5 0.0007762532003914822 1
lift 1 6 0.0002766246337553638 1
lift 1 7 0.0000416327390314955 1
STEP 1 lift 0.29630399475260727 0.39496435163443777 0.0000416327390314955
lift 2 1 0.20611324346833199 1
lift 2 2 1.2459428721550445 1
lift 2 3 0.03155664312841954 1
lift 2 4 0.12653716098928652 1
lift 2 5 0.007732020899553271 1
lift 2 6 0.005633783418814153 1
lift 2 7 0.002376897977296011 1
lift 2 8 0.0004715362319074323 1
lift 2 9 0.00003621120372598874 1
STEP 2 lift 0.32091473380732377 0.8203579684905501 0.00003621120372598874
lift 3 1 0.29151830493688424 1
lift 3 2 0.03007515252328488 1
lift 3 3 0.005224877937432152 1
lift 3 4 0.002254227642164184 1
lift 3 5 0.0008959911566354267 1
lift 3 6 0.00034547215369684636 1
lift 3 7 0.00006823622612796764 1
lift 3 1 0.2712025818933449 1
lift 3 2 0.017272759265078527 1
lift 3 3 0.005707860892735659 1
lift 3 4 0.004380007740175884 1
lift 3 5 0.0009183992934642948 1
lift 3 6 0.0004254931055833744 1
lift 3 7 0.00008879588959320728 1
STEP 3 lift 0.35874014618788 1.2608470793518753 0.00008879588959320728
lift 4 1 0.0015221699116700904 1
lift 4 2 0.00012476430530206084 1
lift 4 3 0.0000235438554920947 1
lift 4 1 1.051433928783029 1
lift 4 2 0.581440772327026 1
lift 4 3 0.2095110896112852 1
lift 4 4 0.009495215178768987 1
lift 4 5 0.004192191673765278 1
lift 4 6 0.0017340939591483917 1
lift 4 7 0.00007300666039956188 1
STEP 4 lift 0.41157143441935995 1.761042941049331 0.00007300666039956188
release 5 1 125.55671439414259 0.5
release 5 2 27.015352944674945 1
release 5 3 10.61427390751501 1
release 5 4 12.806053358302584 1
release 5 5 7.377372423831326 1
release 5 6 7.971007336958159 1
release 5 7 6.935061929350816 1
release 5 8 3.795480181660559 1
release 5 9 20.25411061014832 1
release 5 10 9.941271440041056 1
release 5 11 1.908806534879835 1
release 5 12 1.0665545027020626 1
release 5 13 1.4537085563635521 1
release 5 14 0.5658173153307252 1
release 5 15 1.183060995199559 1
release 5 16 0.4994186455807727 1
release 5 17 0.43312410384829203 1
release 5 18 0.47138105597075086 1
release 5 19 0.23987368014741847 1
release 5 20 0.9644714907914326 1
release 5 21 7.80604865992907 1
release 5 22 0.09150945623219961 1
release 5 23 0.12278061656948284 1
release 5 24 0.04926133358918956 1
release 5 25 0.04736814025746405 1
release 5 26 0.04364915678118768 1
release 5 27 0.07740739643108852 1
release 5 28 1.0975760688669869 0.125
release 5 29 0.035529419505968614 1
release 5 30 0.1352986765648096 1
release 5 31 0.40688030439206413 1
release 5 32 1.4663925326228002 0.5
release 5 33 0.35478590907891383 1
release 5 34 0.07273113505214535 1
release 5 35 0.028477099839107737 1
release 5 36 0.026278035329103926 1
release 5 37 0.02615709898353578 1
release 5 38 0.025919256176567592 1
release 5 39 0.025485248005392022 1
release 5 40 0.024669114921025165 1
release 5 41 0.04757362622657967 1
release 5 42 0.14581158815454823 0.0625
release 5 43 0.03486189822947867 1
release 5 44 0.022832765894538757 1
release 5 45 0.022545005605721896 1
release 5 46 0.021988599924577065 1
release 5 47 0.020935405125909842 1
release 5 48 0.13561239925549648 0.25
release 5 49 0.01862720927113523 1
release 5 50 0.45443267703894746 0.25
release 5 51 0.019790688280504686 1
release 5 52 0.017901773797073677 1
release 5 53 0.017764255353181307 1
release 5 54 0.01749791941916803 1
release 5 55 0.016987333189748863 1
release 5 56 0.01602986789461401 1
release 5 57 0.6041139536036888 0.5
release 5 58 0.016962850606349063 1
release 5 59 0.01510989557465761 1
release 5 60 0.014936667577457537 1
release 5 61 0.014601110768242585 1
release 5 62 0.017484033127458564 1
release 5 63 0.4480885217144235 0.5
release 5 64 0.015568220776107316 1
release 5 65 0.013322247188406812 1
release 5 66 0.013204693692939416 1
release 5 67 0.012974585092678072 1
release 5 68 0.012531600146163563 1
release 5 69 0.011709535893555197 1
release 5 70 0.24206576567547183 0.25
release 5 71 0.012769316335624222 1
release 5 72 0.011340898718977642 1
release 5 73 0.011278449230159044 1
release 5 74 0.011155982496064818 1
release 5 75 0.010918400798014514 1
release 5 76 0.010465868813872596 1
release 5 77 0.31050907904751995 0.5
release 5 78 0.010561537702510154 1
release 5 79 0.010004988028493781 1
release 5 80 0.009920719501177249 1
release 5 81 0.009756069721258611 1
release 5 82 0.009439304716196023 1
release 5 83 0.22614492518345175 0.5
release 5 84 0.009092679994116037 1
release 5 85 0.008974253889949876 1
release 5 86 0.008744592656654962 1
release 5 87 0.008311468970205715 1
release 5 88 0.2429622057471223 0.5
release 5 89 0.015179910132894305 1
release 5 90 0.007914544678393923 1
release 5 91 0.007882013861846567 1
release 5 92 0.007817992252085902 1
release 5 93 0.007693087842419296 1
release 5 94 0.007452703938157186 1
release 5 95 0.28999186979425245 1
release 5 96 0.011736149534142976 1
release 5 97 0.006980356299762762 1
release 5 98 0.006936157172091994 1
release 5 99 0.0068498152286884245 1
release 5 100 0.006682600599452781 1
release 5 101 0.006366958697300854 1
release 5 102 0.24733219036766044 1
release 5 103 0.015008690879637455 1
release 5 104 0.005798277797550808 1
release 5 105 0.005775085238540763 1
release 5 106 0.00573041775308879 1
release 5 107 0.005643973931719314 1
release 5 108 0.005477816114580756 1
release 5 109 0.10915590176298759 1
release 5 110 0.005111260854545296 1
release 5 111 0.0049932318056975684 1
release 5 112 0.05477316724804252 1
release 5 113 0.004728584920456663 1
release 5 114 0.00464276564275658 1
release 5 115 0.022441890963313702 1
release 5 116 0.004178360176026354 1
release 5 117 0.004607817608639282 1
release 5 118 0.012686344403919258 1
release 5 119 0.02825787945578668 1
release 5 120 0.05019766482858996 1
release 5 121 0.07715665127489177 1
release 5 122 0.11729609452225064 1
release 5 123 0.17025347847587063 1
release 5 124 0.1702123599143853 0.000244140625
release 5 125 0.02896527704938655 1
release 5 126 0.06313341388158022 0.5
release 5 127 0.08074472272433698 1
release 5 128 0.01772178502052414 1
release 5 129 0.0014174139991357396 1
release 5 130 0.000030397643739945722 1
release 5 1 1.126459252604944 1
release 5 2 0.16577577388236187 1
release 5 3 0.18785338270869498 1
release 5 4 0.02239720657162104 1
release 5 5 0.013921694606555181 1
release 5 6 0.23022418758061772 1
release 5 7 0.14868657396301918 0.25
release 5 8 0.017141171287062676 1
release 5 9 0.01756803486303897 1
release 5 10 0.03477571470215618 1
release 5 11 0.05567368209277569 1
release 5 12 0.054895412715762246 1
release 5 13 0.023995652991561183 1
release 5 14 0.012991875136630356 0.5
release 5 15 0.01588319399576102 0.5
release 5 16 0.00048502967027047746 1
release 5 17 0.0000691143421599795 1
STEP 5 release 0.4725577769299898 2.0328780836876614 0.0000691143421599795
release 6 1 181.7224841574576 0.5
release 6 2 16.679982060911456 1
release 6 3 38.78751591459462 1
release 6 4 8.363973786757434 1
release 6 5 2.3441367310147516 1
release 6 6 4.040299207377968 1
release 6 7 2.9332813705360214 1
release 6 8 1.809101734795817 1
release 6 9 1.2858655006613986 1
release 6 10 0.9961641386201779 1
release 6 11 0.7986330259812174 1
release 6 12 1.1606214672316613 1
release 6 13 2.5655302296440774 1
release 6 14 0.3747587460237722 1
release 6 15 0.30080818553213096 1
release 6 16 0.8030763986262301 1
release 6 17 8.589933858352987 0.5
release 6 18 1.6870219478192805 1
release 6 19 0.3469821323216815 1
release 6 20 0.34353340973977686 1
release 6 21 0.35236789984861727 1
release 6 22 0.3941183386297511 1
release 6 23 0.5678341629231478 1
release 6 24 1.5226322074177576 1
release 6 25 20.466255510102 1
release 6 26 6.300534066111932 1
release 6 27 2.932292032918549 1
release 6 28 0.3016833202879342 1
release 6 29 0.3000806742786132 1
release 6 30 0.3138184829069263 1
release 6 31 1.671853694577671 1
release 6 32 0.2683832830768711 1
release 6 33 0.38986751957085514 1
release 6 34 0.24041481204348544 1
release 6 35 0.28698491264544695 1
release 6 36 0.23496722814612656 1
release 6 37 0.2372398788183755 1
release 6 38 0.2276368257691696 1
release 6 39 0.22587020273790187 1
release 6 40 0.21986167748084592 1
release 6 41 0.2165687595957973 1
release 6 42 0.21623695085602954 1
release 6 43 0.2145916709489071 1
release 6 44 0.21192686759479082 1
release 6 45 0.2857456467618219 1
release 6 46 0.20297875904115875 1
release 6 47 0.2036939843439679 1
release 6 48 0.3708491967435337 1
release 6 49 0.1427056438285087 1
release 6 50 0.13569471488139337 1
release 6 51 0.16458330002586427 1
release 6 52 0.4147577434484063 1
release 6 53 0.085131573748726 1
release 6 54 0.08264371185033505 1
release 6 55 0.601541270138412 1
release 6 56 0.8352625660499924 1
release 6 57 0.2656592120522312 1
release 6 58 0.07157812973419019 1
release 6 59 0.3015150453637848 1
release 6 60 0.19349360030808563 1
release 6 61 0.07469821704372367 1
release 6 62 0.16925905299401456 1
release 6 63 0.052682931840275796 1
release 6 64 0.5542384432153262 1
release 6 65 0.8662171069235531 0.5
release 6 66 0.0569540133694232 1
release 6 67 0.1539384331726193 1
release 6 68 0.2803467387259781 1
release 6 69 0.28495041201433047 0.0078125
release 6 70 0.041569275712649026 1
release 6 71 0.019468878973707353 0.0625
release 6 72 0.00503487284938962 1
release 6 73 0.013030453337922243 1
release 6 74 0.0601265196694623 1
release 6 75 0.06481839500319006 0.015625
release 6 76 0.019374744769067986 1
release 6 77 0.05536532751156259 0.5
release 6 78 0.0349089210142442 1
release 6 79 0.0033157168493915833 1
release 6 80 0.003390522451727357 1
release 6 81 0.0065970458214593825 1
release 6 82 0.058819122185486336 1
release 6 83 0.013545784578603674 1
release 6 84 0.011462352220122374 1
release 6 85 1.1695082645720816 1
release 6 86 0.6147779297131013 0.25
release 6 87 0.04375615489696763 1
release 6 88 0.04904075924192086 1
release 6 89 0.042785694478939096 1
release 6 90 0.03430728293080665 1
release 6 91 0.02678864530546669 1
release 6 92 0.22549342680056822 1
release 6 93 0.5336143755628957 1
release 6 94 0.5002816613852161 0.125
release 6 95 0.02206964819656692 1
release 6 96 0.031455725639081215 0.0625
release 6 97 0.017443362367117965 1
release 6 98 0.014252436121913615 1
release 6 99 0.014117764057154114 1
release 6 100 0.013998943015060715 1
release 6 101 0.07642920634804755 1
release 6 102 0.013804141522356768 1
release 6 103 0.013986746306570829 1
release 6 104 0.033142988404862184 1
release 6 105 0.1850178934154818 1
release 6 106 0.011594227455501174 1
release 6 107 0.01154569943433586 1
release 6 108 0.01136650125246502 1
release 6 109 0.011265370572124782 1
release 6 110 0.01296465062218375 1
release 6 111 0.014365597407099896 1
release 6 112 0.03190805675755859 1
release 6 113 0.011128426839420192 1
release 6 114 0.011125411963635513 1
release 6 115 0.011059120861256527 1
release 6 116 0.010822544610954946 1
release 6 117 0.014011333590166165 1
release 6 118 0.010732374015987603 1
release 6 119 0.030573671746108158 1
release 6 120 0.39023872830783435 1
release 6 121 0.020575900307073236 1
release 6 122 0.04891741069965877 1
release 6 123 0.01427833244178122 1
release 6 124 0.013578760994012017 1
release 6 125 0.15102301170518972 1
release 6 126 0.01763351490128651 1
release 6 127 0.015248028703142057 1
release 6 128 0.011696788759727277 1
release 6 129 0.0075473095276026025 1
release 6 130 0.0040419333468161515 1
release 6 131 0.0042551254632246975 1
release 6 132 0.030140617590823197 1
release 6 133 0.008571122646004875 1
release 6 134 0.013125987927930401 1
release 6 135 0.10959829584330587 1
release 6 136 0.10954576671473747 0.00048828125
release 6 137 0.029750499781005867 1
release 6 138 0.12038231144472022 1
release 6 139 0.10893472241332451 0.125
release 6 140 0.030661759842845263 1
release 6 141 0.04139909496946634 0.5
release 6 142 0.09755680404746864 1
release 6 143 0.09753318134886978 0.000244140625
release 6 144 0.023174477497336362 1
release 6 145 0.08467995099936129 1
release 6 146 0.24569966166868357 1
release 6 147 0.24558122229368398 0.00048828125
release 6 148 0.053410347073659624 1
release 6 149 0.1127644425300361 0.5
release 6 150 0.0017350321125651175 1
release 6 151 0.005309891148353806 1
release 6 152 0.008675418674084025 1
release 6 153 0.00846763231483881 1
release 6 154 0.13034512928357816 1
release 6 155 0.1302842732477492 0.00048828125
release 6 156 0.012968373483979036 1
release 6 157 0.0538912697129681 1
release 6 158 0.05388483884759415 0.0001220703125
release 6 159 0.008181153129375797 1
release 6 160 0.02192578530934424 1
release 6 161 0.021762176267597782 1
release 6 162 0.013718342501778391 1
release 6 163 0.004951169892248051 1
release 6 164 0.0007700384965080673 1
release 6 165 0.00002893912485517889 1
STEP 6 release 0.5338824714827944 2.0441564850934886 0.00002893912485517889
release 7 1 238.56602296962438 0.5
release 7 2 56.521614941977006 1
release 7 3 20.907154564376906 1
release 7 4 10.459461321003207 1
release 7 5 8.212404317959667 1
release 7 6 21.50659904483315 1
release 7 7 1.858085770382253 1
release 7 8 0.7820401380342592 1
release 7 9 0.6682943227892478 1
release 7 10 0.5398670698272203 1
release 7 11 0.3770654140048575 1
release 7 12 0.5920415920309279 1
release 7 13 3.095937822839529 0.5
release 7 14 0.4989691864546744 1
release 7 15 0.22896412544555625 1
release 7 16 0.1927992063329611 1
release 7 17 0.28022316506060235 1
release 7 18 1.3766194254835222 1
release 7 19 0.07417323248573542 1
release 7 20 0.07672259919106712 1
release 7 21 0.07049852366822439 1
release 7 22 0.1562083567727457 1
release 7 23 0.055500926271100724 1
release 7 24 0.9251628571898474 0.125
release 7 25 0.04717876452364967 1
release 7 26 0.038923894751866694 1
release 7 27 0.02801204467928834 1
release 7 28 0.12511111297454336 1
release 7 29 0.06653553128951938 1
release 7 30 0.07446410940053019 1
release 7 31 0.4036868817117366 0.125
release 7 32 0.030115084367923456 1
release 7 33 0.011953941623934008 1
release 7 34 0.021269931812154416 1
release 7 35 0.057426661478575565 1
release 7 36 0.10713140451002312 1
release 7 37 0.015784762771659723 1
release 7 38 0.009554234732951684 1
release 7 39 0.16544268640619608 0.5
release 7 40 0.016951432166051106 1
release 7 41 0.033062519800481915 1
release 7 42 0.016561416025889168 0.015625
release 7 43 0.025557055425767434 1
release 7 44 0.023409446371001744 0.125
release 7 45 0.02125850747251962 1
release 7 46 0.024623789069061236 1
release 7 47 0.0824920161680946 0.0625
release 7 48 0.023906031151849777 1
release 7 49 0.0838386473302204 0.125
release 7 50 0.021134572691480842 1
release 7 51 0.02347998322966857 1
release 7 52 0.04022522155775031 0.0625
release 7 53 0.022282724506884892 1
release 7 54 0.022939639986395925 1
release 7 55 0.07674556383025945 0.125
release 7 56 0.02257255351903649 1
release 7 57 0.022324882203150178 1
release 7 58 0.12981244902775244 0.25
release 7 59 0.02183382637123453 1
release 7 60 0.02161891779335546 1
release 7 61 0.17576080197251764 0.5
release 7 62 0.020679050130607557 1
release 7 63 0.13558471593586316 1
release 7 64 0.028136645732764975 1
release 7 65 0.025834874868116794 1
release 7 66 0.019751441872127098 1
release 7 67 0.01860746149874868 1
release 7 68 0.08348558513003645 1
release 7 69 0.025810811387347837 1
release 7 70 0.06698863847286061 1
release 7 71 0.05638182110202162 0.25
release 7 72 0.05047218453005155 0.125
release 7 73 0.17850070320089514 0.25
release 7 74 0.01143247094017348 1
release 7 75 0.06949273114904363 0.0078125
release 7 76 0.011638230792450516 1
release 7 77 0.011274178720123335 1
release 7 78 0.018300059723688804 1
release 7 79 0.06534647808385415 1
release 7 80 0.12322511643321701 0.5
release 7 81 0.38451898382260674 0.25
release 7 82 0.704579413822314 0.5
release 7 83 0.011858004613922326 1
release 7 84 0.3953619548378944 0.5
release 7 85 0.044780719463395215 1
release 7 86 0.174678842719008 1
release 7 87 0.39518948110537017 1
release 7 88 0.36770512904221914 0.5
release 7 89 0.0931323988240571 1
release 7 90 0.08036497382971586 1
release 7 91 0.12948897292166708 1
release 7 92 0.258927884480098 1
release 7 93 1.5284426497818961 0.5
release 7 94 1.328270283203576 0.25
release 7 95 0.8307200787086564 1
release 7 96 0.8244110836495568 0.0078125
release 7 97 0.8282601556458782 1
release 7 98 0.7790987408154069 0.0625
release 7 99 0.7549921601795131 0.03125
release 7 100 0.026435973726804694 1
release 7 101 0.026052919460055696 0.015625
release 7 102 0.007977541470796282 1
release 7 103 0.027464011961134932 1
release 7 104 0.026097785667754586 0.0625
release 7 105 0.006214191604771769 1
release 7 106 0.021337864148355694 1
release 7 107 0.06311447000118767 1
release 7 108 0.13546365921088668 1
release 7 109 0.08093344265443342 1
release 7 110 0.02688575209182268 1
release 7 111 0.023158653997656674 1
release 7 112 0.008462268029927113 1
release 7 113 0.004208199603739904 1
release 7 114 0.000400476034096809 1
release 7 115 0.000011096221428256309 1
release 7 1 0.9868668486215545 1
release 7 2 0.8226755042122552 1
release 7 3 0.38085694013108007 1
release 7 4 0.42979662333021773 1
release 7 5 0.03384628023417798 1
release 7 6 0.3272744459233012 1
release 7 7 0.67742900295548 0.5
release 7 8 0.037648836284885495 1
release 7 9 0.029135779653977414 1
release 7 10 0.027997156914842246 1
release 7 11 0.03861567088691227 1
release 7 12 0.024792622414145163 1
release 7 13 0.02123630262711667 1
release 7 14 0.056636630904016126 1
release 7 15 0.13935421559678415 1
release 7 16 0.2209498480633976 0.125
release 7 17 0.027556501676136234 1
release 7 18 0.13373468144112974 1
release 7 19 0.07198829977425553 1
release 7 20 0.29234786319771533 0.5
release 7 21 0.2805501448417436 0.25
release 7 22 0.1617914937396822 0.5
release 7 23 0.10066313806434152 1
release 7 24 0.019561682211342482 1
release 7 25 0.025414477541412753 1
release 7 26 0.06555536091055497 1
release 7 27 0.06560912863310192 0.5
release 7 28 0.05901093329880038 0.125
release 7 29 0.009186488550872455 1
release 7 30 0.02479706787570985 1
release 7 31 0.04875274804463903 1
release 7 32 0.05784780311288322 1
release 7 33 0.07401743362015642 0.25
release 7 34 0.021388739597839747 1
release 7 35 0.0049964180192822345 1
release 7 36 0.0009433015470184068 1
release 7 37 0.00014010276487106082 1
release 7 38 9.950190440442819e-7 1
STEP 7 release 0.5899705273987155 1.8696018638640344 9.950190440442819e-7
release 8 1 75.73028347489844 1
release 8 2 9.00696537904412 1
release 8 3 2.5620725868488314 1
release 8 4 1.994663429395614 1
release 8 5 1.4156649785212343 1
release 8 6 2.6089215660168206 1
release 8 7 8.714332518776963 1
release 8 8 1.7196870398422017 1
release 8 9 0.579754815264025 1
release 8 10 0.5178860316281617 1
release 8 11 0.4247910113689234 1
release 8 12 0.37511225376670093 1
release 8 13 0.36359509876686225 1
release 8 14 0.36058688346294215 1
release 8 15 0.3539321053249481 1
release 8 16 0.34529921388915075 1
release 8 17 0.3342305295004172 1
release 8 18 0.31712955684554767 1
release 8 19 0.28365291693673783 1
release 8 20 1.6911819315568604 1
release 8 21 0.814511458935304 1
release 8 22 4.8224745552973864 0.5
release 8 23 0.6077318646738602 1
release 8 24 1.6166862418270607 1
release 8 25 0.17856654500738625 1
release 8 26 0.09265424236803392 1
release 8 27 0.08131483539277318 1
release 8 28 0.07868400993587704 1
release 8 29 0.068397429425027 1
release 8 30 0.06601529402943619 1
release 8 31 0.12026787080684065 1
release 8 32 0.2883666515700043 1
release 8 33 0.0994593464171089 1
release 8 34 0.08536357283920612 1
release 8 35 0.05724799922386933 1
release 8 36 0.05454592316190654 1
release 8 37 0.04900599431401172 1
release 8 38 0.07583639042109562 1
release 8 39 0.1405995551147643 1
release 8 40 0.17896504829302734 1
release 8 41 1.5256829742507565 1
release 8 42 0.5903965454877252 1
release 8 43 0.5858883101150487 0.0078125
release 8 44 0.19284186470343403 1
release 8 45 0.4973094552852009 1
release 8 46 1.1876246925609621 1
Debugger listening on ws://127.0.0.1:9229/5bf74f01-cecf-4b4d-925b-f02e2487e759
For help, see: https://nodejs.org/learn/getting-started/debugging
Debugger attached.
Debugger ending on ws://127.0.0.1:9229/5bf74f01-cecf-4b4d-925b-f02e2487e759
For help, see: https://nodejs.org/learn/getting-started/debugging
release 8 47 1.1829242336217516 0.00390625
release 8 48 1.0384397970646924 0.125
release 8 49 0.1789855891810051 1
release 8 50 0.08122228253603408 1
release 8 51 0.0653407236679359 1
release 8 52 0.0484905496362567 1
release 8 53 0.06709551606957287 1
release 8 54 0.5970626469561269 1
release 8 55 0.07848092319361263 1
release 8 56 0.38429887722966727 0.125
release 8 57 0.04710563740040953 1
release 8 58 0.04096907500008918 1
release 8 59 0.03130924747509861 1
release 8 60 0.02290607001995309 1
Debugger attached.
Debugger ending on ws://127.0.0.1:9229/5bf74f01-cecf-4b4d-925b-f02e2487e759
For help, see: https://nodejs.org/learn/getting-started/debugging
release 8 61 0.0772597996165095 1
release 8 62 0.05137005485144468 1
release 8 63 0.013260884214233406 1
release 8 64 0.012986004524072423 1
release 8 65 0.012517590131673015 1
release 8 66 0.012029664908910545 1
release 8 67 0.011338966023708886 1
release 8 68 0.06225336729366214 1
release 8 69 0.07333586351010767 1
release 8 70 0.14366056904307323 1
release 8 71 0.9977694085578368 1
release 8 72 2.70930415935423 1
release 8 73 0.6333047012846418 1
release 8 74 0.23349722840439657 1
release 8 75 0.2221606038935376 1
release 8 76 0.2329326545332441 1
release 8 77 0.23688244630682598 1
release 8 78 0.21696194453060252 1
release 8 79 0.2436670533801809 1
release 8 80 1.0408299940116126 1
release 8 81 1.3595359102881364 1
release 8 82 0.05937891872904072 1
release 8 83 0.23059515654786955 1
release 8 84 0.018251223349601633 1
release 8 85 0.08041652904852309 1
release 8 86 0.019621398092481895 1
release 8 87 0.0158653125946425 1
release 8 88 0.01427336100522773 1
release 8 89 0.010816281259587085 1
release 8 90 0.012543010892556623 1
release 8 91 0.008117019852751928 1
release 8 92 0.26781507360080964 0.5
release 8 93 0.0035788617526707114 1
release 8 94 0.004905618609226848 1
release 8 95 0.01739800932190093 1
release 8 96 0.053775259015704166 1
release 8 97 0.1330528940029605 1
release 8 98 0.22620667914737566 1
release 8 99 0.20120072739234385 0.125
release 8 100 0.031184325728082607 1
release 8 101 0.05197943933315225 1
release 8 102 0.04012613735355727 1
release 8 103 0.03981162905131084 0.0078125
release 8 104 0.004100882836372911 1
release 8 105 0.015089291531753531 0.125
release 8 106 0.00028777929459693284 1
release 8 107 0.0002850760529653351 1
release 8 108 0.0002786257733830625 1
release 8 109 0.0002610836234549976 1
release 8 110 0.0007158239450232205 1
release 8 111 0.0018731214273189803 1
release 8 112 0.005142373882963598 1
release 8 113 0.018409238061158337 1
release 8 114 0.0326553232925932 1
release 8 115 0.027645239108030354 1
release 8 116 0.010703420848735429 1
release 8 117 0.006907444128094837 1
release 8 118 0.0020566174090425474 1
release 8 119 0.00018093575659446212 1
release 8 120 0.0000022605382386012805 1
STEP 8 release 0.6361250981963691 1.5384856932551205 0.0000022605382386012805
release 9 1 5.6360724895396785 1
release 9 2 4.202959420689568 1
release 9 3 1.6208147246034517 1
release 9 4 1.6987064211862 1
release 9 5 3.7136326669751814 1
release 9 6 6.675893761870094 1
release 9 7 0.18214006395115012 1
release 9 8 0.2822859139989756 1
release 9 9 0.38379805023702807 1
release 9 10 0.16158371489996284 1
release 9 11 0.16102038737460933 1
release 9 12 0.15950172637326893 1
release 9 13 0.5366262664559115 1
release 9 14 2.1656202183447206 0.5
release 9 15 0.14369021736501977 1
release 9 16 0.34255953077345636 1
release 9 17 0.2879325147269545 1
release 9 18 0.7693674705832358 1
release 9 19 0.12038194858356789 1
release 9 20 0.22237443121044065 1
release 9 21 0.8918253306381242 1
release 9 22 0.2985956955767204 1
release 9 23 0.10399466613148318 1
release 9 24 0.20057164060147098 1
release 9 25 0.3231134671899574 1
release 9 26 0.09614852149347822 1
release 9 27 0.11671498921747406 1
release 9 28 3.480551380276592 0.125
release 9 29 0.587582026013218 1
release 9 30 0.14285292476000447 1
release 9 31 0.0904035750487488 1
release 9 32 0.09005643073448455 1
release 9 33 0.08949458134454467 1
release 9 34 0.08980807042326316 1
release 9 35 0.09007758403506481 1
release 9 36 0.09288791801108555 1
release 9 37 0.13185641457029665 1
release 9 38 1.121299934369488 1
release 9 39 0.527389126877608 1
release 9 40 2.9773027722952974 1
release 9 41 0.1801000007478069 1
release 9 42 0.2624792873616584 1
release 9 43 0.9380072768807304 0.25
release 9 44 0.07271682133949679 1
release 9 45 0.05245998717148415 1
release 9 46 0.07864591824549416 1
release 9 47 0.06230853361199414 1
release 9 48 0.06330356924383988 1
release 9 49 0.08779499867812028 1
release 9 50 0.475831948362054 1
release 9 51 1.805696095542918 0.0625
release 9 52 0.24413778966348804 1
release 9 53 0.04542913198564691 1
release 9 54 0.045333888732392885 1
release 9 55 0.04177646885948212 1
release 9 56 0.04751661932980757 1
release 9 57 1.0180343960388059 1
release 9 58 0.26405003335216615 1
release 9 59 0.6994686303505429 0.5
release 9 60 0.34761114665680126 0.5
release 9 61 0.031122452152664962 1
release 9 62 0.3449962263994714 1
release 9 63 0.07225694028139594 1
release 9 64 0.1696850151916195 1
release 9 65 0.26623706973757083 1
release 9 66 0.265200656246633 0.00390625
release 9 67 0.03861102653084733 1
release 9 68 0.05891747647533348 0.0078125
release 9 69 0.001927516394294582 1
release 9 70 0.009304894691370169 1
release 9 71 0.02933411896454783 1
release 9 72 0.048227592874977625 0.03125
release 9 73 0.003001457510052121 1
release 9 74 0.06947765028957552 1
release 9 75 0.003460586888262792 1
release 9 76 0.010918838495532653 1
release 9 77 0.028217420347003773 1
release 9 78 0.05634451073511773 0.0625
release 9 79 0.0036509897204454397 1
release 9 80 0.004056798155413858 1
release 9 81 0.003012594933221493 1
release 9 82 0.004257725295823326 1
release 9 83 0.008586740641956737 1
release 9 84 0.01247823243493487 1
release 9 85 0.023880038046275014 1
release 9 86 0.03318576869686523 1
release 9 87 0.025836379171116374 1
release 9 88 0.013494935299392004 1
release 9 89 0.006883715828055309 1
release 9 90 0.001991131673634231 1
release 9 91 0.0003645317778813162 1
release 9 92 0.00003777283526842012 1
STEP 9 release 0.6690222349556207 1.0965712253083886 0.00003777283526842012
release 10 1 2.0733024957094512 1
release 10 2 11.764138533969147 1
release 10 3 1.1360790645866208 1
release 10 4 4.728003555280323 0.5
release 10 5 8.43642297981448 1
release 10 6 0.17651489106431512 1
release 10 7 4.213470758558378 1
release 10 8 0.5989854300733309 1
release 10 9 1.9479325977167532 1
release 10 10 0.2505169494351315 1
release 10 11 0.05399158251962809 1
release 10 12 0.17733114264226885 1
release 10 13 0.03176692700461158 1
release 10 14 0.026353103925161256 1
release 10 15 0.05035964944430148 1
release 10 16 1.1290134406428856 0.5
release 10 17 0.24650769621615193 1
release 10 18 0.4677473790342905 1
release 10 19 0.7711425417561202 0.03125
release 10 20 0.8785735071079632 1
release 10 21 0.8104181791407574 0.0625
release 10 22 0.010042710837337447 1
release 10 23 0.009695716611576316 1
release 10 24 0.016316281012107598 1
release 10 25 0.04672032958206005 1
release 10 26 0.1250286014266672 1
release 10 27 0.15644988483870811 1
release 10 28 0.20449974526602996 1
release 10 29 0.5151007167432965 1
release 10 30 0.8239351779780133 1
release 10 31 0.4919989880103635 1
release 10 32 0.0032160420722148406 1
release 10 33 0.041068986286343444 1
release 10 34 0.04895282549142331 1
release 10 35 0.25219800170198436 1
release 10 36 0.10529898829444628 1
release 10 37 0.07555949891935969 1
release 10 38 0.24469611561252058 1
release 10 39 0.05519696779071441 1
release 10 40 0.1894632558738873 1
release 10 41 0.4363757683988345 1
release 10 42 0.20058295689578312 0.015625
release 10 43 0.0972273018272472 1
release 10 44 0.04209248166013485 1
release 10 45 0.19762519850340265 1
release 10 46 0.12670646822762463 0.125
release 10 47 0.1414724687636028 1
release 10 48 0.07238474703972231 0.25
release 10 49 0.464890983716426 0.5
release 10 50 0.05101581548835965 1
release 10 51 0.31731405416248837 1
release 10 52 0.0539430283458877 1
release 10 53 0.32031058986227573 1
release 10 54 0.01184037708025561 1
release 10 55 0.017355602894484113 1
release 10 56 0.043664303032490075 1
release 10 57 0.08317955016115099 1
release 10 58 0.12196103180751132 1
release 10 59 0.09535551582591868 0.5
release 10 60 0.08496197669492572 0.125
release 10 61 0.07450579658439813 0.125
release 10 62 0.055926116934189606 0.25
release 10 63 0.055489039025391325 0.0078125
release 10 64 0.0007349691759333084 1
release 10 65 0.0007206940125809036 1
release 10 66 0.0010561708173874133 1
release 10 67 0.003025445063585222 1
release 10 68 0.004284640120420483 1
release 10 69 0.016192108054360804 1
release 10 70 0.03579659947353079 1
release 10 71 0.14178319628457178 1
release 10 72 0.14174858227615608 0.000244140625
release 10 73 0.04412970468833468 1
release 10 74 0.14356273163650138 1
release 10 75 0.32929298519966244 1
release 10 76 0.4945474133372645 1
release 10 77 0.38176291403078105 1
release 10 78 0.3346027369714509 1
release 10 79 0.08091010384664736 1
release 10 80 0.0809076289878079 0.000030517578125
release 10 81 0.05014131580537171 1
release 10 82 0.002507830694388586 1
release 10 83 0.0007919337477008746 1
release 10 84 0.000010495411626270518 1
STEP 10 release 0.6862089804509087 0.5728915165095994 0.000010495411626270518
release 11 1 1.3199756397080775 1
release 11 2 0.5608725080260005 1
release 11 3 2.0896717190020855 1
release 11 4 0.2619177328775225 1
release 11 5 0.11138447123314808 1
release 11 6 0.07794694787764837 1
release 11 7 0.07321332446239222 1
release 11 8 0.07082107642297118 1
release 11 9 0.11084758346686939 1
release 11 10 0.06154257325295237 1
release 11 11 0.08575421862755658 1
release 11 12 0.05289455978599706 1
release 11 13 0.05039922839376111 1
release 11 14 0.08882812910890014 1
release 11 15 0.045470231968288276 1
release 11 16 0.044342869310878434 1
release 11 17 0.16183741100481994 1
release 11 18 0.11523768015101934 1
release 11 19 0.8173921138152266 0.5
release 11 20 0.6906646568428864 0.5
release 11 21 0.05711167420133336 1
release 11 22 0.0305908198210497 1
release 11 23 0.27030242894224393 1
release 11 24 0.6516108836094213 1
release 11 25 0.2811550703767162 1
release 11 26 0.038444226545883455 1
release 11 27 0.03932919377980799 1
release 11 28 0.08621390595403085 1
release 11 29 0.20241045502205618 1
release 11 30 0.6840392832269905 1
release 11 31 0.29029646767104456 1
release 11 32 0.0394742136577307 1
release 11 33 0.08642653944246548 1
release 11 34 0.1322911298353848 1
release 11 35 0.1276793782088373 1
release 11 36 0.08876067465224213 1
release 11 37 0.14303410683441298 1
release 11 38 0.14289433314788513 0.0009765625
release 11 39 0.023906703155066576 1
release 11 40 0.06643236855880122 1
release 11 41 0.6472578039567756 1
release 11 42 0.6459916681261474 0.001953125
release 11 43 0.034939841178196804 1
release 11 44 0.5533362785294247 1
release 11 45 0.029552081007228677 1
release 11 46 0.12937433925032404 1
release 11 47 0.1293585666557995 0.0001220703125
release 11 48 0.006497185122346241 1
release 11 49 0.00697522615479751 1
release 11 50 0.017639261228001638 1
release 11 51 0.017638724046566696 0.000030517578125
release 11 52 0.005369279803465927 1
release 11 53 0.02159861786798931 1
release 11 54 0.06283653912678842 1
release 11 55 0.10936985953737025 1
release 11 56 0.09651079387400097 1
release 11 57 0.045877822833434494 1
release 11 58 0.01045339763192161 1
release 11 59 0.0009579720478962827 1
release 11 60 0.00001886098017808897 1
STEP 11 release 0.6863557897080043 0.004893641903184569 0.00001886098017808897
release 12 1 1.6328238994402824 1
release 12 2 1.310851760045555 1
release 12 3 0.8903472741040979 1
release 12 4 0.7943950834109905 1
release 12 5 0.6672076784009573 1
release 12 6 0.49046742227801343 1
release 12 7 4.279654970556892 1
release 12 8 0.676460142452874 1
release 12 9 0.1263937188520346 1
release 12 10 2.3884331713626965 1
release 12 11 0.493801547043171 1
release 12 12 0.2260886161077541 1
release 12 13 0.0962596206716628 1
release 12 14 0.06342625890843226 1
release 12 15 0.05956421718172559 1
release 12 16 2.32819386957015 1
release 12 17 0.4626034527739787 1
release 12 18 0.09550760426139193 1
release 12 19 0.11888742458263563 1
release 12 20 0.04161001720240948 1
release 12 21 1.714210773168379 0.5
release 12 22 0.3181265626514397 0.03125
release 12 23 0.1418690400601471 1
release 12 24 0.1426144536944811 1
release 12 25 0.10993280655802096 1
release 12 26 0.06685320877592105 1
release 12 27 0.03619150858066536 1
release 12 28 0.03537869209591777 1
release 12 29 0.6402405565250575 0.5
release 12 30 0.0344426417741636 1
release 12 31 0.03412846684258532 1
release 12 32 0.03351245036906221 1
release 12 33 0.0323327194468317 1
release 12 34 0.8573493698680925 0.5
release 12 35 0.19132739434547671 1
release 12 36 0.031185827721550763 1
release 12 37 0.03109620215959522 1
release 12 38 0.030918555140581172 1
release 12 39 0.030568214665136356 1
release 12 40 0.02988670373489239 1
release 12 41 1.0342635446107842 1
release 12 42 0.16631198997628974 1
release 12 43 0.028501051251046343 1
release 12 44 0.028373895400143494 1
release 12 45 0.028122631722792977 1
release 12 46 0.027630857318862608 1
release 12 47 0.7593208665441055 1
release 12 48 0.047098404442319136 1
release 12 49 0.026409964724220837 1
release 12 50 0.026045004146512764 1
release 12 51 0.02534018882614569 1
release 12 52 1.0269779429879191 1
release 12 53 0.15006341923264713 1
release 12 54 0.02391962373908224 1
release 12 55 0.0237897437980323 1
release 12 56 0.023533403792912598 1
release 12 57 0.023033242274447238 1
release 12 58 0.6922857256876394 1
release 12 59 0.03628483098708198 1
release 12 60 0.02180090401357468 1
release 12 61 0.02143528981065561 1
release 12 62 0.020733005641632066 1
release 12 63 0.01943565882554147 1
release 12 64 0.017202686983771445 1
release 12 65 0.013798534736916106 1
release 12 66 0.02673722563353277 1
release 12 67 0.04133654314022085 1
release 12 68 1.3558921076706945 1
release 12 69 1.017285657545362 0.25
release 12 70 0.7633227007624914 0.25
release 12 71 0.052948408028108754 1
release 12 72 0.14778318452911193 0.0625
release 12 73 0.023671710807072775 1
release 12 74 0.011011270821746605 1
release 12 75 0.32843735046828587 1
release 12 76 0.004268949529424044 1
release 12 77 0.03095236717823746 1
release 12 78 0.02768023695550626 1
release 12 79 0.01372584303331031 1
release 12 80 0.015090985374424444 1
release 12 81 0.02153539971055837 1
release 12 82 0.17473815573073373 1
release 12 83 0.19367609694369886 1
release 12 84 0.12473808702991764 0.125
release 12 85 0.14676759916448942 1
release 12 86 0.687340279496043 1
release 12 87 0.01410232155935022 1
release 12 88 0.021997790953338283 1
release 12 89 0.036396063666090814 1
release 12 90 0.0946115378660452 1
release 12 91 0.22308446970763368 1
release 12 92 0.37083172283625854 1
release 12 93 0.2852645878040841 0.25
release 12 94 0.008499530283244308 1
release 12 95 0.017624759425312934 1
release 12 96 0.05645555411095227 1
release 12 97 0.0789260886655573 1
release 12 98 0.07565381437156408 1
release 12 99 0.11812807012956017 1
release 12 100 0.1488473687658201 1
release 12 101 0.08774716683539897 1
release 12 102 0.0599920401117373 1
release 12 103 0.013585457916783967 1
release 12 104 0.0041588592934605805 1
release 12 105 0.0001054780507817113 1
release 12 106 5.174310148375449e-7 1
STEP 12 release 0.6691133378886904 -0.5747483939771277 5.174310148375449e-7
release 13 1 3.466447913873676 1
release 13 2 0.50106561214823 1
release 13 3 3.495429458656609 1
release 13 4 1.4209945220885474 1
release 13 5 2.1699417634034286 1
release 13 6 0.2554600406281091 1
release 13 7 0.8727469878574567 1
release 13 8 1.5821419672131714 0.5
release 13 9 1.3620363731920726 1
release 13 10 1.016769377016522 0.25
release 13 11 1.0757533222557734 0.03125
release 13 12 0.015051681844676725 1
release 13 13 0.014161140421937541 1
release 13 14 0.04117122880472412 1
release 13 15 0.27430232279811506 0.5
release 13 16 0.20641426887433179 0.25
release 13 17 0.1937012883729418 0.0625
release 13 18 0.008222470365554775 1
release 13 19 0.02710968782919293 1
release 13 20 0.2285879747655711 1
release 13 21 0.35437660778591296 1
release 13 22 0.32738157997541717 0.125
release 13 23 0.1874501689441378 0.5
release 13 24 0.14622079288089032 0.25
release 13 25 0.12931536842258368 0.125
release 13 26 0.11324225471123317 0.125
release 13 27 0.13272175923918908 0.125
release 13 28 0.006478467281324457 1
release 13 29 0.0033415658030200818 1
release 13 30 0.003312563382928629 1
release 13 31 0.0032642979783779245 1
release 13 32 0.003158975744371746 1
release 13 33 0.006382479247422418 1
release 13 34 0.021435192811447505 1
release 13 35 0.06250153803563036 1
release 13 36 0.14921931992493334 1
release 13 37 0.2555188902906384 1
release 13 38 0.24868127761909026 1
release 13 39 0.24866611302014763 0.00006103515625
release 13 40 0.009702568027201876 1
release 13 41 0.01595898217497261 1
release 13 42 0.011930709376253899 1
release 13 43 0.011930352573514874 0.000030517578125
release 13 44 0.002108659327017648 1
release 13 45 0.0039906904944082555 1
release 13 46 0.004518898595534756 1
release 13 47 0.01168874370984244 1
release 13 48 0.009031597024625523 1
release 13 49 0.002609688310419661 1
release 13 50 0.00025938807767326316 1
release 13 51 0.000007147199117641637 1
STEP 13 release 0.6349712062758702 -1.1380710537606735 0.000007147199117641637
release 14 1 208.67453182993478 0.5
release 14 2 45.19164308775213 1
release 14 3 11.464104823154724 1
release 14 4 2.4521839688981153 1
release 14 5 0.7544348857676066 1
release 14 6 1.186764564055352 1
release 14 7 0.5493855381891908 1
release 14 8 0.3529154994801651 1
release 14 9 0.0982546374544159 1
release 14 10 0.0932900887185208 1
release 14 11 0.08823109678099467 1
release 14 12 0.2309099161950351 1
release 14 13 0.060231739793589 1
release 14 14 1.306205112217461 1
release 14 15 1.8987098826164095 1
release 14 16 0.1309651228086189 1
release 14 17 0.05313632291322424 1
release 14 18 0.04180590847344535 1
release 14 19 0.04053054304627883 1
release 14 20 0.3637774659702167 1
release 14 21 0.037794536689723365 1
release 14 22 0.036823169803469134 1
release 14 23 0.03509537599163629 1
release 14 24 0.4296489513356218 1
release 14 25 0.03231740346025984 1
release 14 26 0.10663602431340923 1
release 14 27 0.02982511394411129 1
release 14 28 0.026932098809015422 1
release 14 29 0.02237737490372266 1
release 14 30 0.08480851358539793 1
release 14 31 0.2155449225201234 1
release 14 32 0.5522936404074457 0.125
release 14 33 0.2671009833779973 1
release 14 34 0.13634985036203517 1
release 14 35 0.4605059523775221 1
release 14 36 0.4569572839565237 0.0078125
release 14 37 0.06889006608406813 1
release 14 38 0.30007141951578187 1
release 14 39 0.8134809532293226 1
release 14 40 0.8102616268679987 0.5
release 14 41 0.018185470872578532 1
release 14 42 0.06839216907726571 1
release 14 43 0.20460188871309196 1
release 14 44 0.4840097364051519 1
release 14 45 0.7781526141331873 1
release 14 46 0.7067079051911711 1
release 14 47 0.32528410828429105 1
release 14 48 0.10188188363380787 1
release 14 49 0.040456415229791015 1
release 14 50 0.016168472913002628 1
release 14 51 0.003624268123717821 1
release 14 52 0.00027319293199745307 1
release 14 53 0.00000450054707034546 1
STEP 14 release 0.5851401385444494 -1.6610355910473626 0.00000450054707034546
Debugger listening on ws://127.0.0.1:9229/7eb7b5de-f02d-416c-8c7b-3a709e402414
For help, see: https://nodejs.org/learn/getting-started/debugging
