/workspace/Kenoma-filippov-proofs/education/data/filippov-convex-weight-proofs-v1/attempts/01-source.lean:38:25: error: unknown tactic
/workspace/Kenoma-filippov-proofs/education/data/filippov-convex-weight-proofs-v1/attempts/01-source.lean:36:50: error: unsolved goals
νon νoff : ℝ
hden : νon - νoff ≠ 0
⊢ -(νoff * νon * (νon - νoff)) + νon * νoff * (νon - νoff) = 0
/workspace/Kenoma-filippov-proofs/education/data/filippov-convex-weight-proofs-v1/attempts/01-source.lean:59:3: error: unknown tactic
/workspace/Kenoma-filippov-proofs/education/data/filippov-convex-weight-proofs-v1/attempts/01-source.lean:57:46: error: unsolved goals
η d k : ℝ
⊢ η * (d + k) - η * d = η * k
/workspace/Kenoma-filippov-proofs/education/data/filippov-convex-weight-proofs-v1/attempts/01-source.lean:73:27: error: unknown tactic
/workspace/Kenoma-filippov-proofs/education/data/filippov-convex-weight-proofs-v1/attempts/01-source.lean:69:56: error: unsolved goals
η d k : ℝ
hη : η ≠ 0
hk : k ≠ 0
⊢ η * d * k = d * (η * k)
/workspace/Kenoma-filippov-proofs/education/data/filippov-convex-weight-proofs-v1/attempts/01-source.lean:84:23: error: unknown tactic
/workspace/Kenoma-filippov-proofs/education/data/filippov-convex-weight-proofs-v1/attempts/01-source.lean:89:3: error: unknown tactic
/workspace/Kenoma-filippov-proofs/education/data/filippov-convex-weight-proofs-v1/attempts/01-source.lean:87:57: error: unsolved goals
η d k : ℝ
hk : k ≠ 0
⊢ η * (d + -d) = 0
'KenomaFilippov.normal_gap_positive' depends on axioms: [propext, Classical.choice, Quot.sound]
'KenomaFilippov.denominator_nonzero' depends on axioms: [propext, Classical.choice, Quot.sound]
'KenomaFilippov.weight_positive' depends on axioms: [propext, Classical.choice, Quot.sound]
'KenomaFilippov.weight_below_one' depends on axioms: [propext, Classical.choice, Quot.sound]
'KenomaFilippov.weighted_normal_zero' depends on axioms: [propext, sorryAx, Classical.choice, Quot.sound]
'KenomaFilippov.unique_zero_normal_weight' depends on axioms: [propext, Classical.choice, Quot.sound]
'KenomaFilippov.strict_attraction_selection' depends on axioms: [propext, sorryAx, Classical.choice, Quot.sound]
'KenomaFilippov.source_normal_gap' depends on axioms: [propext, sorryAx, Classical.choice, Quot.sound]
'KenomaFilippov.source_integrating_rate_nonzero' depends on axioms: [propext, sorryAx, Classical.choice, Quot.sound]
'KenomaFilippov.source_weight_identity' depends on axioms: [propext, sorryAx, Classical.choice, Quot.sound]
'KenomaFilippov.source_weight_strict_bounds' depends on axioms: [propext, sorryAx, Classical.choice, Quot.sound]
'KenomaFilippov.source_integral_rate' depends on axioms: [propext, Classical.choice, Quot.sound]
'KenomaFilippov.source_normal_tangency' depends on axioms: [propext, sorryAx, Classical.choice, Quot.sound]
'KenomaFilippov.source_unique_weight' depends on axioms: [propext, sorryAx, Classical.choice, Quot.sound]
