/workspace/Kenoma-filippov-proofs/education/data/filippov-convex-weight-proofs-v1/attempts/03-source.lean:38:20: error: Used `tac1 <;> tac2` where `(tac1; tac2)` would suffice
note: this linter can be disabled with `set_option linter.unnecessarySeqFocus false`
/workspace/Kenoma-filippov-proofs/education/data/filippov-convex-weight-proofs-v1/attempts/03-source.lean:73:22: error: Used `tac1 <;> tac2` where `(tac1; tac2)` would suffice
note: this linter can be disabled with `set_option linter.unnecessarySeqFocus false`
/workspace/Kenoma-filippov-proofs/education/data/filippov-convex-weight-proofs-v1/attempts/03-source.lean:84:22: error: 'ring' tactic does nothing
note: this linter can be disabled with `set_option linter.unusedTactic false`
'KenomaFilippov.normal_gap_positive' depends on axioms: [propext, Classical.choice, Quot.sound]
'KenomaFilippov.denominator_nonzero' depends on axioms: [propext, Classical.choice, Quot.sound]
'KenomaFilippov.weight_positive' depends on axioms: [propext, Classical.choice, Quot.sound]
'KenomaFilippov.weight_below_one' depends on axioms: [propext, Classical.choice, Quot.sound]
'KenomaFilippov.weighted_normal_zero' depends on axioms: [propext, Classical.choice, Quot.sound]
'KenomaFilippov.unique_zero_normal_weight' depends on axioms: [propext, Classical.choice, Quot.sound]
'KenomaFilippov.strict_attraction_selection' depends on axioms: [propext, Classical.choice, Quot.sound]
'KenomaFilippov.source_normal_gap' depends on axioms: [propext, Classical.choice, Quot.sound]
'KenomaFilippov.source_integrating_rate_nonzero' depends on axioms: [propext, Classical.choice, Quot.sound]
'KenomaFilippov.source_weight_identity' depends on axioms: [propext, Classical.choice, Quot.sound]
'KenomaFilippov.source_weight_strict_bounds' depends on axioms: [propext, Classical.choice, Quot.sound]
'KenomaFilippov.source_integral_rate' depends on axioms: [propext, Classical.choice, Quot.sound]
'KenomaFilippov.source_normal_tangency' depends on axioms: [propext, Classical.choice, Quot.sound]
'KenomaFilippov.source_unique_weight' depends on axioms: [propext, Classical.choice, Quot.sound]
