PASS_HISTORICAL_AND_CURRENT_ENDPOINT_ARTIFACT_GATE
PASS_MATERIAL_SOURCE_PROOF_EXPERIMENT_BROWSER_BINDING
PASS_SLS_SOURCE_PROOF_PROTOCOL_VISUAL_BROWSER_BINDING
PASS_SERIAL_SOURCE_PROOF_GEOMETRY_VISUAL_BROWSER_BINDING
PASS: current Real-card render evidence
{
  "status": "passed",
  "pdf_pages": 184,
  "proof_cards": 76,
  "pdf_links": "no loopback or file URLs",
  "pdf_proof_destinations": {
    "checked-source-appendix": 12,
    "proof-check-receipt": 12,
    "kernel-dependency-report": 12,
    "transfer-source-appendix": 2,
    "transfer-proof-receipt": 2,
    "transfer-kernel-report": 2,
    "coupled-source-appendix": 7,
    "coupled-proof-receipt": 7,
    "coupled-kernel-report": 7,
    "arm-source-appendix": 4,
    "arm-proof-receipt": 4,
    "arm-kernel-report": 4,
    "property-source-appendix": 4,
    "property-proof-receipt": 4,
    "property-kernel-report": 4,
    "material-source-appendix": 5,
    "material-proof-receipt": 5,
    "material-kernel-report": 5,
    "material-real-source-appendix": 5,
    "material-real-proof-receipt": 5,
    "material-real-kernel-report": 5,
    "mechanics-real-source-appendix": 3,
    "mechanics-real-proof-receipt": 3,
    "mechanics-real-kernel-report": 3,
    "actuator-real-source-appendix": 11,
    "actuator-real-proof-receipt": 11,
    "actuator-real-kernel-report": 11,
    "dissipative-real-source-appendix": 11,
    "dissipative-real-proof-receipt": 11,
    "dissipative-real-kernel-report": 11,
    "serial-real-source-appendix": 12,
    "serial-real-proof-receipt": 12,
    "serial-real-kernel-report": 12
  },
  "browser": "151.0.7922.173",
  "print_figure_label_minimum_pt": {
    "Humerus": 13.7,
    "Triceps medial head": 13.7,
    "Unit 1": 12.34,
    "Elapsed time from retained trial segment (s)": 12.34
  },
  "print_readability": {
    "minimum_measured_pt": 10.377959251403809,
    "theorem_statements": 76,
    "complete_source_appendices": 11,
    "dense_figure_labels": 119,
    "instructional_figure_labels": 151,
    "serial_figure_labels": 15,
    "dissipative_figure_labels": 17
  },
  "scope": "Content, hash, glyph and page-bounds sanity; PDF appearance still requires visual review."
}
