{
  "schema": 1,
  "result": "PASS_PROPERTY_BOOK_RENDER_CAPTURE",
  "inspector_sha256": "da83ee75403e1219ea172f863f6eaf81db36b9035fc80b555f87caaf530e38c2",
  "html_sha256": "bc3824b8eb852b054fe81532c9d3bc903750ed1ad31b9c3a70881c6337bbed23",
  "pdf_sha256": "4ee34296fa6ec3097cc451b5d9a4fc9742679a90a751febcca74e5a6047d98d2",
  "build_manifest_sha256": "c6b08be4320cd977fa4b7f6890affa9455294c2cf411948041e571f56873f304",
  "browser": "151.0.7922.173",
  "views": [
    {
      "name": "desktop",
      "horizontalOverflow": false,
      "proofCards": 76
    },
    {
      "name": "mobile",
      "horizontalOverflow": false,
      "proofCards": 76
    }
  ],
  "page_errors": [],
  "pdf_pages": [
    {
      "page": 17,
      "phrases": [
        "Property lab 1"
      ],
      "image": "pdf-page-17.png"
    },
    {
      "page": 20,
      "phrases": [
        "Property lab 2"
      ],
      "image": "pdf-page-20.png"
    },
    {
      "page": 21,
      "phrases": [
        "Positive real axial stretch",
        "KenomaProperties.isochoric_sqrt_construction"
      ],
      "image": "pdf-page-21.png"
    },
    {
      "page": 22,
      "phrases": [
        "Property lab 3"
      ],
      "image": "pdf-page-22.png"
    },
    {
      "page": 162,
      "phrases": [
        "KenomaProperties.isochoric_sqrt_construction"
      ],
      "image": "pdf-page-162.png"
    },
    {
      "page": 163,
      "phrases": [
        "KenomaProperties.isochoric_sqrt_construction"
      ],
      "image": "pdf-page-163.png"
    }
  ],
  "scope": "Capture and layout evidence; manual appearance review is recorded separately. No biological or browser-arithmetic refinement proof."
}
PASS_FRESH_RENDER_RERUN_COVERAGE
