ENTRY high full-source RK4-0.0002 0.10545806579589848 candidate
ENTRY high full-source RK4-0.0001 0.10545806598663335 candidate
ENTRY high full-source RK4-0.00005 0.1054580659866286 candidate
ENTRY high full-source DOP853 0.1054580660161678 candidate
ENTRY high full-source Radau 0.10545806606401015 candidate
ENTRY high reduced-independent RK4-0.0002 0.10545806579589848 candidate
ENTRY high reduced-independent RK4-0.0001 0.10545806598663335 candidate
ENTRY high reduced-independent RK4-0.00005 0.1054580659866286 candidate
ENTRY high reduced-independent DOP853 0.1054580659826416 candidate
ENTRY high reduced-independent Radau 0.10545806612156527 candidate
ENTRY AGREEMENT high {'passed': False, 'event_time_span_s': 3.2566679908363483e-10, 'event_gate_s': 2e-06, 'ordinary_event_types_match': True, 'ordinary_event_time_spans_s': [], 'common_pre_entry_grid_count': 106, 'max_integral_difference': 4.357174898661498e-09, 'integral_gate': 1e-09, 'max_raw_difference': 4.1571196041090275e-08, 'raw_gate': 1e-08, 'times': {'full-source/RK4-0.0002': 0.10545806579589848, 'full-source/RK4-0.0001': 0.10545806598663335, 'full-source/RK4-0.00005': 0.1054580659866286, 'full-source/DOP853': 0.1054580660161678, 'full-source/Radau': 0.10545806606401015, 'reduced-independent/RK4-0.0002': 0.10545806579589848, 'reduced-independent/RK4-0.0001': 0.10545806598663335, 'reduced-independent/RK4-0.00005': 0.1054580659866286, 'reduced-independent/DOP853': 0.1054580659826416, 'reduced-independent/Radau': 0.10545806612156527}}
RESULT high full-source RK4-0.0002 0.10540000000000001 entry-refinement-block
RESULT high full-source RK4-0.0001 0.10540000000000001 entry-refinement-block
RESULT high full-source RK4-0.00005 0.10544999999999528 entry-refinement-block
RESULT high full-source DOP853 0.10545662811379837 entry-refinement-block
RESULT high full-source Radau 0.10545567960683308 entry-refinement-block
RESULT high reduced-independent RK4-0.0002 0.10540000000000001 entry-refinement-block
RESULT high reduced-independent RK4-0.0001 0.10540000000000001 entry-refinement-block
RESULT high reduced-independent RK4-0.00005 0.10544999999999528 entry-refinement-block
RESULT high reduced-independent DOP853 0.10545659927265288 entry-refinement-block
RESULT high reduced-independent Radau 0.10545568912210243 entry-refinement-block
ENTRY mass-1 full-source RK4-0.0002 0.26203076171874873 candidate
ENTRY mass-1 full-source RK4-0.0001 0.26203076171874873 candidate
ENTRY mass-1 full-source RK4-0.00005 0.26203076171874873 candidate
ENTRY mass-1 full-source DOP853 0.2620307876217781 candidate
ENTRY mass-1 full-source Radau 0.2620308074187394 candidate
ENTRY mass-1 reduced-independent RK4-0.0002 0.26203076171874873 candidate
ENTRY mass-1 reduced-independent RK4-0.0001 0.26203076171874873 candidate
ENTRY mass-1 reduced-independent RK4-0.00005 0.26203076171874873 candidate
ENTRY mass-1 reduced-independent DOP853 0.26203078299999755 candidate
ENTRY mass-1 reduced-independent Radau 0.262030664767148 candidate
ENTRY AGREEMENT mass-1 {'passed': False, 'event_time_span_s': 1.4265159142823336e-07, 'event_gate_s': 2e-06, 'ordinary_event_types_match': True, 'ordinary_event_time_spans_s': [6.103520619471503e-09, 3.051759375760632e-08], 'common_pre_entry_grid_count': 262, 'max_integral_difference': 6.2700669239967866e-09, 'integral_gate': 1e-09, 'max_raw_difference': 1.2278220665878914e-08, 'raw_gate': 1e-08, 'times': {'full-source/RK4-0.0002': 0.26203076171874873, 'full-source/RK4-0.0001': 0.26203076171874873, 'full-source/RK4-0.00005': 0.26203076171874873, 'full-source/DOP853': 0.2620307876217781, 'full-source/Radau': 0.2620308074187394, 'reduced-independent/RK4-0.0002': 0.26203076171874873, 'reduced-independent/RK4-0.0001': 0.26203076171874873, 'reduced-independent/RK4-0.00005': 0.26203076171874873, 'reduced-independent/DOP853': 0.26203078299999755, 'reduced-independent/Radau': 0.262030664767148}}
RESULT mass-1 full-source RK4-0.0002 0.2619999999999987 entry-refinement-block
RESULT mass-1 full-source RK4-0.0001 0.2619999999999987 entry-refinement-block
RESULT mass-1 full-source RK4-0.00005 0.2619999999999987 entry-refinement-block
RESULT mass-1 full-source DOP853 0.26188272806898477 entry-refinement-block
RESULT mass-1 full-source Radau 0.26196146552530825 entry-refinement-block
RESULT mass-1 reduced-independent RK4-0.0002 0.2619999999999987 entry-refinement-block
RESULT mass-1 reduced-independent RK4-0.0001 0.2619999999999987 entry-refinement-block
RESULT mass-1 reduced-independent RK4-0.00005 0.2619999999999987 entry-refinement-block
RESULT mass-1 reduced-independent DOP853 0.26188272563019527 entry-refinement-block
RESULT mass-1 reduced-independent Radau 0.2619614064715357 entry-refinement-block
