PASS equilibrium/three/N=1e-06
PASS BE/three/N=1e-06/oldFraction=0.0/h=1e-12
PASS BE/three/N=1e-06/oldFraction=0.0/h=0.001
PASS BE/three/N=1e-06/oldFraction=0.0/h=0.1
PASS BE/three/N=1e-06/oldFraction=0.0/h=1.0
PASS BE/three/N=1e-06/oldFraction=0.3/h=1e-12
PASS BE/three/N=1e-06/oldFraction=0.3/h=0.001
PASS BE/three/N=1e-06/oldFraction=0.3/h=0.1
PASS BE/three/N=1e-06/oldFraction=0.3/h=1.0
PASS BE/three/N=1e-06/oldFraction=1.0/h=1e-12
PASS BE/three/N=1e-06/oldFraction=1.0/h=0.001
PASS BE/three/N=1e-06/oldFraction=1.0/h=0.1
PASS BE/three/N=1e-06/oldFraction=1.0/h=1.0
PASS equilibrium/three/N=0.2
PASS BE/three/N=0.2/oldFraction=0.0/h=1e-12
PASS BE/three/N=0.2/oldFraction=0.0/h=0.001
PASS BE/three/N=0.2/oldFraction=0.0/h=0.1
PASS BE/three/N=0.2/oldFraction=0.0/h=1.0
PASS BE/three/N=0.2/oldFraction=0.3/h=1e-12
PASS BE/three/N=0.2/oldFraction=0.3/h=0.001
PASS BE/three/N=0.2/oldFraction=0.3/h=0.1
PASS BE/three/N=0.2/oldFraction=0.3/h=1.0
PASS BE/three/N=0.2/oldFraction=1.0/h=1e-12
PASS BE/three/N=0.2/oldFraction=1.0/h=0.001
PASS BE/three/N=0.2/oldFraction=1.0/h=0.1
PASS BE/three/N=0.2/oldFraction=1.0/h=1.0
PASS equilibrium/three/N=1.0
PASS BE/three/N=1.0/oldFraction=0.0/h=1e-12
PASS BE/three/N=1.0/oldFraction=0.0/h=0.001
PASS BE/three/N=1.0/oldFraction=0.0/h=0.1
PASS BE/three/N=1.0/oldFraction=0.0/h=1.0
PASS BE/three/N=1.0/oldFraction=0.3/h=1e-12
PASS BE/three/N=1.0/oldFraction=0.3/h=0.001
PASS BE/three/N=1.0/oldFraction=0.3/h=0.1
PASS BE/three/N=1.0/oldFraction=0.3/h=1.0
PASS BE/three/N=1.0/oldFraction=1.0/h=1e-12
PASS BE/three/N=1.0/oldFraction=1.0/h=0.001
PASS BE/three/N=1.0/oldFraction=1.0/h=0.1
PASS BE/three/N=1.0/oldFraction=1.0/h=1.0
PASS equilibrium/seven/N=1e-06
PASS BE/seven/N=1e-06/oldFraction=0.0/h=1e-12
PASS BE/seven/N=1e-06/oldFraction=0.0/h=0.001
PASS BE/seven/N=1e-06/oldFraction=0.0/h=0.1
PASS BE/seven/N=1e-06/oldFraction=0.0/h=1.0
PASS BE/seven/N=1e-06/oldFraction=0.3/h=1e-12
PASS BE/seven/N=1e-06/oldFraction=0.3/h=0.001
PASS BE/seven/N=1e-06/oldFraction=0.3/h=0.1
PASS BE/seven/N=1e-06/oldFraction=0.3/h=1.0
PASS BE/seven/N=1e-06/oldFraction=1.0/h=1e-12
PASS BE/seven/N=1e-06/oldFraction=1.0/h=0.001
PASS BE/seven/N=1e-06/oldFraction=1.0/h=0.1
PASS BE/seven/N=1e-06/oldFraction=1.0/h=1.0
PASS equilibrium/seven/N=0.2
PASS BE/seven/N=0.2/oldFraction=0.0/h=1e-12
PASS BE/seven/N=0.2/oldFraction=0.0/h=0.001
PASS BE/seven/N=0.2/oldFraction=0.0/h=0.1
PASS BE/seven/N=0.2/oldFraction=0.0/h=1.0
PASS BE/seven/N=0.2/oldFraction=0.3/h=1e-12
PASS BE/seven/N=0.2/oldFraction=0.3/h=0.001
PASS BE/seven/N=0.2/oldFraction=0.3/h=0.1
PASS BE/seven/N=0.2/oldFraction=0.3/h=1.0
PASS BE/seven/N=0.2/oldFraction=1.0/h=1e-12
PASS BE/seven/N=0.2/oldFraction=1.0/h=0.001
PASS BE/seven/N=0.2/oldFraction=1.0/h=0.1
PASS BE/seven/N=0.2/oldFraction=1.0/h=1.0
PASS equilibrium/seven/N=1.0
PASS BE/seven/N=1.0/oldFraction=0.0/h=1e-12
PASS BE/seven/N=1.0/oldFraction=0.0/h=0.001
PASS BE/seven/N=1.0/oldFraction=0.0/h=0.1
PASS BE/seven/N=1.0/oldFraction=0.0/h=1.0
PASS BE/seven/N=1.0/oldFraction=0.3/h=1e-12
PASS BE/seven/N=1.0/oldFraction=0.3/h=0.001
PASS BE/seven/N=1.0/oldFraction=0.3/h=0.1
PASS BE/seven/N=1.0/oldFraction=0.3/h=1.0
PASS BE/seven/N=1.0/oldFraction=1.0/h=1e-12
PASS BE/seven/N=1.0/oldFraction=1.0/h=0.001
PASS BE/seven/N=1.0/oldFraction=1.0/h=0.1
PASS BE/seven/N=1.0/oldFraction=1.0/h=1.0
PASS equilibrium/zero-attachment
PASS BE/zero-attachment
PASS equilibrium/zero-capacity
PASS BE/zero-capacity
PASS equilibrium/sparse-attachment
PASS BE/sparse-attachment
PASS equilibrium/tiny-I
PASS BE/tiny-I
PASS permutation-covariance
PASS saturated-small-step-W-cancellation
PASS reject/negative-bin-valid-total
PASS reject/old-B-exceeds-N
PASS reject/capacity-reset-U-would-be-valid
PASS reject/negative-N
PASS reject/N-above-one
PASS reject/negative-F
PASS reject/zero-g
PASS reject/negative-g
PASS reject/zero-h
PASS reject/negative-h
PASS reject/nan-population
PASS reject/infinite-F
PASS reject/nan-N
PASS reject/infinite-h
PASS reject/mismatched-shape
PASS reject/empty-input
PASS reject/overflow-h-g
PASS reject/overflow-h-F
PASS reject/equilibrium-negative-F
PASS reject/equilibrium-zero-g
PASS reject/equilibrium-N-above-one
PASS reject/equilibrium-overflow-I
PASS_INDEPENDENT_SOURCE_TWO_STATE_OPERATOR
