{
  "status": "passed",
  "pdf_pages": 81,
  "proof_cards": 25,
  "pdf_links": "no loopback or file URLs",
  "pdf_proof_destinations": {
    "checked-source-appendix": 12,
    "proof-check-receipt": 12,
    "kernel-dependency-report": 12,
    "transfer-source-appendix": 2,
    "transfer-proof-receipt": 2,
    "transfer-kernel-report": 2,
    "coupled-source-appendix": 7,
    "coupled-proof-receipt": 7,
    "coupled-kernel-report": 7,
    "arm-source-appendix": 4,
    "arm-proof-receipt": 4,
    "arm-kernel-report": 4
  },
  "browser": "151.0.7922.173",
  "print_figure_label_minimum_pt": {
    "Humerus": 11.94,
    "Triceps medial head": 11.94,
    "Unit 1": 12.34,
    "Elapsed time from retained trial segment (s)": 12.34
  },
  "scope": "Content, hash, glyph and page-bounds sanity; PDF appearance still requires visual review."
}
