
> kenoma-education@0.1.0 test:browser
> python3 tests/browser.py

{
  "status": "passed",
  "browser_version": "151.0.7922.173",
  "checks": [
    "25 proof cards, MathML, internal links and local resources verified",
    "Blank numeric input then Reset clears stale aria-invalid",
    "Sequential decimal typing retains 0.35 without eager minimum clamping",
    "Desktop real WebGL, camera, defaults, all integrators, stepping, reset replay, copy, pause verified",
    "Elbow real WebGL, force-driven lift, continuous release, trace download, prescribed hold and pulse controls verified",
    "Series fixed-end storage/release, immediate release/change exports before stepping, tissue ablations, same-pose LBS and deterministic reset verified",
    "Spatial FEM reference converged; matched sweep improvement, static refinement and cached assembly verified",
    "Spatial muscle/skin/contact same-pose fixture, force-driven lift, release-current export, camera and deterministic reset verified",
    "All seven deliberate spoken summaries separate each actual DOM label/value pair; energy/spatial stepping and playback produce no live-region mutations",
    "Actual atlas WebGL part/camera views and keyboard-accessible timestamp-aware recording bins/reset verified; one active canvas retained",
    "390px viewport has no horizontal page overflow; WebGL and keyboard controls verified",
    "No-WebGL fallback retains static figures and live elementary/spatial numerical controls",
    "No-JavaScript chapter text, diagrams, proofs and experiment table remain readable"
  ],
  "proof_cards": 25,
  "html_sha256": "1b03cefc1195e8cf209d69d258d2e535c0c0a1486e509518277e266cc940774b",
  "app_sha256": "4bac0cb2ab5954cb602175a891db5f824703fb0b044dfc9cdfdefdc4b7bf1d76",
  "scope": "Automated Chromium desktop/mobile viewport checks; not real mobile hardware or accessibility certification."
}
npm notice
npm notice New major version of npm available! 11.9.0 -> 12.2.0
npm notice Changelog: https://github.com/npm/cli/releases/tag/v12.2.0
npm notice To update run: npm install -g npm@12.2.0
npm notice
