
> kenoma-education@0.1.0 test
> node --test tests/*.test.mjs contributions/continuum_reference/tests/*.test.mjs

✔ conforming tetrahedral volume, outward faces, exact total lumped mass (44.601134ms)
✔ unit tetrahedron matches independently written tensor strain energy and gradients (1.405218ms)
✔ six infinitesimal rigid modes vanish; a finite rotation is outside this model (12.961555ms)
✔ affine patch: displacement, constant stress, signed support and half-ramp work (93.172414ms)
✔ quadratic manufactured load is independent of FEM: divergence, surface resultants, refinement (1172.455859ms)
✔ PCG implicit solve agrees with pivoted dense elimination; failed tolerance stays failed (1.612884ms)
✔ six compliant strain modes reproduce full element energy, including shear (3.294326ms)
✔ XPBD finite iteration error decreases to the matched implicit solution; reset is deterministic (41.167166ms)
✔ finite sweeps depend on timestep; convergence matches target at each step size (70.856085ms)
✔ implicit force signs and backward-Euler work/dissipation balance for nonzero initial state (13.767963ms)
✔ zero forces and invalid domains are explicit (3.115543ms)
✔ complete joint/tissue potential gradient and analytic Hessian match independent differences (82.577628ms)
✔ accepted coupling lifts from actual tissue traction, release lowers activation, torque balances inertia (818.931611ms)
✔ mass changes preserve all dynamic/tissue state and alter only recorded external energy and future coupling (326.199691ms)
✔ closest source triangle coordinates reconstruct projection at face, edge and vertex (1.284973ms)
✔ closed tetrahedron query distinguishes containment and outside, with independent signed-distance gradient (3.034563ms)
✔ Positive quadratic quadrature and shape reproduce partition, reference volume and polynomial moments (9.1846ms)
✔ Quadratic element gradients match independent differences including displaced midside nodes (79.369474ms)
✔ Isoparametric reference midside geometry has exactly zero passive rest stress (2.262585ms)
✔ Finite rotation produces no passive force and rejected orientation is explicit (0.792706ms)
✔ fixed-end actual P2 block carries active traction once, without passive storage (36.495124ms)
✔ same actual P2 block shortens freely and retains greater length against dead load (1465.583713ms)
✔ actual rotating tendon map matches independent energy gradient and power (1.03052ms)
✔ slack tendon produces no attachment torque; fixed anchor has no joint work (0.274281ms)
✔ original atlas SHA, triangle/barycentric picks, shared right-handed frame and bind pose (3.013272ms)
✔ three distinct source bones and seven closed consistently glued positive P2 belly meshes (278.27634ms)
✔ named attachment patches reconstruct actual original atlas triangles without per-part transforms (0.795132ms)
✔ distributed patches have actual areas, normalized weights and connected source edges; candidate sides and broad origins stay explicit (4.170958ms)
✔ Authored finite-strain passive/active stress is the independent central-difference potential derivative (6.774087ms)
✔ Finite rigid rotations preserve energy and rotate first Piola stress objectively (0.454607ms)
✔ Active axial traction, supported force-length interval and potential are separate from passive storage (0.35428ms)
✔ Tensile tendon has consistent energy, slack and continuous toe stress/tangent (0.400426ms)
✔ Invalid/inverted material states fail rather than yield plausible stresses (0.475846ms)
✔ reference Cholesky preconditioner solves its exact assembled SPD operator (24.113514ms)
✔ Newton preserves the same P2 objective and residual tolerance and reproduces loaded length (338.472998ms)
✔ step-aware damping reaches the independent exponential-potential minimum after steep rejected trials (0.605207ms)
✔ every objective call is counted including rejected determinant/domain trials (1.303067ms)
✔ analytic material tangent matches independent Piola differences and Hessian symmetry (5.553965ms)
✔ P2 analytic tangent includes midside variations and matches full element gradient difference (10.311997ms)
✔ actual source heads meet two mechanically shared free apparatuses with distributed source insertion faces (1.877897ms)
✔ apparatus gradient, nonlinear attachment Hessian and B transpose tissue torque agree with independent differences (2850.084082ms)
✔ actual anatomical point-mass event preserves mechanical state and uses upward-positive external energy (2.273326ms)
✔ failed actual anatomical nonlinear step retains activation, effort, pose, velocity, tissue and time (6952.845401ms)
✔ naive weighting uses identical source coordinates at bind and its gradient matches the independent full P2 interpolation (58.633099ms)
✔ nested positive diagnostic rules retain the existing 4/32 rules and reference measure (13.59977ms)
✔ independent P2 integration reproduces affine material energy and nodal energy derivatives (76.464872ms)
✔ half/double bulk diagnostic is exact at fixed geometry and retains the original force gate (202.864211ms)
✔ actual compressed loading pose retains the independent original P2 energy, gradient and determinant (569.67601ms)
✔ symmetric actual-head contact has balanced action/reaction and nonnegative declared Gauss-Newton tangent (1145.991036ms)
✔ source-bone pose derivative and actual-head contact gradient match independent energy differences (42929.201969ms)
✔ active-feature contact Hessian includes deforming closest surfaces and rotating bone acceleration (8211.566553ms)
✔ face, edge and vertex contact differentials include triangle motion and agree with independent second differences (7.134965ms)
✔ simplex contact envelope is conservative, isolated-feature exact and permutation invariant (0.672543ms)
✔ exact leg witnesses expose a narrow entry/exit interval missed by all five samples (3.716105ms)
✔ interior and shared-edge material cuts conserve area with positive children (0.561096ms)
✔ archived force-converged rest exposes its 135 micron humeral tendon interval to the new rule (6707.232313ms)
✔ force-converged loaded muscle/muscle crossings missed by every sample become active witnesses (7208.064728ms)
✔ loaded: saved sampled-clear muscle/bone and tendon/bone failures become active contact (13990.268523ms)
✔ quarter: saved sampled-clear muscle/bone and tendon/bone failures become active contact (14089.96942ms)
✔ frozen witness quadrature retains analytic gradient and Hessian including moving-bone/tendon contact (11326.931168ms)
✔ saved loaded closest-face corner has conservative smooth energy derivatives at the original collision gates (34838.262238ms)
✔ saved cold-load edge transition preserves continuous energy and its gradient (19573.797152ms)
✔ dense reduced body agrees with independent full P2 assembly at a compressed nonlinear pose (40.176035ms)
✔ dense body energy gradient and Hessian pass directional differences at actual compression (39.764459ms)
✔ closed material tensor matches independently implemented directional tangent in a nontrivial active state (3.241628ms)
✔ restricted atlas P2 field retains the original element potential and gradient, including midside DOF (166.017579ms)
✔ derived repair clears finite bone gates without changing source bones or reference tissue volume (278.422881ms)
✔ exclusive triceps ownership retains all candidate faces and positive normalized source areas (6.182827ms)
✔ radial apposition receipts expose the substantial candidate gap across every tested pose (7.606519ms)
✔ exact global rigid rotations remain in each repaired Galerkin space and preserve the unchanged material energy, J and fibre stretch (303.514249ms)
✔ Rodrigues correction has zero first derivative at zero and stable small-angle scaling (0.222395ms)
✔ all actual reference tendon paths clear source cortex and origin shifts respect recorded uncertainty (552.863704ms)
✔ segment audit detects interior crossing and containment without treating source endpoints as crossings (1.396141ms)
✔ elbow current row matches release/change before stepping and preserves completed history (8.254977ms)
✔ series current row matches release/change before stepping and preserves completed history (10.520466ms)
✔ activation exact transient, bounds and continuing release (1.349594ms)
✔ path derivative, force moment and virtual power agree independently (0.529807ms)
✔ gravity counted once and inertia include explicit point masses (0.97164ms)
✔ forward lift, delayed release, replay and refined work balance (8.07382ms)
✔ prescribed hold reports external motor and domain stop invents no impulse (0.421766ms)
✔ force worked example and work-energy consistency across signed forces (1.227346ms)
✔ lever sign, zero moment arm and exact scaled worked example (0.304978ms)
✔ potential gradient gives the negative gravitational torque (0.266085ms)
✔ torque identities hold for a deterministic grid of integer inputs (1.015672ms)
✔ step/replay/reset gives identical sequences (8.991219ms)
✔ energy diagnostics distinguish unstable explicit from bounded symplectic and Verlet (2.645457ms)
✔ Verlet convergence against independent analytic oscillator (3.549332ms)
✔ invalid domains fail explicitly (0.774983ms)
✔ series force equilibrium, length partition, slack and rigid limit (1.398966ms)
✔ fixed ends permit fiber shortening and tendon storage under activation (10.912476ms)
✔ active fiber power differs from skeletal power but obeys the full elastic balance (0.251498ms)
✔ hyperelastic stress independently matches energy gradients (0.289249ms)
✔ compression preserves most volume and satisfies free sides and ideal contact (0.476618ms)
✔ coupled pulse/release work balance refines and tissue feedback is explicit (34.698974ms)
✔ positive conforming authored mesh, closed separate membrane, correct SI reference volume (2.433784ms)
✔ volume gradient independently matches finite differences and has zero resultant (0.824065ms)
✔ complete edge/volume/membrane/tether/contact energy gradient matches central difference (57.550073ms)
✔ passive reference is zero energy; activation shortens spatial fibres with separate skin (572.423689ms)
✔ same-pose compression comparison, sampled contact improvement and iteration defect remain measurable (1974.466989ms)
✔ reported contact/support resultant equals the unresolved free gradient, not a hidden extra force (261.153023ms)
✔ skin-off ablation removes membrane and fascia energies; shape-off removes spatial actuator only (242.612206ms)
✔ deterministic reset, lift/release continuity and teaching domain halt (414.044875ms)
ℹ tests 102
ℹ suites 0
ℹ pass 102
ℹ fail 0
ℹ cancelled 0
ℹ skipped 0
ℹ todo 0
ℹ duration_ms 113408.294145
npm notice
npm notice New major version of npm available! 11.9.0 -> 12.2.0
npm notice Changelog: https://github.com/npm/cli/releases/tag/v12.2.0
npm notice To update run: npm install -g npm@12.2.0
npm notice
