Lean (version 4.19.0, x86_64-unknown-linux-gnu, commit 6caaee842e94, Release)
Lean (version 4.19.0, x86_64-unknown-linux-gnu, commit 6caaee842e94, Release)
PROOFWIDGETS_SOURCE_ASSETS_READY c4919189477c3221e6a204008998b0d724f49904
SOURCE_MODULE_COUNT 1909
SOURCE_PROGRESS 25 1909 Aesop.Search.Expansion.Simp
SOURCE_PROGRESS 50 1909 Batteries.Lean.Meta.InstantiateMVars
SOURCE_PROGRESS 75 1909 Aesop.Script.CtorNames
SOURCE_PROGRESS 100 1909 Batteries.Tactic.Lint.Misc
SOURCE_PROGRESS 125 1909 Aesop.Builder.NormSimp
SOURCE_PROGRESS 150 1909 Aesop.Tree.Data
SOURCE_PROGRESS 175 1909 Aesop.Search.ExpandSafePrefix
SOURCE_PROGRESS 200 1909 Batteries.Tactic.Basic
SOURCE_PROGRESS 225 1909 Mathlib.Init
SOURCE_PROGRESS 250 1909 Mathlib.Lean.PrettyPrinter.Delaborator
SOURCE_PROGRESS 275 1909 Mathlib.Tactic.ExtendDoc
SOURCE_PROGRESS 300 1909 Mathlib.Tactic.Linter.PPRoundtrip
SOURCE_PROGRESS 325 1909 Mathlib.Tactic.StacksAttribute
SOURCE_PROGRESS 350 1909 Mathlib.Logic.Function.CompTypeclasses
SOURCE_PROGRESS 375 1909 Mathlib.Tactic.CC.Datatypes
SOURCE_PROGRESS 400 1909 Mathlib.Util.AssertExists
SOURCE_PROGRESS 425 1909 Mathlib.Tactic.ToAdditive.Frontend
SOURCE_PROGRESS 450 1909 Mathlib.Algebra.GroupWithZero.Basic
SOURCE_PROGRESS 475 1909 Mathlib.Algebra.GroupWithZero.InjSurj
SOURCE_PROGRESS 500 1909 Mathlib.Algebra.Group.Equiv.Defs
SOURCE_PROGRESS 525 1909 Mathlib.Algebra.NoZeroSMulDivisors.Defs
SOURCE_PROGRESS 550 1909 Plausible.Testable
SOURCE_PROGRESS 575 1909 Qq.AssertInstancesCommute
SOURCE_PROGRESS 600 1909 Mathlib.Algebra.Module.RingHom
SOURCE_PROGRESS 625 1909 Mathlib.Data.PNat.Defs
SOURCE_PROGRESS 650 1909 Mathlib.Order.MinMax
SOURCE_PROGRESS 675 1909 Mathlib.Algebra.Order.Group.OrderIso
SOURCE_PROGRESS 700 1909 Mathlib.Order.Hom.BoundedLattice
SOURCE_PROGRESS 725 1909 Mathlib.Data.Set.BoolIndicator
SOURCE_PROGRESS 750 1909 Mathlib.Algebra.Group.Pointwise.Set.Scalar
SOURCE_PROGRESS 775 1909 Mathlib.Algebra.Ring.ULift
SOURCE_PROGRESS 800 1909 Mathlib.Tactic.Common
SOURCE_PROGRESS 825 1909 Mathlib.Algebra.Ring.Action.Group
SOURCE_PROGRESS 850 1909 Mathlib.Data.List.Chain
SOURCE_PROGRESS 875 1909 Mathlib.Data.Finset.Defs
SOURCE_PROGRESS 900 1909 Mathlib.Algebra.Algebra.Defs
SOURCE_PROGRESS 925 1909 Mathlib.Algebra.BigOperators.Group.Multiset.Defs
SOURCE_PROGRESS 950 1909 Mathlib.Data.Finset.Lattice.Lemmas
SOURCE_PROGRESS 975 1909 Mathlib.Data.Fintype.Quotient
SOURCE_PROGRESS 1000 1909 Mathlib.Data.Nat.ModEq
SOURCE_PROGRESS 1025 1909 Mathlib.Data.Rat.Cast.CharZero
SOURCE_PROGRESS 1050 1909 Mathlib.Data.Finite.Set
SOURCE_PROGRESS 1075 1909 Mathlib.Algebra.Group.Pointwise.Set.Finite
SOURCE_PROGRESS 1100 1909 Mathlib.Algebra.GroupWithZero.Action.Pointwise.Set
SOURCE_PROGRESS 1125 1909 Mathlib.Data.Set.Subset
SOURCE_PROGRESS 1150 1909 Mathlib.LinearAlgebra.Quotient.Defs
SOURCE_PROGRESS 1175 1909 Mathlib.Algebra.BigOperators.Finsupp.Basic
SOURCE_PROGRESS 1200 1909 Mathlib.Data.DFinsupp.Submonoid
SOURCE_PROGRESS 1225 1909 Mathlib.Algebra.Module.Submodule.Equiv
SOURCE_PROGRESS 1250 1909 Mathlib.Order.Filter.AtTopBot.Group
SOURCE_PROGRESS 1275 1909 Mathlib.Algebra.Order.Nonneg.Field
SOURCE_PROGRESS 1300 1909 Mathlib.Order.SuccPred.Basic
SOURCE_PROGRESS 1325 1909 Mathlib.Order.ZornAtoms
SOURCE_PROGRESS 1350 1909 Mathlib.SetTheory.Cardinal.Basic
SOURCE_PROGRESS 1375 1909 Mathlib.Topology.Defs.Basic
SOURCE_PROGRESS 1400 1909 Mathlib.GroupTheory.Perm.Finite
SOURCE_PROGRESS 1425 1909 Mathlib.Topology.NhdsSet
SOURCE_PROGRESS 1450 1909 Mathlib.Topology.Order.LocalExtr
SOURCE_PROGRESS 1475 1909 Mathlib.Topology.Algebra.MulAction
SOURCE_PROGRESS 1500 1909 Mathlib.Data.Multiset.Sort
SOURCE_PROGRESS 1525 1909 Mathlib.RingTheory.SimpleRing.Basic
SOURCE_PROGRESS 1550 1909 Mathlib.Algebra.Order.Field.Power
SOURCE_PROGRESS 1575 1909 Mathlib.Algebra.BigOperators.Balance
SOURCE_PROGRESS 1600 1909 Mathlib.GroupTheory.Perm.Cycle.Factors
SOURCE_PROGRESS 1625 1909 Mathlib.Topology.UniformSpace.AbstractCompletion
SOURCE_PROGRESS 1650 1909 Mathlib.LinearAlgebra.Matrix.ToLin
SOURCE_PROGRESS 1675 1909 Mathlib.Data.ENNReal.Lemmas
SOURCE_PROGRESS 1700 1909 Mathlib.RingTheory.Ideal.Basic
SOURCE_PROGRESS 1725 1909 Mathlib.Topology.Algebra.InfiniteSum.Ring
SOURCE_PROGRESS 1750 1909 Mathlib.Topology.EMetricSpace.Diam
SOURCE_PROGRESS 1775 1909 Mathlib.Topology.Metrizable.Uniformity
SOURCE_PROGRESS 1800 1909 Mathlib.Analysis.Normed.Field.Basic
SOURCE_PROGRESS 1825 1909 Mathlib.Analysis.LocallyConvex.Bounded
SOURCE_PROGRESS 1850 1909 Mathlib.Topology.Algebra.Module.LocallyConvex
SOURCE_PROGRESS 1875 1909 Mathlib.Analysis.Calculus.FDeriv.Equiv
SOURCE_PROGRESS 1900 1909 Mathlib.Analysis.Calculus.FDeriv.Mul
SOURCE_PROGRESS 1909 1909 Mathlib.Analysis.SpecialFunctions.ExpDeriv
SOURCE_BUILD_COMPLETE 1909
