ENTRY CHECK full-source/RK4-0.0002 root 0.26203073810264343 I/raw 0.0 0.0 unaccepted
ENTRY CHECK full-source/RK4-0.0001 root 0.2620307299442577 I/raw 0.0 0.0 unaccepted
ENTRY CHECK full-source/RK4-0.00005 root 0.2620307361610221 I/raw 0.0 0.0 unaccepted
ENTRY CHECK full-source/RK4-0.000025 root 0.26203073408082 I/raw 0.0 0.0 unaccepted
ENTRY CHECK full-source/DOP853 root 0.26203073413288025 I/raw 0.0 0.0 unaccepted
ENTRY CHECK full-source/Radau root 0.26203073463297993 I/raw 0.0 0.0 unaccepted
ENTRY CHECK reduced-independent/RK4-0.0002 root 0.26203073810264343 I/raw -5.117434254131581e-15 -5.117434254131581e-15 unaccepted
ENTRY CHECK reduced-independent/RK4-0.0001 root 0.262030729948728 I/raw -1.5171891520893155e-14 -1.5171891520893155e-14 unaccepted
ENTRY CHECK reduced-independent/RK4-0.00005 root 0.2620307361565518 I/raw -4.777428452840127e-15 -4.777428452840127e-15 unaccepted
ENTRY CHECK reduced-independent/RK4-0.000025 root 0.26203073408082 I/raw 1.0061396160665481e-16 1.0061396160665481e-16 unaccepted
ENTRY CHECK reduced-independent/DOP853 root 0.2620307341331518 I/raw 7.032568971609976e-15 7.032568971609976e-15 unaccepted
ENTRY CHECK reduced-independent/Radau root 0.2620307345634329 I/raw -1.1195905313954313e-14 -1.1195905313954313e-14 unaccepted
RESULT full-source/RK4-0.0002 time 0.26203073810264343 completed False sliding steps 0 failure {'code': 'constraint-drift', 'message': 'Original sliding constraint gate failed', 'acceptedTime': 0.26203073810264343, 'acceptedState': [-0.02635746768699612, 0.10353550690310367, 0.012756127560526211, 1.2579985619398713, -0.025690721295649074, -0.110213593404334, 0.062397848261623916, -0.25311865989730326, 0.07683336628946172, 0.003673851941716498, 0.10353550690310367], 'failedStageTime': 0.2621307381026434, 'failedStageState': [-0.026347114136305808, 0.10338840512071233, 0.012752550560395298, 1.2579045795279793, -0.025715620709330617, -0.11020789925093577, 0.062406680955368964, -0.2530323565070324, 0.07675188746745952, 0.00366588883310097, 0.10338840512071233], 'rollback_exact': True}
RESULT full-source/RK4-0.0001 time 0.263 completed True sliding steps 10 failure None
RESULT full-source/RK4-0.00005 time 0.263 completed True sliding steps 20 failure None
RESULT full-source/RK4-0.000025 time 0.263 completed True sliding steps 39 failure None
RESULT full-source/DOP853 time 0.26203073413288025 completed False sliding steps 0 failure {'code': 'constraint-drift', 'message': 'Original sliding constraint gate failed', 'acceptedTime': 0.26203073413288025, 'acceptedState': [-0.026357468103464756, 0.10353551203545322, 0.01275612787176322, 1.2579985656958232, -0.02569072023031364, -0.11021359393313897, 0.062397847685641696, -0.2531186634506212, 0.07683336954573822, 0.003673852285931649, 0.10353551203545318], 'failedStageTime': 0.263, 'failedStageState': [-0.026257114665614024, 0.10210970492695738, 0.012721457226481058, 1.2570876262191673, -0.02593206178353333, -0.11015840244542321, 0.06248345997823135, -0.2522821540783642, 0.07604362307539485, 0.0035966685791441444, 0.10210970492695734], 'rollback_exact': True}
RESULT full-source/Radau time 0.26203073463297993 completed False sliding steps 0 failure {'code': 'constraint-drift', 'message': 'Original sliding constraint gate failed', 'acceptedTime': 0.26203073463297993, 'acceptedState': [-0.026357468050746565, 0.10353551135991244, 0.0127561278722109, 1.2579985652204764, -0.025690720365419212, -0.11021359387222933, 0.0623978477548959, -0.2531186630033878, 0.07683336913320388, 0.003673852242892024, 0.10353551135991244], 'failedStageTime': 0.263, 'failedStageState': [-0.02625711466532869, 0.10210970495433463, 0.01272145724481163, 1.257087626216974, -0.025932061784962514, -0.11015840241306166, 0.062483460002721626, -0.25228215407158133, 0.07604362307655639, 0.0035966685790749632, 0.10210970495433463], 'rollback_exact': True}
RESULT reduced-independent/RK4-0.0002 time 0.263 completed True sliding steps 5 failure None
RESULT reduced-independent/RK4-0.0001 time 0.263 completed True sliding steps 10 failure None
RESULT reduced-independent/RK4-0.00005 time 0.263 completed True sliding steps 20 failure None
RESULT reduced-independent/RK4-0.000025 time 0.263 completed True sliding steps 39 failure None
RESULT reduced-independent/DOP853 time 0.263 completed True sliding steps 2 failure None
RESULT reduced-independent/Radau time 0.263 completed True sliding steps 3 failure None
