PASS: current Real-card render evidence
PASS_SLS_SOURCE_PROOF_PROTOCOL_VISUAL_BROWSER_BINDING
PASS_SERIAL_SOURCE_PROOF_GEOMETRY_VISUAL_BROWSER_BINDING
PASS source-bound projection artifact
PASS accepted connected source, numerical/figure bindings and actual browser/GPU qualification
PASS: current Real-card render evidence
PASS_SLS_SOURCE_PROOF_PROTOCOL_VISUAL_BROWSER_BINDING
PASS_SERIAL_SOURCE_PROOF_GEOMETRY_VISUAL_BROWSER_BINDING
PASS source-bound projection artifact
PASS accepted connected source, numerical/figure bindings and actual browser/GPU qualification
{
  "schema": 2,
  "result": "PASS_CHECKED_BOOK_BUNDLE",
  "source_revision": "f2738acbdad860808d1d9e72ff1939df6d9bc407",
  "build_manifest_sha256": "340acb0375ae8a33ae494821c9a420930bcf6cda90d04ef8d5cbb240586f77e3",
  "archive": "kenoma-connected-follow-on-portable.zip",
  "archive_bytes": 123567028,
  "archive_sha256": "4cd07b986c367582c37104170c711663898f4a1828713089feebde6301790067",
  "file_count": 1343,
  "qualification": "Local coherent book, source-bound proofs, numerical and browser evidence; no hosted publication or biological validation"
}
