
> kenoma-education@0.1.0 test:browser
> python3 tests/browser.py

{
  "executable_outputs_sha256": "ac26ff4bc83b4408843fee7d7036c44895e41d1a264f5f5c9e78414fd041362b",
  "status": "passed",
  "browser_version": "151.0.7922.173",
  "checks": [
    "103 proof cards, MathML, internal links and local resources verified",
    "Blank numeric input then Reset clears stale aria-invalid",
    "Sequential decimal typing retains 0.35 without eager minimum clamping",
    "Desktop real WebGL, camera, defaults, all integrators, stepping, reset replay, copy, pause verified",
    "Elbow real WebGL, force-driven lift, continuous release, trace download, prescribed hold and pulse controls verified",
    "Series fixed-end storage/release, immediate release/change exports before stepping, tissue ablations, same-pose LBS and deterministic reset verified",
    "Spatial FEM reference converged; matched sweep improvement, static refinement and cached assembly verified",
    "Spatial muscle/skin/contact same-pose fixture, force-driven lift, release-current export, camera and deterministic reset verified",
    "Teaching control regressions: measured Lab1 marker pixels, common strain scale and inactive bar inputs, state-preserving Lab7 ablations, and dead-centre explanation",
    "All seven deliberate spoken summaries separate each actual DOM label/value pair; energy/spatial stepping and playback produce no live-region mutations",
    "Actual atlas WebGL part/camera views and keyboard-accessible timestamp-aware recording bins/reset verified; one active canvas retained",
    "390px viewport has no horizontal page overflow; WebGL and keyboard controls verified",
    "No-WebGL fallback retains static figures and live elementary/spatial numerical controls",
    "No-JavaScript chapter text, diagrams, proofs and experiment table remain readable"
  ],
  "proof_cards": 103,
  "html_sha256": "b199fb0f3a06ff3b96b586872a334646a826dcaf554d49298c20e005f1e1e158",
  "app_sha256": "bbb012a9380fe583049df7abe87164f65ef18077d0220c60811212af737f3473",
  "scope": "Automated Chromium desktop/mobile viewport checks; not real mobile hardware or accessibility certification."
}
