{
  "schema": 1,
  "result": "PASS_REAL_PROOF_RENDER_CAPTURE",
  "source_revision": "142806f492567191e1edd9f8171f3e18e05383a0",
  "inspector_sha256": "c2cc7ef79b99115b13de7ae13f09d2ceec23ad05403c6043eef0127e903373d5",
  "html_sha256": "b199fb0f3a06ff3b96b586872a334646a826dcaf554d49298c20e005f1e1e158",
  "app_sha256": "bbb012a9380fe583049df7abe87164f65ef18077d0220c60811212af737f3473",
  "pdf_sha256": "2f6bb5320e85a9f853eb4c4160b14f2c468f6eeea8033ba1fa219afbe4061051",
  "manifest_sha256": "eb8d86a2001fca16f845f5c573c012437eccfb4a809c0806688f981264afba75",
  "browser": "151.0.7922.173",
  "views": [
    {
      "name": "desktop",
      "real_cards": 69,
      "horizontal_overflow": false
    },
    {
      "name": "mobile",
      "real_cards": 69,
      "horizontal_overflow": false
    }
  ],
  "page_errors": [],
  "real_claims": [
    "material-real-confined-volume",
    "material-real-bulk-sign",
    "material-real-bulk-zero",
    "material-real-separated-wall",
    "material-real-lateral-work",
    "force-real-pair",
    "torque-real-linearity",
    "virtual-real-power",
    "actuator-real-activation-interval",
    "actuator-real-activation-ode",
    "actuator-real-active-force-bounds",
    "actuator-real-active-force-derivative",
    "actuator-real-gaussian-radius-bound",
    "actuator-real-active-slope-bound",
    "actuator-real-series-strict-monotone",
    "actuator-real-series-unique-root",
    "actuator-real-series-root-exists",
    "actuator-real-series-lower-rejection",
    "actuator-real-series-denominator",
    "dissipative-real-storage-sign",
    "dissipative-real-dissipation-sign",
    "dissipative-real-storage-derivative",
    "dissipative-real-power-balance",
    "dissipative-real-elastic-recovery",
    "dissipative-real-viscous-derivative",
    "dissipative-real-viscous-bounds",
    "dissipative-real-viscous-monotone",
    "dissipative-real-viscous-antitone",
    "dissipative-real-held-stress-bounds",
    "dissipative-real-held-stress-decay",
    "serial-real-energy-factor",
    "serial-real-energy-sign",
    "serial-real-energy-zero",
    "serial-real-energy-derivative",
    "serial-real-stress-identities",
    "serial-real-stress-sign",
    "serial-real-stress-difference",
    "serial-real-stress-monotone",
    "serial-real-root-unique",
    "serial-real-volume",
    "serial-real-tension-order",
    "serial-real-compression-order",
    "projection-inner-comm",
    "projection-inner-add-right",
    "projection-inner-add-left",
    "projection-inner-sub-right",
    "projection-inner-sub-left",
    "projection-inner-smul-right",
    "projection-inner-smul-left",
    "projection-normSq-nonneg",
    "projection-normSq-eq-zero-iff",
    "projection-normSq-sub",
    "projection-normSq-smul",
    "projection-project-eq-self-iff",
    "projection-project-idempotent",
    "projection-inner-project",
    "projection-project-self-adjoint",
    "projection-optimizer-mem",
    "projection-square-completion",
    "projection-optimizer-value",
    "projection-objective-le-condensed",
    "projection-value-eq-iff-optimizer",
    "projection-unique-maximizer",
    "projection-pythagoras",
    "projection-pointwise-minus-condensed",
    "projection-condensed-nonneg",
    "projection-gap-nonneg",
    "projection-gap-zero-iff-represented",
    "projection-nested-energy-monotone"
  ],
  "pdf_pages": 208,
  "source_pages": [
    {
      "page": 181,
      "image": "pdf-source-page-181.png"
    },
    {
      "page": 182,
      "image": "pdf-source-page-182.png"
    },
    {
      "page": 183,
      "image": "pdf-source-page-183.png"
    },
    {
      "page": 184,
      "image": "pdf-source-page-184.png"
    },
    {
      "page": 185,
      "image": "pdf-source-page-185.png"
    },
    {
      "page": 186,
      "image": "pdf-source-page-186.png"
    },
    {
      "page": 187,
      "image": "pdf-source-page-187.png"
    },
    {
      "page": 188,
      "image": "pdf-source-page-188.png"
    },
    {
      "page": 189,
      "image": "pdf-source-page-189.png"
    },
    {
      "page": 190,
      "image": "pdf-source-page-190.png"
    },
    {
      "page": 191,
      "image": "pdf-source-page-191.png"
    },
    {
      "page": 192,
      "image": "pdf-source-page-192.png"
    },
    {
      "page": 193,
      "image": "pdf-source-page-193.png"
    },
    {
      "page": 194,
      "image": "pdf-source-page-194.png"
    },
    {
      "page": 195,
      "image": "pdf-source-page-195.png"
    },
    {
      "page": 196,
      "image": "pdf-source-page-196.png"
    },
    {
      "page": 197,
      "image": "pdf-source-page-197.png"
    },
    {
      "page": 198,
      "image": "pdf-source-page-198.png"
    },
    {
      "page": 199,
      "image": "pdf-source-page-199.png"
    },
    {
      "page": 200,
      "image": "pdf-source-page-200.png"
    },
    {
      "page": 201,
      "image": "pdf-source-page-201.png"
    },
    {
      "page": 202,
      "image": "pdf-source-page-202.png"
    },
    {
      "page": 203,
      "image": "pdf-source-page-203.png"
    },
    {
      "page": 204,
      "image": "pdf-source-page-204.png"
    },
    {
      "page": 205,
      "image": "pdf-source-page-205.png"
    },
    {
      "page": 206,
      "image": "pdf-source-page-206.png"
    },
    {
      "page": 207,
      "image": "pdf-source-page-207.png"
    },
    {
      "page": 208,
      "image": "pdf-source-page-208.png"
    }
  ],
  "scope": "Actual generated desktop/mobile card captures, source-bound metadata and complete PDF theorem/hash text with durable links. Appearance review is separate; no numerical refinement or biological certificate."
}
