Lean (version 4.19.0, x86_64-unknown-linux-gnu, commit 6caaee842e94, Release)
Lean (version 4.19.0, x86_64-unknown-linux-gnu, commit 6caaee842e94, Release)
PROOFWIDGETS_SOURCE_ASSETS_READY c4919189477c3221e6a204008998b0d724f49904
SOURCE_MODULE_COUNT 1932
SOURCE_PROGRESS 25 1932 Aesop.Search.Expansion.Simp
SOURCE_PROGRESS 50 1932 Batteries.Lean.Meta.Inaccessible
SOURCE_PROGRESS 75 1932 Aesop.RulePattern.Cache
SOURCE_PROGRESS 100 1932 Batteries.Tactic.OpenPrivate
SOURCE_PROGRESS 125 1932 Aesop.Builder.NormSimp
SOURCE_PROGRESS 150 1932 Aesop.Script.Main
SOURCE_PROGRESS 175 1932 Aesop.Tree.Check
SOURCE_PROGRESS 200 1932 Batteries.WF
SOURCE_PROGRESS 225 1932 Mathlib.Init
SOURCE_PROGRESS 250 1932 Mathlib.Lean.PrettyPrinter.Delaborator
SOURCE_PROGRESS 275 1932 Mathlib.Tactic.ExtendDoc
SOURCE_PROGRESS 300 1932 Mathlib.Tactic.Linter.PPRoundtrip
SOURCE_PROGRESS 325 1932 Mathlib.Tactic.StacksAttribute
SOURCE_PROGRESS 350 1932 Mathlib.Logic.Function.CompTypeclasses
SOURCE_PROGRESS 375 1932 Mathlib.Tactic.CC.Datatypes
SOURCE_PROGRESS 400 1932 Mathlib.Tactic.CongrM
SOURCE_PROGRESS 425 1932 Mathlib.Tactic.ToAdditive.Frontend
SOURCE_PROGRESS 450 1932 Mathlib.Algebra.Notation.Lemmas
SOURCE_PROGRESS 475 1932 Mathlib.Algebra.Group.InjSurj
SOURCE_PROGRESS 500 1932 Mathlib.Algebra.Group.TypeTags.Basic
SOURCE_PROGRESS 525 1932 Mathlib.Algebra.Ring.Action.Rat
SOURCE_PROGRESS 550 1932 Plausible.Sampleable
SOURCE_PROGRESS 575 1932 Qq.AssertInstancesCommute
SOURCE_PROGRESS 600 1932 Mathlib.Algebra.Module.RingHom
SOURCE_PROGRESS 625 1932 Mathlib.Data.Set.Notation
SOURCE_PROGRESS 650 1932 Mathlib.Order.Lattice
SOURCE_PROGRESS 675 1932 Mathlib.Algebra.Order.Sub.Basic
SOURCE_PROGRESS 700 1932 Mathlib.Algebra.Order.Monoid.WithTop
SOURCE_PROGRESS 725 1932 Mathlib.Data.Set.Inclusion
SOURCE_PROGRESS 750 1932 Mathlib.Algebra.Ring.Action.Pointwise.Set
SOURCE_PROGRESS 775 1932 Mathlib.Algebra.Order.Pi
SOURCE_PROGRESS 800 1932 Mathlib.Algebra.Divisibility.Basic
SOURCE_PROGRESS 825 1932 Mathlib.Algebra.Ring.Action.Subobjects
SOURCE_PROGRESS 850 1932 Mathlib.Data.List.OfFn
SOURCE_PROGRESS 875 1932 Mathlib.Data.Nat.Cast.Basic
SOURCE_PROGRESS 900 1932 Mathlib.Algebra.Module.Equiv.Opposite
SOURCE_PROGRESS 925 1932 Mathlib.Data.Int.Order.Units
SOURCE_PROGRESS 950 1932 Mathlib.Data.Multiset.Lattice
SOURCE_PROGRESS 975 1932 Mathlib.Data.Multiset.Sections
SOURCE_PROGRESS 1000 1932 Mathlib.Data.Int.ModEq
SOURCE_PROGRESS 1025 1932 Mathlib.Algebra.Star.SelfAdjoint
SOURCE_PROGRESS 1050 1932 Mathlib.Data.Fintype.Perm
SOURCE_PROGRESS 1075 1932 Mathlib.Algebra.Order.GroupWithZero.Finset
SOURCE_PROGRESS 1100 1932 Mathlib.Algebra.Group.Subgroup.MulOpposite
SOURCE_PROGRESS 1125 1932 Mathlib.Data.Set.Finite.Lemmas
SOURCE_PROGRESS 1150 1932 Mathlib.GroupTheory.Subgroup.Centralizer
SOURCE_PROGRESS 1175 1932 Mathlib.Algebra.BigOperators.Group.Finset.Sigma
SOURCE_PROGRESS 1200 1932 Mathlib.Data.DFinsupp.Submonoid
SOURCE_PROGRESS 1225 1932 Mathlib.LinearAlgebra.LinearIndependent.Defs
SOURCE_PROGRESS 1250 1932 Mathlib.Order.Filter.Lift
SOURCE_PROGRESS 1275 1932 Mathlib.Order.CompleteLatticeIntervals
SOURCE_PROGRESS 1300 1932 Mathlib.LinearAlgebra.LinearIndependent.Basic
SOURCE_PROGRESS 1325 1932 Mathlib.RingTheory.Congruence.Defs
SOURCE_PROGRESS 1350 1932 Mathlib.SetTheory.Cardinal.SchroederBernstein
SOURCE_PROGRESS 1375 1932 Mathlib.Topology.Bornology.Basic
SOURCE_PROGRESS 1400 1932 Mathlib.Algebra.Star.NonUnitalSubalgebra
SOURCE_PROGRESS 1425 1932 Mathlib.LinearAlgebra.Projection
SOURCE_PROGRESS 1450 1932 Mathlib.Topology.Algebra.ContinuousMonoidHom
SOURCE_PROGRESS 1475 1932 Mathlib.Topology.Filter
SOURCE_PROGRESS 1500 1932 Mathlib.Topology.Sequences
SOURCE_PROGRESS 1525 1932 Mathlib.Tactic.NormNum.Inv
SOURCE_PROGRESS 1550 1932 Mathlib.GroupTheory.Perm.Closure
SOURCE_PROGRESS 1575 1932 Mathlib.Tactic.GCongr
SOURCE_PROGRESS 1600 1932 Mathlib.Tactic.Positivity
SOURCE_PROGRESS 1625 1932 Mathlib.LinearAlgebra.LinearIndependent.Lemmas
SOURCE_PROGRESS 1650 1932 Mathlib.Topology.Instances.Discrete
SOURCE_PROGRESS 1675 1932 Mathlib.Tactic.Linarith.Frontend
SOURCE_PROGRESS 1700 1932 Mathlib.Analysis.Normed.Group.Seminorm
SOURCE_PROGRESS 1725 1932 Mathlib.Algebra.Algebra.Spectrum.Basic
SOURCE_PROGRESS 1750 1932 Mathlib.Topology.Algebra.Algebra
SOURCE_PROGRESS 1775 1932 Mathlib.Topology.MetricSpace.Basic
SOURCE_PROGRESS 1800 1932 Mathlib.Topology.MetricSpace.IsometricSMul
SOURCE_PROGRESS 1825 1932 Mathlib.Analysis.Normed.Group.Rat
SOURCE_PROGRESS 1850 1932 Mathlib.Topology.Algebra.Module.StrongTopology
SOURCE_PROGRESS 1875 1932 Mathlib.Analysis.NormedSpace.OperatorNorm.NormedSpace
SOURCE_PROGRESS 1900 1932 Mathlib.Analysis.Calculus.Deriv.AffineMap
SOURCE_PROGRESS 1925 1932 Mathlib.Analysis.Normed.Group.Pointwise
SOURCE_PROGRESS 1932 1932 Mathlib.Analysis.SpecialFunctions.Log.Deriv
SOURCE_BUILD_COMPLETE 1932
