Fontconfig error: No writable cache directories
Fontconfig error: No writable cache directories
Fontconfig error: No writable cache directories
Fontconfig error: No writable cache directories
Fontconfig error: No writable cache directories
Fontconfig error: No writable cache directories
Fontconfig error: No writable cache directories
Fontconfig error: No writable cache directories
Fontconfig error: No writable cache directories
Fontconfig error: No writable cache directories
Fontconfig error: No writable cache directories
Fontconfig error: No writable cache directories
Fontconfig error: No writable cache directories
Fontconfig error: No writable cache directories
Fontconfig error: No writable cache directories
Fontconfig error: No writable cache directories
Fontconfig error: No writable cache directories
Fontconfig error: No writable cache directories
Fontconfig error: No writable cache directories
Fontconfig error: No writable cache directories
Fontconfig error: No writable cache directories
Fontconfig error: No writable cache directories
Fontconfig error: No writable cache directories
Fontconfig error: No writable cache directories
Fontconfig error: No writable cache directories
Fontconfig error: No writable cache directories
Fontconfig error: No writable cache directories
Fontconfig error: No writable cache directories
Fontconfig error: No writable cache directories
{
  "sourceSHA256": "0fd3667ebfe29f4be34d973fc5cfadd0ecb5443583d76189813a17667a383266",
  "summarySHA256": "a7a092710c2b5a4747c27194fcc1588c86bc9b180d18d41c700c6a16b5bc46c5",
  "files": {
    "matched-force-contractile-state.png": "32362cc2a0ee4b884d44a26fe1d06a109ba41f60b7ae48d84b32741631b67158",
    "matched-force-contractile-state.pdf": "e4e601dbb0f430803b7fe43d1421a224753e48b58125cb12e8603d39141f6a05",
    "matched-force-contractile-state.pdf-raster.png": "8d907150e9bf5a954cf46172155e787ba2d9846f783015d0af6c23d7b3b8101c"
  },
  "PDFPages": 1,
  "PNGPixels": [
    2400,
    864
  ],
  "PDFRasterPixels": [
    1620,
    584
  ],
  "humanVisualInspectionPending": true
}
