{
  "schema": 1,
  "result": "PASS_REAL_PROOF_RENDER_CAPTURE",
  "source_revision": "569e6686aaa08c7a2005ed25441c59db7afee4f8",
  "inspector_sha256": "6afe1a9f1e20e23dd48e7dd2321ee2c3b5908b0c6cdc1a3fa6dd77c40204a2cb",
  "html_sha256": "9a6ce26bdab8d7e9b0ce54fbaec862303794c78f39a6cda08104b1574f44579d",
  "app_sha256": "96e227afbe48f45158760e8ea7e28526e061f9136e3f465a966d71574d8c78f0",
  "pdf_sha256": "658782af760e5415e69742bf427dc4558b00a291ab037ae6bd3af6639abab78b",
  "manifest_sha256": "e70cfec353d6db6a9b5b3bdd45a72020c82b8c5b63980bcaf5764d6da3ab32a0",
  "browser": "151.0.7922.173",
  "views": [
    {
      "name": "desktop",
      "real_cards": 30,
      "horizontal_overflow": false
    },
    {
      "name": "mobile",
      "real_cards": 30,
      "horizontal_overflow": false
    }
  ],
  "page_errors": [],
  "real_claims": [
    "material-real-confined-volume",
    "material-real-bulk-sign",
    "material-real-bulk-zero",
    "material-real-separated-wall",
    "material-real-lateral-work",
    "force-real-pair",
    "torque-real-linearity",
    "virtual-real-power",
    "actuator-real-activation-interval",
    "actuator-real-activation-ode",
    "actuator-real-active-force-bounds",
    "actuator-real-active-force-derivative",
    "actuator-real-gaussian-radius-bound",
    "actuator-real-active-slope-bound",
    "actuator-real-series-strict-monotone",
    "actuator-real-series-unique-root",
    "actuator-real-series-root-exists",
    "actuator-real-series-lower-rejection",
    "actuator-real-series-denominator",
    "dissipative-real-storage-sign",
    "dissipative-real-dissipation-sign",
    "dissipative-real-storage-derivative",
    "dissipative-real-power-balance",
    "dissipative-real-elastic-recovery",
    "dissipative-real-viscous-derivative",
    "dissipative-real-viscous-bounds",
    "dissipative-real-viscous-monotone",
    "dissipative-real-viscous-antitone",
    "dissipative-real-held-stress-bounds",
    "dissipative-real-held-stress-decay"
  ],
  "pdf_pages": 86,
  "source_pages": [
    {
      "page": 80,
      "image": "pdf-source-page-80.png"
    },
    {
      "page": 81,
      "image": "pdf-source-page-81.png"
    },
    {
      "page": 82,
      "image": "pdf-source-page-82.png"
    },
    {
      "page": 83,
      "image": "pdf-source-page-83.png"
    },
    {
      "page": 84,
      "image": "pdf-source-page-84.png"
    },
    {
      "page": 85,
      "image": "pdf-source-page-85.png"
    },
    {
      "page": 86,
      "image": "pdf-source-page-86.png"
    }
  ],
  "scope": "Actual generated desktop/mobile card captures, source-bound metadata and complete PDF theorem/hash text with durable links. Appearance review is separate; no numerical refinement or biological certificate."
}
