{
  "schema": 1,
  "result": "PASS_REAL_PROOF_RENDER_CAPTURE",
  "source_revision": "c603d5081e7865d423fac4f452a1bcc7840735b1",
  "inspector_sha256": "6afe1a9f1e20e23dd48e7dd2321ee2c3b5908b0c6cdc1a3fa6dd77c40204a2cb",
  "html_sha256": "ad469e87c6a0751c62e4a451894ebd96a6a547a7016c19cad65c0360f10fe519",
  "app_sha256": "96e227afbe48f45158760e8ea7e28526e061f9136e3f465a966d71574d8c78f0",
  "pdf_sha256": "602a9c04a49a7bc19b2d627ff41db848b0c62f91812f9c578ae9eb79fec497e7",
  "manifest_sha256": "340ca718c539ac7b51fa4183ae0fa9c5c66e4db6c07f342fbc564fccf07567e3",
  "browser": "151.0.7922.173",
  "views": [
    {
      "name": "desktop",
      "real_cards": 30,
      "horizontal_overflow": false
    },
    {
      "name": "mobile",
      "real_cards": 30,
      "horizontal_overflow": false
    }
  ],
  "page_errors": [],
  "real_claims": [
    "material-real-confined-volume",
    "material-real-bulk-sign",
    "material-real-bulk-zero",
    "material-real-separated-wall",
    "material-real-lateral-work",
    "force-real-pair",
    "torque-real-linearity",
    "virtual-real-power",
    "actuator-real-activation-interval",
    "actuator-real-activation-ode",
    "actuator-real-active-force-bounds",
    "actuator-real-active-force-derivative",
    "actuator-real-gaussian-radius-bound",
    "actuator-real-active-slope-bound",
    "actuator-real-series-strict-monotone",
    "actuator-real-series-unique-root",
    "actuator-real-series-root-exists",
    "actuator-real-series-lower-rejection",
    "actuator-real-series-denominator",
    "dissipative-real-storage-sign",
    "dissipative-real-dissipation-sign",
    "dissipative-real-storage-derivative",
    "dissipative-real-power-balance",
    "dissipative-real-elastic-recovery",
    "dissipative-real-viscous-derivative",
    "dissipative-real-viscous-bounds",
    "dissipative-real-viscous-monotone",
    "dissipative-real-viscous-antitone",
    "dissipative-real-held-stress-bounds",
    "dissipative-real-held-stress-decay"
  ],
  "pdf_pages": 86,
  "source_pages": [
    {
      "page": 80,
      "image": "pdf-source-page-80.png"
    },
    {
      "page": 81,
      "image": "pdf-source-page-81.png"
    },
    {
      "page": 82,
      "image": "pdf-source-page-82.png"
    },
    {
      "page": 83,
      "image": "pdf-source-page-83.png"
    },
    {
      "page": 84,
      "image": "pdf-source-page-84.png"
    },
    {
      "page": 85,
      "image": "pdf-source-page-85.png"
    },
    {
      "page": 86,
      "image": "pdf-source-page-86.png"
    }
  ],
  "scope": "Actual generated desktop/mobile card captures, source-bound metadata and complete PDF theorem/hash text with durable links. Appearance review is separate; no numerical refinement or biological certificate."
}
