{
  "result": "PASS",
  "checks": 1010,
  "clinical_validation": false,
  "note": "Structural/data/provenance checks only; figures separately visually inspected."
}
Generated independent protocol frames and static reading figure
/workspace/kenoma-dissipative/education/dist/assets/anatomical-contact-trajectory.png

  education/dist/assets/app.js            590.8kb
  education/dist/assets/app.js.LEGAL.txt    188b 

⚡ Done in 115ms
/workspace/kenoma-dissipative/education/dist/anatomy-inspection/
/workspace/kenoma-dissipative/education/dist/coupled-fixture/
/workspace/kenoma-dissipative/education/dist/anatomical-arm/
Checked 12 theorems with Lean (version 4.19.0, x86_64-unknown-linux-gnu, commit 6caaee842e94, Release)
Checked 2 anatomical transfer identities with Lean (version 4.19.0, x86_64-unknown-linux-gnu, commit 6caaee842e94, Release)
Checked 7 coupled mechanical properties with Lean (version 4.19.0, x86_64-unknown-linux-gnu, commit 6caaee842e94, Release)
Checked 4 arm algebraic claims with Lean (version 4.19.0, x86_64-unknown-linux-gnu, commit 6caaee842e94, Release)
Checked 4 real kinematic claims with Lean (version 4.19.0, x86_64-unknown-linux-gnu, commit 6caaee842e94, Release)
Freshly compiled 5 material contracts with Lean (version 4.19.0, x86_64-unknown-linux-gnu, commit 6caaee842e94, Release)
Freshly compiled 30 additional Real declarations
Built single-source Markdown and portable HTML in education/dist
