2026-10-05T20:27:28.5658331Z Current runner version: '2.337.0'
2026-10-05T20:27:28.5683039Z ##[group]Runner Image Provisioner
2026-10-05T20:27:28.5683947Z Hosted Compute Agent
2026-10-05T20:27:28.5684584Z Version: 20260901.588
2026-10-05T20:27:28.5685232Z Commit: f88ec8081b781fac6c440065ac7ff9e710ce3d0b
2026-10-05T20:27:28.5686027Z Build Date: 2026-09-01T19:56:44Z
2026-10-05T20:27:28.5686702Z Worker ID: {2c6adb44-f49a-4529-b461-d9561f098531}
2026-10-05T20:27:28.5687450Z Azure Region: northcentralus
2026-10-05T20:27:28.5688135Z ##[endgroup]
2026-10-05T20:27:28.5690199Z ##[group]Operating System
2026-10-05T20:27:28.5690956Z Ubuntu
2026-10-05T20:27:28.5691478Z 24.04.5
2026-10-05T20:27:28.5692018Z LTS
2026-10-05T20:27:28.5692582Z ##[endgroup]
2026-10-05T20:27:28.5693143Z ##[group]Runner Image
2026-10-05T20:27:28.5694225Z Image: ubuntu-24.04
2026-10-05T20:27:28.5694797Z Version: 20260927.320.1
2026-10-05T20:27:28.5696149Z Included Software: https://github.com/actions/runner-images/blob/ubuntu24/20260927.320/images/ubuntu/Ubuntu2404-Readme.md
2026-10-05T20:27:28.5697705Z Image Release: https://github.com/actions/runner-images/releases/tag/ubuntu24%2F20260927.320
2026-10-05T20:27:28.5698714Z ##[endgroup]
2026-10-05T20:27:28.5700048Z ##[group]GITHUB_TOKEN Permissions
2026-10-05T20:27:28.5702204Z Contents: read
2026-10-05T20:27:28.5702868Z Metadata: read
2026-10-05T20:27:28.5703519Z ##[endgroup]
2026-10-05T20:27:28.5705610Z Secret source: Actions
2026-10-05T20:27:28.5706549Z Cache mode: write
2026-10-05T20:27:28.5707363Z Prepare workflow directory
2026-10-05T20:27:28.7107447Z Prepare all required actions
2026-10-05T20:27:28.7157270Z Getting action download info
2026-10-05T20:27:28.9447409Z Download action repository 'actions/checkout@11bd71901bbe5b1630ceea73d27597364c9af683' (SHA:11bd71901bbe5b1630ceea73d27597364c9af683)
2026-10-05T20:27:29.5992374Z Download action repository 'actions/setup-node@49933ea5288caeca8642d1e84afbd3f7d6820020' (SHA:49933ea5288caeca8642d1e84afbd3f7d6820020)
2026-10-05T20:27:29.9220305Z Download action repository 'actions/setup-python@a26af69be951a213d495a4c3e4e4022e16d87065' (SHA:a26af69be951a213d495a4c3e4e4022e16d87065)
2026-10-05T20:27:30.2011817Z Download action repository 'actions/upload-artifact@ea165f8d65b6e75b540449e92b4886f43607fa02' (SHA:ea165f8d65b6e75b540449e92b4886f43607fa02)
2026-10-05T20:27:30.6077916Z Download action repository 'actions/upload-pages-artifact@56afc609e74202658d3ffba0e8f6dda462b719fa' (SHA:56afc609e74202658d3ffba0e8f6dda462b719fa)
2026-10-05T20:27:30.9393570Z Getting action download info
2026-10-05T20:27:31.0436918Z Download action repository 'actions/upload-artifact@v4' (SHA:ea165f8d65b6e75b540449e92b4886f43607fa02)
2026-10-05T20:27:31.2519641Z Complete job name: build
2026-10-05T20:27:31.5000031Z ##[group]Run actions/checkout@11bd71901bbe5b1630ceea73d27597364c9af683
2026-10-05T20:27:31.5000792Z with:
2026-10-05T20:27:31.5001019Z   repository: MrScripty/Kenoma
2026-10-05T20:27:31.5003845Z   token: ***
2026-10-05T20:27:31.5004056Z   ssh-strict: true
2026-10-05T20:27:31.5004266Z   ssh-user: git
2026-10-05T20:27:31.5004502Z   persist-credentials: true
2026-10-05T20:27:31.5004741Z   clean: true
2026-10-05T20:27:31.5004959Z   sparse-checkout-cone-mode: true
2026-10-05T20:27:31.5005212Z   fetch-depth: 1
2026-10-05T20:27:31.5005412Z   fetch-tags: false
2026-10-05T20:27:31.5005614Z   show-progress: true
2026-10-05T20:27:31.5005828Z   lfs: false
2026-10-05T20:27:31.5006018Z   submodules: false
2026-10-05T20:27:31.5006225Z   set-safe-directory: true
2026-10-05T20:27:31.5006653Z ##[endgroup]
2026-10-05T20:27:31.6036685Z Syncing repository: MrScripty/Kenoma
2026-10-05T20:27:31.6038502Z ##[group]Getting Git version info
2026-10-05T20:27:31.6039479Z Working directory is '/home/runner/work/Kenoma/Kenoma'
2026-10-05T20:27:31.6069743Z [command]/usr/bin/git version
2026-10-05T20:27:31.7953288Z git version 2.55.0
2026-10-05T20:27:31.7977380Z ##[endgroup]
2026-10-05T20:27:31.7995286Z Temporarily overriding HOME='/home/runner/work/_temp/e762607e-56bc-4a4b-ada1-595c727303a0' before making global git config changes
2026-10-05T20:27:31.7997309Z Adding repository directory to the temporary git global config as a safe directory
2026-10-05T20:27:31.8002242Z [command]/usr/bin/git config --global --add safe.directory /home/runner/work/Kenoma/Kenoma
2026-10-05T20:27:31.8403252Z Deleting the contents of '/home/runner/work/Kenoma/Kenoma'
2026-10-05T20:27:31.8407172Z ##[group]Initializing the repository
2026-10-05T20:27:31.8412097Z [command]/usr/bin/git init /home/runner/work/Kenoma/Kenoma
2026-10-05T20:27:31.9181257Z hint: Using 'master' as the name for the initial branch. This default branch name
2026-10-05T20:27:31.9182099Z hint: will change to "main" in Git 3.0. To configure the initial branch name
2026-10-05T20:27:31.9182841Z hint: to use in all of your new repositories, which will suppress this warning,
2026-10-05T20:27:31.9183363Z hint: call:
2026-10-05T20:27:31.9183606Z hint:
2026-10-05T20:27:31.9184014Z hint: 	git config --global init.defaultBranch <name>
2026-10-05T20:27:31.9184526Z hint:
2026-10-05T20:27:31.9185174Z hint: Names commonly chosen instead of 'master' are 'main', 'trunk' and
2026-10-05T20:27:31.9186240Z hint: 'development'. The just-created branch can be renamed via this command:
2026-10-05T20:27:31.9186841Z hint:
2026-10-05T20:27:31.9187264Z hint: 	git branch -m <name>
2026-10-05T20:27:31.9187848Z hint:
2026-10-05T20:27:31.9188459Z hint: Disable this message with "git config set advice.defaultBranchName false"
2026-10-05T20:27:31.9189759Z Initialized empty Git repository in /home/runner/work/Kenoma/Kenoma/.git/
2026-10-05T20:27:31.9196317Z [command]/usr/bin/git remote add origin https://github.com/MrScripty/Kenoma
2026-10-05T20:27:31.9590274Z ##[endgroup]
2026-10-05T20:27:31.9590961Z ##[group]Disabling automatic garbage collection
2026-10-05T20:27:31.9594945Z [command]/usr/bin/git config --local gc.auto 0
2026-10-05T20:27:31.9626814Z ##[endgroup]
2026-10-05T20:27:31.9627277Z ##[group]Setting up auth
2026-10-05T20:27:31.9633821Z [command]/usr/bin/git config --local --name-only --get-regexp core\.sshCommand
2026-10-05T20:27:31.9667435Z [command]/usr/bin/git submodule foreach --recursive sh -c "git config --local --name-only --get-regexp 'core\.sshCommand' && git config --local --unset-all 'core.sshCommand' || :"
2026-10-05T20:27:32.2717907Z [command]/usr/bin/git config --local --name-only --get-regexp http\.https\:\/\/github\.com\/\.extraheader
2026-10-05T20:27:32.2757741Z [command]/usr/bin/git submodule foreach --recursive sh -c "git config --local --name-only --get-regexp 'http\.https\:\/\/github\.com\/\.extraheader' && git config --local --unset-all 'http.https://github.com/.extraheader' || :"
2026-10-05T20:27:32.3009865Z [command]/usr/bin/git config --local http.https://github.com/.extraheader AUTHORIZATION: basic ***
2026-10-05T20:27:32.3054060Z ##[endgroup]
2026-10-05T20:27:32.3055034Z ##[group]Fetching the repository
2026-10-05T20:27:32.3066578Z [command]/usr/bin/git -c protocol.version=2 fetch --no-tags --prune --no-recurse-submodules --depth=1 origin +e19b9bf40226352e9e94bcae801ab97c208cd31a:refs/remotes/origin/education/dense-bulk-qualification
2026-10-05T20:27:36.3335602Z From https://github.com/MrScripty/Kenoma
2026-10-05T20:27:36.3337088Z  * [new ref]         e19b9bf40226352e9e94bcae801ab97c208cd31a -> origin/education/dense-bulk-qualification
2026-10-05T20:27:36.3342338Z ##[endgroup]
2026-10-05T20:27:36.3345870Z ##[group]Determining the checkout info
2026-10-05T20:27:36.3346789Z ##[endgroup]
2026-10-05T20:27:36.3354169Z [command]/usr/bin/git sparse-checkout disable
2026-10-05T20:27:36.3630723Z [command]/usr/bin/git config --local --unset-all extensions.worktreeConfig
2026-10-05T20:27:36.3663218Z ##[group]Checking out the ref
2026-10-05T20:27:36.3669189Z [command]/usr/bin/git checkout --progress --force -B education/dense-bulk-qualification refs/remotes/origin/education/dense-bulk-qualification
2026-10-05T20:27:36.8346746Z Switched to a new branch 'education/dense-bulk-qualification'
2026-10-05T20:27:36.8352999Z branch 'education/dense-bulk-qualification' set up to track 'origin/education/dense-bulk-qualification'.
2026-10-05T20:27:36.8383558Z ##[endgroup]
2026-10-05T20:27:36.8441284Z [command]/usr/bin/git log -1 --format=%H
2026-10-05T20:27:36.8482090Z e19b9bf40226352e9e94bcae801ab97c208cd31a
2026-10-05T20:27:36.9403711Z ##[group]Run actions/setup-node@49933ea5288caeca8642d1e84afbd3f7d6820020
2026-10-05T20:27:36.9404181Z with:
2026-10-05T20:27:36.9404378Z   node-version: 22
2026-10-05T20:27:36.9404583Z   cache: npm
2026-10-05T20:27:36.9404837Z   cache-dependency-path: education/package-lock.json
2026-10-05T20:27:36.9405167Z   always-auth: false
2026-10-05T20:27:36.9405379Z   check-latest: false
2026-10-05T20:27:36.9408121Z   token: ***
2026-10-05T20:27:36.9408327Z ##[endgroup]
2026-10-05T20:27:37.1225777Z Found in cache @ /opt/hostedtoolcache/node/22.23.3/x64
2026-10-05T20:27:37.1230165Z (node:2303) [DEP0040] DeprecationWarning: The `punycode` module is deprecated. Please use a userland alternative instead.
2026-10-05T20:27:37.1231565Z (Use `node --trace-deprecation ...` to show where the warning was created)
2026-10-05T20:27:37.1233285Z ##[group]Environment details
2026-10-05T20:27:52.2727910Z node: v22.23.3
2026-10-05T20:27:52.2728367Z npm: 10.9.9
2026-10-05T20:27:52.2728708Z yarn: 1.22.22
2026-10-05T20:27:52.2730097Z ##[endgroup]
2026-10-05T20:27:52.2782366Z [command]/opt/hostedtoolcache/node/22.23.3/x64/bin/npm config get cache
2026-10-05T20:27:53.4687178Z /home/runner/.npm
2026-10-05T20:27:53.6305510Z Cache hit for: node-cache-Linux-x64-npm-3a8e2ba2b47fed34632f5a830c547a88e405322d6c154da9b7997480f62c8c58
2026-10-05T20:27:53.6413898Z (node:2303) [DEP0169] DeprecationWarning: `url.parse()` behavior is not standardized and prone to errors that have security implications. Use the WHATWG URL API instead. CVEs are not issued for `url.parse()` vulnerabilities.
2026-10-05T20:27:54.2226693Z Received 12157269 of 12157269 (100.0%), 25.0 MBs/sec
2026-10-05T20:27:54.2227232Z Cache Size: ~12 MB (12157269 B)
2026-10-05T20:27:54.2259026Z [command]/usr/bin/tar -xf /home/runner/work/_temp/fc3e26a2-2477-41e9-a14f-0ecfca101093/cache.tzst -P -C /home/runner/work/Kenoma/Kenoma --use-compress-program unzstd
2026-10-05T20:27:54.2702734Z Cache restored successfully
2026-10-05T20:27:54.2712747Z Cache restored from key: node-cache-Linux-x64-npm-3a8e2ba2b47fed34632f5a830c547a88e405322d6c154da9b7997480f62c8c58
2026-10-05T20:27:54.3086472Z ##[group]Run actions/setup-python@a26af69be951a213d495a4c3e4e4022e16d87065
2026-10-05T20:27:54.3086888Z with:
2026-10-05T20:27:54.3087085Z   python-version: 3.12
2026-10-05T20:27:54.3087314Z   check-latest: false
2026-10-05T20:27:54.3090358Z   token: ***
2026-10-05T20:27:54.3090586Z   update-environment: true
2026-10-05T20:27:54.3090840Z   allow-prereleases: false
2026-10-05T20:27:54.3091085Z   freethreaded: false
2026-10-05T20:27:54.3091294Z ##[endgroup]
2026-10-05T20:27:54.4438412Z ##[group]Installed versions
2026-10-05T20:27:54.5891874Z (node:2352) [DEP0040] DeprecationWarning: The `punycode` module is deprecated. Please use a userland alternative instead.
2026-10-05T20:27:54.5892753Z (Use `node --trace-deprecation ...` to show where the warning was created)
2026-10-05T20:27:54.5893320Z Successfully set up CPython (3.12.14)
2026-10-05T20:27:54.5893787Z ##[endgroup]
2026-10-05T20:27:54.6143988Z ##[group]Run sudo apt-get update
2026-10-05T20:27:54.6144575Z [36;1msudo apt-get update[0m
2026-10-05T20:27:54.6145076Z [36;1msudo apt-get install -y pandoc zstd[0m
2026-10-05T20:27:54.6145695Z [36;1mpython3 -m pip install -r requirements.txt[0m
2026-10-05T20:27:54.6146396Z [36;1mpython3 -m playwright install --with-deps chromium[0m
2026-10-05T20:27:54.6147029Z [36;1mnpm ci --no-audit --no-fund[0m
2026-10-05T20:27:54.6147609Z [36;1mpython3 tools/install_lean.py --directory .tools[0m
2026-10-05T20:27:54.6148337Z [36;1mecho "$PWD/.tools/lean-4.19.0-linux/bin" >> "$GITHUB_PATH"[0m
2026-10-05T20:27:54.8260500Z shell: /usr/bin/bash -e {0}
2026-10-05T20:27:54.8260893Z env:
2026-10-05T20:27:54.8261305Z   pythonLocation: /opt/hostedtoolcache/Python/3.12.14/x64
2026-10-05T20:27:54.8262012Z   PKG_CONFIG_PATH: /opt/hostedtoolcache/Python/3.12.14/x64/lib/pkgconfig
2026-10-05T20:27:54.8262958Z   Python_ROOT_DIR: /opt/hostedtoolcache/Python/3.12.14/x64
2026-10-05T20:27:54.8263571Z   Python2_ROOT_DIR: /opt/hostedtoolcache/Python/3.12.14/x64
2026-10-05T20:27:54.8264055Z   Python3_ROOT_DIR: /opt/hostedtoolcache/Python/3.12.14/x64
2026-10-05T20:27:54.8264539Z   LD_LIBRARY_PATH: /opt/hostedtoolcache/Python/3.12.14/x64/lib
2026-10-05T20:27:54.8264950Z ##[endgroup]
2026-10-05T20:27:55.2378692Z Get:1 https://packages.microsoft.com/ubuntu/24.04/prod noble InRelease [3600 B]
2026-10-05T20:27:55.3158434Z Get:2 file:/etc/apt/apt-mirrors.txt Mirrorlist [144 B]
2026-10-05T20:27:55.3388230Z Hit:3 http://azure.archive.ubuntu.com/ubuntu noble InRelease
2026-10-05T20:27:55.3403872Z Get:4 http://azure.archive.ubuntu.com/ubuntu noble-updates InRelease [126 kB]
2026-10-05T20:27:55.3777528Z Get:5 http://azure.archive.ubuntu.com/ubuntu noble-backports InRelease [126 kB]
2026-10-05T20:27:55.4054359Z Get:6 http://azure.archive.ubuntu.com/ubuntu noble-security InRelease [126 kB]
2026-10-05T20:27:55.6042490Z Get:7 https://packages.microsoft.com/ubuntu/24.04/prod noble/main amd64 Packages [511 kB]
2026-10-05T20:27:55.6466669Z Get:8 https://packages.microsoft.com/ubuntu/24.04/prod noble/main armhf Packages [12.6 kB]
2026-10-05T20:27:55.6494007Z Get:9 https://packages.microsoft.com/ubuntu/24.04/prod noble/main arm64 Packages [458 kB]
2026-10-05T20:27:55.8093125Z Get:10 http://azure.archive.ubuntu.com/ubuntu noble-updates/main amd64 Packages [1368 kB]
2026-10-05T20:27:55.8200900Z Get:11 http://azure.archive.ubuntu.com/ubuntu noble-updates/main Translation-en [305 kB]
2026-10-05T20:27:55.8220395Z Get:12 http://azure.archive.ubuntu.com/ubuntu noble-updates/main amd64 Components [181 kB]
2026-10-05T20:27:55.8250903Z Get:13 http://azure.archive.ubuntu.com/ubuntu noble-updates/universe amd64 Packages [1701 kB]
2026-10-05T20:27:55.8317741Z Get:14 http://azure.archive.ubuntu.com/ubuntu noble-updates/universe Translation-en [341 kB]
2026-10-05T20:27:55.8345491Z Get:15 http://azure.archive.ubuntu.com/ubuntu noble-updates/universe amd64 Components [388 kB]
2026-10-05T20:27:55.8377748Z Get:16 http://azure.archive.ubuntu.com/ubuntu noble-updates/restricted amd64 Packages [1728 kB]
2026-10-05T20:27:55.8474743Z Get:17 http://azure.archive.ubuntu.com/ubuntu noble-updates/restricted Translation-en [395 kB]
2026-10-05T20:27:55.8504276Z Get:18 http://azure.archive.ubuntu.com/ubuntu noble-updates/multiverse Translation-en [13.3 kB]
2026-10-05T20:27:55.8517427Z Get:19 http://azure.archive.ubuntu.com/ubuntu noble-updates/multiverse amd64 Components [940 B]
2026-10-05T20:27:55.9120210Z Get:20 http://azure.archive.ubuntu.com/ubuntu noble-backports/main amd64 Components [5764 B]
2026-10-05T20:27:55.9135778Z Get:21 http://azure.archive.ubuntu.com/ubuntu noble-backports/universe amd64 Components [12.6 kB]
2026-10-05T20:27:55.9209970Z Get:22 http://azure.archive.ubuntu.com/ubuntu noble-security/main amd64 Packages [1071 kB]
2026-10-05T20:27:55.9271450Z Get:23 http://azure.archive.ubuntu.com/ubuntu noble-security/main Translation-en [222 kB]
2026-10-05T20:27:55.9293611Z Get:24 http://azure.archive.ubuntu.com/ubuntu noble-security/main amd64 Components [46.4 kB]
2026-10-05T20:27:55.9308700Z Get:25 http://azure.archive.ubuntu.com/ubuntu noble-security/universe amd64 Packages [1216 kB]
2026-10-05T20:27:55.9373778Z Get:26 http://azure.archive.ubuntu.com/ubuntu noble-security/universe Translation-en [244 kB]
2026-10-05T20:27:55.9395951Z Get:27 http://azure.archive.ubuntu.com/ubuntu noble-security/universe amd64 Components [76.3 kB]
2026-10-05T20:27:55.9411873Z Get:28 http://azure.archive.ubuntu.com/ubuntu noble-security/restricted amd64 Packages [1566 kB]
2026-10-05T20:27:55.9493483Z Get:29 http://azure.archive.ubuntu.com/ubuntu noble-security/restricted Translation-en [361 kB]
2026-10-05T20:28:16.5651044Z Fetched 12.6 MB in 2s (7151 kB/s)
2026-10-05T20:28:17.3798171Z Reading package lists...
2026-10-05T20:28:17.4103943Z Reading package lists...
2026-10-05T20:28:17.5850189Z Building dependency tree...
2026-10-05T20:28:17.5857745Z Reading state information...
2026-10-05T20:28:17.7194081Z zstd is already the newest version (1.5.5+dfsg2-2build1.1).
2026-10-05T20:28:17.7194649Z zstd set to manually installed.
2026-10-05T20:28:17.7195015Z Suggested packages:
2026-10-05T20:28:17.7195534Z   texlive-latex-recommended texlive-xetex texlive-luatex pandoc-citeproc
2026-10-05T20:28:17.7196305Z   texlive-latex-extra context wkhtmltopdf librsvg2-bin groff ghc nodejs python
2026-10-05T20:28:17.7197033Z   r-base-core libjs-mathjax libjs-katex citation-style-language-styles
2026-10-05T20:28:17.8140550Z The following NEW packages will be installed:
2026-10-05T20:28:17.8141424Z   pandoc pandoc-data
2026-10-05T20:28:17.8311741Z 0 upgraded, 2 newly installed, 0 to remove and 25 not upgraded.
2026-10-05T20:28:17.8312552Z Need to get 26.9 MB of archives.
2026-10-05T20:28:17.8313257Z After this operation, 200 MB of additional disk space will be used.
2026-10-05T20:28:17.8313782Z Get:1 file:/etc/apt/apt-mirrors.txt Mirrorlist [144 B]
2026-10-05T20:28:17.8744673Z Get:2 http://azure.archive.ubuntu.com/ubuntu noble/universe amd64 pandoc-data all 3.1.3-1 [92.4 kB]
2026-10-05T20:28:17.8993560Z Get:3 http://azure.archive.ubuntu.com/ubuntu noble/universe amd64 pandoc amd64 3.1.3+ds-2 [26.9 MB]
2026-10-05T20:28:18.4572021Z Fetched 26.9 MB in 0s (85.1 MB/s)
2026-10-05T20:28:18.5772762Z Selecting previously unselected package pandoc-data.
2026-10-05T20:28:18.8198099Z (Reading database ... 
2026-10-05T20:28:18.8198761Z (Reading database ... 5%
2026-10-05T20:28:18.8199633Z (Reading database ... 10%
2026-10-05T20:28:18.8200242Z (Reading database ... 15%
2026-10-05T20:28:18.8200811Z (Reading database ... 20%
2026-10-05T20:28:18.8201299Z (Reading database ... 25%
2026-10-05T20:28:18.8201742Z (Reading database ... 30%
2026-10-05T20:28:18.8202182Z (Reading database ... 35%
2026-10-05T20:28:18.8202612Z (Reading database ... 40%
2026-10-05T20:28:18.8203284Z (Reading database ... 45%
2026-10-05T20:28:18.8203978Z (Reading database ... 50%
2026-10-05T20:28:19.0237896Z (Reading database ... 55%
2026-10-05T20:28:21.6251994Z (Reading database ... 60%
2026-10-05T20:28:22.9429143Z (Reading database ... 65%
2026-10-05T20:28:24.5840945Z (Reading database ... 70%
2026-10-05T20:28:26.1740079Z (Reading database ... 75%
2026-10-05T20:28:28.0924613Z (Reading database ... 80%
2026-10-05T20:28:31.2677564Z (Reading database ... 85%
2026-10-05T20:28:34.9185030Z (Reading database ... 90%
2026-10-05T20:28:38.3942438Z (Reading database ... 95%
2026-10-05T20:28:38.3943222Z (Reading database ... 100%
2026-10-05T20:28:38.3944142Z (Reading database ... 202296 files and directories currently installed.)
2026-10-05T20:28:38.3986262Z Preparing to unpack .../pandoc-data_3.1.3-1_all.deb ...
2026-10-05T20:28:38.4015098Z Unpacking pandoc-data (3.1.3-1) ...
2026-10-05T20:28:38.4671403Z Selecting previously unselected package pandoc.
2026-10-05T20:28:38.4794666Z Preparing to unpack .../pandoc_3.1.3+ds-2_amd64.deb ...
2026-10-05T20:28:38.4802711Z Unpacking pandoc (3.1.3+ds-2) ...
2026-10-05T20:28:39.2888006Z Setting up pandoc-data (3.1.3-1) ...
2026-10-05T20:28:39.2911503Z Setting up pandoc (3.1.3+ds-2) ...
2026-10-05T20:28:39.2934933Z Processing triggers for man-db (2.12.0-4build2) ...
2026-10-05T20:28:39.2955845Z Not building database; man-db/auto-update is not 'true'.
2026-10-05T20:28:42.9681495Z 
2026-10-05T20:28:42.9684327Z Running kernel seems to be up-to-date.
2026-10-05T20:28:42.9684843Z 
2026-10-05T20:28:42.9685402Z No services need to be restarted.
2026-10-05T20:28:42.9685766Z 
2026-10-05T20:28:42.9686081Z No containers need to be restarted.
2026-10-05T20:28:42.9686644Z 
2026-10-05T20:28:42.9687283Z No user sessions are running outdated binaries.
2026-10-05T20:28:42.9687823Z 
2026-10-05T20:28:42.9688449Z No VM guests are running outdated hypervisor (qemu) binaries on this host.
2026-10-05T20:28:51.0690084Z Collecting playwright==1.62.0 (from -r requirements.txt (line 1))
2026-10-05T20:28:51.1275209Z   Downloading playwright-1.62.0-py3-none-manylinux1_x86_64.whl.metadata (3.3 kB)
2026-10-05T20:28:51.2705260Z Collecting PyMuPDF==1.26.6 (from -r requirements.txt (line 2))
2026-10-05T20:28:51.2741334Z   Downloading pymupdf-1.26.6-cp310-abi3-manylinux_2_28_x86_64.whl.metadata (3.4 kB)
2026-10-05T20:28:51.3972708Z Collecting matplotlib==3.10.8 (from -r requirements.txt (line 3))
2026-10-05T20:28:51.4013121Z   Downloading matplotlib-3.10.8-cp312-cp312-manylinux2014_x86_64.manylinux_2_17_x86_64.whl.metadata (52 kB)
2026-10-05T20:28:51.4331990Z Collecting pyee<14,>=13 (from playwright==1.62.0->-r requirements.txt (line 1))
2026-10-05T20:28:51.4362111Z   Downloading pyee-13.0.1-py3-none-any.whl.metadata (3.0 kB)
2026-10-05T20:28:51.5759812Z Collecting greenlet<4.0.0,>=3.1.1 (from playwright==1.62.0->-r requirements.txt (line 1))
2026-10-05T20:28:51.5803266Z   Downloading greenlet-3.5.6-cp312-cp312-manylinux_2_24_x86_64.manylinux_2_28_x86_64.whl.metadata (3.8 kB)
2026-10-05T20:28:51.6393320Z Collecting contourpy>=1.0.1 (from matplotlib==3.10.8->-r requirements.txt (line 3))
2026-10-05T20:28:51.6428390Z   Downloading contourpy-1.4.0-cp312-cp312-manylinux_2_27_x86_64.manylinux_2_28_x86_64.whl.metadata (3.8 kB)
2026-10-05T20:28:51.6549331Z Collecting cycler>=0.10 (from matplotlib==3.10.8->-r requirements.txt (line 3))
2026-10-05T20:28:51.6582299Z   Downloading cycler-0.12.1-py3-none-any.whl.metadata (3.8 kB)
2026-10-05T20:28:51.8001137Z Collecting fonttools>=4.22.0 (from matplotlib==3.10.8->-r requirements.txt (line 3))
2026-10-05T20:28:51.8037677Z   Downloading fonttools-4.66.1-cp312-cp312-manylinux2014_x86_64.manylinux_2_17_x86_64.whl.metadata (130 kB)
2026-10-05T20:28:51.8786691Z Collecting kiwisolver>=1.3.1 (from matplotlib==3.10.8->-r requirements.txt (line 3))
2026-10-05T20:28:51.8821679Z   Downloading kiwisolver-1.5.1-cp312-cp312-manylinux2014_x86_64.manylinux_2_17_x86_64.whl.metadata (5.2 kB)
2026-10-05T20:28:52.0845263Z Collecting numpy>=1.23 (from matplotlib==3.10.8->-r requirements.txt (line 3))
2026-10-05T20:28:52.0881120Z   Downloading numpy-2.5.3-cp312-cp312-manylinux_2_27_x86_64.manylinux_2_28_x86_64.whl.metadata (6.6 kB)
2026-10-05T20:28:52.1033738Z Collecting packaging>=20.0 (from matplotlib==3.10.8->-r requirements.txt (line 3))
2026-10-05T20:28:52.1063835Z   Downloading packaging-26.3-py3-none-any.whl.metadata (3.5 kB)
2026-10-05T20:28:52.2607125Z Collecting pillow>=8 (from matplotlib==3.10.8->-r requirements.txt (line 3))
2026-10-05T20:28:52.2643176Z   Downloading pillow-12.3.0-cp312-cp312-manylinux_2_27_x86_64.manylinux_2_28_x86_64.whl.metadata (9.1 kB)
2026-10-05T20:28:52.2872021Z Collecting pyparsing>=3 (from matplotlib==3.10.8->-r requirements.txt (line 3))
2026-10-05T20:28:52.2907441Z   Downloading pyparsing-3.3.3-py3-none-any.whl.metadata (5.9 kB)
2026-10-05T20:28:52.3028390Z Collecting python-dateutil>=2.7 (from matplotlib==3.10.8->-r requirements.txt (line 3))
2026-10-05T20:28:52.3059871Z   Downloading python_dateutil-2.9.0.post0-py2.py3-none-any.whl.metadata (8.4 kB)
2026-10-05T20:28:52.3225043Z Collecting typing-extensions (from pyee<14,>=13->playwright==1.62.0->-r requirements.txt (line 1))
2026-10-05T20:28:52.3266572Z   Downloading typing_extensions-4.16.0-py3-none-any.whl.metadata (3.3 kB)
2026-10-05T20:28:52.3481226Z Collecting six>=1.5 (from python-dateutil>=2.7->matplotlib==3.10.8->-r requirements.txt (line 3))
2026-10-05T20:28:52.3515628Z   Downloading six-1.17.0-py2.py3-none-any.whl.metadata (1.7 kB)
2026-10-05T20:28:52.3687342Z Downloading playwright-1.62.0-py3-none-manylinux1_x86_64.whl (47.7 MB)
2026-10-05T20:28:52.5086193Z    ━━━━━━━━━━━━━━━━━━━━━━━━━━━━━━━━━━━━━━━━ 47.7/47.7 MB 351.3 MB/s  0:00:00
2026-10-05T20:28:52.5148805Z Downloading pymupdf-1.26.6-cp310-abi3-manylinux_2_28_x86_64.whl (24.1 MB)
2026-10-05T20:28:52.6629948Z    ━━━━━━━━━━━━━━━━━━━━━━━━━━━━━━━━━━━━━━━━ 24.1/24.1 MB 164.3 MB/s  0:00:00
2026-10-05T20:28:52.6663610Z Downloading matplotlib-3.10.8-cp312-cp312-manylinux2014_x86_64.manylinux_2_17_x86_64.whl (8.7 MB)
2026-10-05T20:28:52.6943908Z    ━━━━━━━━━━━━━━━━━━━━━━━━━━━━━━━━━━━━━━━━ 8.7/8.7 MB 328.0 MB/s  0:00:00
2026-10-05T20:28:52.6978696Z Downloading greenlet-3.5.6-cp312-cp312-manylinux_2_24_x86_64.manylinux_2_28_x86_64.whl (621 kB)
2026-10-05T20:28:52.7030013Z    ━━━━━━━━━━━━━━━━━━━━━━━━━━━━━━━━━━━━━━━━ 621.4/621.4 kB 120.8 MB/s  0:00:00
2026-10-05T20:28:52.7063832Z Downloading pyee-13.0.1-py3-none-any.whl (15 kB)
2026-10-05T20:28:52.7114427Z Downloading contourpy-1.4.0-cp312-cp312-manylinux_2_27_x86_64.manylinux_2_28_x86_64.whl (383 kB)
2026-10-05T20:28:52.7172941Z Downloading cycler-0.12.1-py3-none-any.whl (8.3 kB)
2026-10-05T20:28:52.7224757Z Downloading fonttools-4.66.1-cp312-cp312-manylinux2014_x86_64.manylinux_2_17_x86_64.whl (5.4 MB)
2026-10-05T20:28:52.7397184Z    ━━━━━━━━━━━━━━━━━━━━━━━━━━━━━━━━━━━━━━━━ 5.4/5.4 MB 347.4 MB/s  0:00:00
2026-10-05T20:28:52.7432735Z Downloading kiwisolver-1.5.1-cp312-cp312-manylinux2014_x86_64.manylinux_2_17_x86_64.whl (1.5 MB)
2026-10-05T20:28:52.7502834Z    ━━━━━━━━━━━━━━━━━━━━━━━━━━━━━━━━━━━━━━━━ 1.5/1.5 MB 248.3 MB/s  0:00:00
2026-10-05T20:28:52.7535925Z Downloading numpy-2.5.3-cp312-cp312-manylinux_2_27_x86_64.manylinux_2_28_x86_64.whl (16.7 MB)
2026-10-05T20:28:52.8027704Z    ━━━━━━━━━━━━━━━━━━━━━━━━━━━━━━━━━━━━━━━━ 16.7/16.7 MB 350.8 MB/s  0:00:00
2026-10-05T20:28:52.8061615Z Downloading packaging-26.3-py3-none-any.whl (129 kB)
2026-10-05T20:28:52.8115537Z Downloading pillow-12.3.0-cp312-cp312-manylinux_2_27_x86_64.manylinux_2_28_x86_64.whl (6.9 MB)
2026-10-05T20:28:52.8327792Z    ━━━━━━━━━━━━━━━━━━━━━━━━━━━━━━━━━━━━━━━━ 6.9/6.9 MB 351.0 MB/s  0:00:00
2026-10-05T20:28:52.8363582Z Downloading pyparsing-3.3.3-py3-none-any.whl (126 kB)
2026-10-05T20:28:52.8417998Z Downloading python_dateutil-2.9.0.post0-py2.py3-none-any.whl (229 kB)
2026-10-05T20:28:52.8475105Z Downloading six-1.17.0-py2.py3-none-any.whl (11 kB)
2026-10-05T20:28:52.8523926Z Downloading typing_extensions-4.16.0-py3-none-any.whl (45 kB)
2026-10-05T20:28:53.5615637Z Installing collected packages: typing-extensions, six, pyparsing, PyMuPDF, pillow, packaging, numpy, kiwisolver, greenlet, fonttools, cycler, python-dateutil, pyee, contourpy, playwright, matplotlib
2026-10-05T20:29:00.4560923Z 
2026-10-05T20:29:00.4584489Z Successfully installed PyMuPDF-1.26.6 contourpy-1.4.0 cycler-0.12.1 fonttools-4.66.1 greenlet-3.5.6 kiwisolver-1.5.1 matplotlib-3.10.8 numpy-2.5.3 packaging-26.3 pillow-12.3.0 playwright-1.62.0 pyee-13.0.1 pyparsing-3.3.3 python-dateutil-2.9.0.post0 six-1.17.0 typing-extensions-4.16.0
2026-10-05T20:29:00.8882280Z Installing dependencies...
2026-10-05T20:29:00.8943844Z Switching to root user to install dependencies...
2026-10-05T20:29:00.9537048Z Get:1 file:/etc/apt/apt-mirrors.txt Mirrorlist [144 B]
2026-10-05T20:29:00.9854095Z Hit:6 https://packages.microsoft.com/ubuntu/24.04/prod noble InRelease
2026-10-05T20:29:01.0772123Z Hit:2 http://azure.archive.ubuntu.com/ubuntu noble InRelease
2026-10-05T20:29:01.0784736Z Hit:3 http://azure.archive.ubuntu.com/ubuntu noble-updates InRelease
2026-10-05T20:29:01.0796295Z Hit:4 http://azure.archive.ubuntu.com/ubuntu noble-backports InRelease
2026-10-05T20:29:01.0807910Z Hit:5 http://azure.archive.ubuntu.com/ubuntu noble-security InRelease
2026-10-05T20:29:02.2275806Z Reading package lists...
2026-10-05T20:29:02.2497238Z Reading package lists...
2026-10-05T20:29:02.4238355Z Building dependency tree...
2026-10-05T20:29:02.4245062Z Reading state information...
2026-10-05T20:29:02.5593214Z libasound2t64 is already the newest version (1.2.11-1ubuntu0.3).
2026-10-05T20:29:02.5594243Z libasound2t64 set to manually installed.
2026-10-05T20:29:02.5594978Z libatk-bridge2.0-0t64 is already the newest version (2.52.0-1build1).
2026-10-05T20:29:02.5595606Z libatk-bridge2.0-0t64 set to manually installed.
2026-10-05T20:29:02.5596209Z libatk1.0-0t64 is already the newest version (2.52.0-1build1).
2026-10-05T20:29:02.5596759Z libatk1.0-0t64 set to manually installed.
2026-10-05T20:29:02.5597422Z libatspi2.0-0t64 is already the newest version (2.52.0-1build1).
2026-10-05T20:29:02.5597951Z libatspi2.0-0t64 set to manually installed.
2026-10-05T20:29:02.5598462Z libcairo2 is already the newest version (1.18.0-3build1).
2026-10-05T20:29:02.5600080Z libcairo2 set to manually installed.
2026-10-05T20:29:02.5600956Z libcups2t64 is already the newest version (2.4.7-1.2ubuntu7.14).
2026-10-05T20:29:02.5601599Z libcups2t64 set to manually installed.
2026-10-05T20:29:02.5602155Z libdbus-1-3 is already the newest version (1.14.10-4ubuntu4.1).
2026-10-05T20:29:02.5602670Z libdbus-1-3 set to manually installed.
2026-10-05T20:29:02.5603207Z libdrm2 is already the newest version (2.4.125-1ubuntu0.1~24.04.2).
2026-10-05T20:29:02.5603720Z libdrm2 set to manually installed.
2026-10-05T20:29:02.5604237Z libglib2.0-0t64 is already the newest version (2.80.0-6ubuntu3.9).
2026-10-05T20:29:02.5604759Z libglib2.0-0t64 set to manually installed.
2026-10-05T20:29:02.5605297Z libnspr4 is already the newest version (2:4.35-1.1build1).
2026-10-05T20:29:02.5605772Z libnspr4 set to manually installed.
2026-10-05T20:29:02.5606391Z libnss3 is already the newest version (2:3.98-1ubuntu0.2).
2026-10-05T20:29:02.5607131Z libnss3 set to manually installed.
2026-10-05T20:29:02.5607810Z libpango-1.0-0 is already the newest version (1.52.1+ds-1build1).
2026-10-05T20:29:02.5608263Z libpango-1.0-0 set to manually installed.
2026-10-05T20:29:02.5608666Z libx11-6 is already the newest version (2:1.8.7-1build1).
2026-10-05T20:29:02.5609317Z libx11-6 set to manually installed.
2026-10-05T20:29:02.5609682Z libxcb1 is already the newest version (1.15-1ubuntu2).
2026-10-05T20:29:02.5610045Z libxcb1 set to manually installed.
2026-10-05T20:29:02.5610451Z libxcomposite1 is already the newest version (1:0.4.5-1build3).
2026-10-05T20:29:02.5611329Z libxcomposite1 set to manually installed.
2026-10-05T20:29:02.5611831Z libxdamage1 is already the newest version (1:1.1.6-1build1).
2026-10-05T20:29:02.5612234Z libxdamage1 set to manually installed.
2026-10-05T20:29:02.5612624Z libxext6 is already the newest version (2:1.3.4-1build2).
2026-10-05T20:29:02.5612999Z libxext6 set to manually installed.
2026-10-05T20:29:02.5613386Z libxfixes3 is already the newest version (1:6.0.0-2build1).
2026-10-05T20:29:02.5613773Z libxfixes3 set to manually installed.
2026-10-05T20:29:02.5614173Z libxkbcommon0 is already the newest version (1.6.0-1build1).
2026-10-05T20:29:02.5614564Z libxkbcommon0 set to manually installed.
2026-10-05T20:29:02.5614963Z libxrandr2 is already the newest version (2:1.5.2-2build1).
2026-10-05T20:29:02.5615348Z libxrandr2 set to manually installed.
2026-10-05T20:29:02.5615730Z xvfb is already the newest version (2:21.1.12-1ubuntu1.8).
2026-10-05T20:29:02.5616267Z fonts-noto-color-emoji is already the newest version (2.047-0ubuntu0.24.04.1).
2026-10-05T20:29:02.5616848Z libfontconfig1 is already the newest version (2.15.0-1.1ubuntu2).
2026-10-05T20:29:02.5617270Z libfontconfig1 set to manually installed.
2026-10-05T20:29:02.5617721Z libfreetype6 is already the newest version (2.13.2+dfsg-1ubuntu0.1).
2026-10-05T20:29:02.5618148Z libfreetype6 set to manually installed.
2026-10-05T20:29:02.5618566Z fonts-liberation is already the newest version (1:2.1.5-3).
2026-10-05T20:29:02.5619119Z fonts-liberation set to manually installed.
2026-10-05T20:29:02.5619522Z The following additional packages will be installed:
2026-10-05T20:29:02.5620273Z   libgl1-mesa-dri libglx-mesa0 mesa-libgallium xfonts-encodings xfonts-utils
2026-10-05T20:29:02.5620736Z Recommended packages:
2026-10-05T20:29:02.5621020Z   fonts-ipafont-mincho fonts-tlwg-loma
2026-10-05T20:29:02.5770113Z The following NEW packages will be installed:
2026-10-05T20:29:02.5770979Z   fonts-freefont-ttf fonts-ipafont-gothic fonts-tlwg-loma-otf fonts-unifont
2026-10-05T20:29:02.5775690Z   fonts-wqy-zenhei xfonts-cyrillic xfonts-encodings xfonts-scalable
2026-10-05T20:29:02.5776399Z   xfonts-utils
2026-10-05T20:29:02.5779849Z The following packages will be upgraded:
2026-10-05T20:29:02.5784184Z   libgbm1 libgl1-mesa-dri libglx-mesa0 mesa-libgallium
2026-10-05T20:29:02.5940124Z 4 upgraded, 9 newly installed, 0 to remove and 21 not upgraded.
2026-10-05T20:29:02.5940841Z Need to get 32.1 MB of archives.
2026-10-05T20:29:02.5941313Z After this operation, 79.5 MB of additional disk space will be used.
2026-10-05T20:29:02.5942105Z Get:1 file:/etc/apt/apt-mirrors.txt Mirrorlist [144 B]
2026-10-05T20:29:02.6315458Z Get:2 http://azure.archive.ubuntu.com/ubuntu noble/universe amd64 fonts-ipafont-gothic all 00303-21ubuntu1 [3513 kB]
2026-10-05T20:29:02.6792229Z Get:3 http://azure.archive.ubuntu.com/ubuntu noble/main amd64 fonts-freefont-ttf all 20211204+svn4273-2 [5641 kB]
2026-10-05T20:29:02.7510634Z Get:4 http://azure.archive.ubuntu.com/ubuntu noble/universe amd64 fonts-tlwg-loma-otf all 1:0.7.3-1 [107 kB]
2026-10-05T20:29:02.7736874Z Get:5 http://azure.archive.ubuntu.com/ubuntu noble/universe amd64 fonts-unifont all 1:15.1.01-1build1 [2993 kB]
2026-10-05T20:29:02.8272890Z Get:6 http://azure.archive.ubuntu.com/ubuntu noble/universe amd64 fonts-wqy-zenhei all 0.9.45-8 [7472 kB]
2026-10-05T20:29:02.9050457Z Get:7 http://azure.archive.ubuntu.com/ubuntu noble-updates/main amd64 libgl1-mesa-dri amd64 25.2.8-0ubuntu0.24.04.4 [38.0 kB]
2026-10-05T20:29:02.9266899Z Get:8 http://azure.archive.ubuntu.com/ubuntu noble-updates/main amd64 libglx-mesa0 amd64 25.2.8-0ubuntu0.24.04.4 [110 kB]
2026-10-05T20:29:02.9532963Z Get:9 http://azure.archive.ubuntu.com/ubuntu noble-updates/main amd64 libgbm1 amd64 25.2.8-0ubuntu0.24.04.4 [34.2 kB]
2026-10-05T20:29:02.9750986Z Get:10 http://azure.archive.ubuntu.com/ubuntu noble-updates/main amd64 mesa-libgallium amd64 25.2.8-0ubuntu0.24.04.4 [10.8 MB]
2026-10-05T20:29:03.0743678Z Get:11 http://azure.archive.ubuntu.com/ubuntu noble/main amd64 xfonts-encodings all 1:1.0.5-0ubuntu2 [578 kB]
2026-10-05T20:29:03.0997495Z Get:12 http://azure.archive.ubuntu.com/ubuntu noble/main amd64 xfonts-utils amd64 1:7.7+6build3 [94.4 kB]
2026-10-05T20:29:03.1218304Z Get:13 http://azure.archive.ubuntu.com/ubuntu noble/universe amd64 xfonts-cyrillic all 1:1.0.5+nmu1 [384 kB]
2026-10-05T20:29:03.1461163Z Get:14 http://azure.archive.ubuntu.com/ubuntu noble/main amd64 xfonts-scalable all 1:1.0.3-1.3 [304 kB]
2026-10-05T20:29:03.3894841Z Fetched 32.1 MB in 1s (56.8 MB/s)
2026-10-05T20:29:03.4081592Z Selecting previously unselected package fonts-ipafont-gothic.
2026-10-05T20:29:03.4136466Z (Reading database ... 
2026-10-05T20:29:03.4137037Z (Reading database ... 5%
2026-10-05T20:29:03.4137541Z (Reading database ... 10%
2026-10-05T20:29:03.4138016Z (Reading database ... 15%
2026-10-05T20:29:03.4138488Z (Reading database ... 20%
2026-10-05T20:29:03.4139149Z (Reading database ... 25%
2026-10-05T20:29:03.4139474Z (Reading database ... 30%
2026-10-05T20:29:03.4139816Z (Reading database ... 35%
2026-10-05T20:29:03.4141330Z (Reading database ... 40%
2026-10-05T20:29:03.4142412Z (Reading database ... 45%
2026-10-05T20:29:03.4143506Z (Reading database ... 50%
2026-10-05T20:29:03.4157722Z (Reading database ... 55%
2026-10-05T20:29:03.4261814Z (Reading database ... 60%
2026-10-05T20:29:03.4286553Z (Reading database ... 65%
2026-10-05T20:29:03.4307295Z (Reading database ... 70%
2026-10-05T20:29:03.4340806Z (Reading database ... 75%
2026-10-05T20:29:03.4369275Z (Reading database ... 80%
2026-10-05T20:29:03.4394297Z (Reading database ... 85%
2026-10-05T20:29:03.4540568Z (Reading database ... 90%
2026-10-05T20:29:03.4781017Z (Reading database ... 95%
2026-10-05T20:29:03.4781536Z (Reading database ... 100%
2026-10-05T20:29:03.4782273Z (Reading database ... 202515 files and directories currently installed.)
2026-10-05T20:29:03.4820076Z Preparing to unpack .../00-fonts-ipafont-gothic_00303-21ubuntu1_all.deb ...
2026-10-05T20:29:03.4892612Z Unpacking fonts-ipafont-gothic (00303-21ubuntu1) ...
2026-10-05T20:29:03.7127545Z Selecting previously unselected package fonts-freefont-ttf.
2026-10-05T20:29:03.7250930Z Preparing to unpack .../01-fonts-freefont-ttf_20211204+svn4273-2_all.deb ...
2026-10-05T20:29:03.7257693Z Unpacking fonts-freefont-ttf (20211204+svn4273-2) ...
2026-10-05T20:29:03.8021995Z Selecting previously unselected package fonts-tlwg-loma-otf.
2026-10-05T20:29:03.8146179Z Preparing to unpack .../02-fonts-tlwg-loma-otf_1%3a0.7.3-1_all.deb ...
2026-10-05T20:29:03.8154215Z Unpacking fonts-tlwg-loma-otf (1:0.7.3-1) ...
2026-10-05T20:29:03.8570006Z Selecting previously unselected package fonts-unifont.
2026-10-05T20:29:03.8694352Z Preparing to unpack .../03-fonts-unifont_1%3a15.1.01-1build1_all.deb ...
2026-10-05T20:29:03.8701894Z Unpacking fonts-unifont (1:15.1.01-1build1) ...
2026-10-05T20:29:03.9708600Z Selecting previously unselected package fonts-wqy-zenhei.
2026-10-05T20:29:03.9833484Z Preparing to unpack .../04-fonts-wqy-zenhei_0.9.45-8_all.deb ...
2026-10-05T20:29:03.9930125Z Unpacking fonts-wqy-zenhei (0.9.45-8) ...
2026-10-05T20:29:04.4695785Z Preparing to unpack .../05-libgl1-mesa-dri_25.2.8-0ubuntu0.24.04.4_amd64.deb ...
2026-10-05T20:29:04.4833024Z Unpacking libgl1-mesa-dri:amd64 (25.2.8-0ubuntu0.24.04.4) over (25.2.8-0ubuntu0.24.04.2) ...
2026-10-05T20:29:04.5942577Z Preparing to unpack .../06-libglx-mesa0_25.2.8-0ubuntu0.24.04.4_amd64.deb ...
2026-10-05T20:29:04.5969723Z Unpacking libglx-mesa0:amd64 (25.2.8-0ubuntu0.24.04.4) over (25.2.8-0ubuntu0.24.04.2) ...
2026-10-05T20:29:04.6519681Z Preparing to unpack .../07-libgbm1_25.2.8-0ubuntu0.24.04.4_amd64.deb ...
2026-10-05T20:29:04.6775265Z Unpacking libgbm1:amd64 (25.2.8-0ubuntu0.24.04.4) over (25.2.8-0ubuntu0.24.04.2) ...
2026-10-05T20:29:04.7117292Z Preparing to unpack .../08-mesa-libgallium_25.2.8-0ubuntu0.24.04.4_amd64.deb ...
2026-10-05T20:29:04.7139146Z Unpacking mesa-libgallium:amd64 (25.2.8-0ubuntu0.24.04.4) over (25.2.8-0ubuntu0.24.04.2) ...
2026-10-05T20:29:04.8781691Z Selecting previously unselected package xfonts-encodings.
2026-10-05T20:29:04.8910044Z Preparing to unpack .../09-xfonts-encodings_1%3a1.0.5-0ubuntu2_all.deb ...
2026-10-05T20:29:04.8915264Z Unpacking xfonts-encodings (1:1.0.5-0ubuntu2) ...
2026-10-05T20:29:04.9188343Z Selecting previously unselected package xfonts-utils.
2026-10-05T20:29:04.9313537Z Preparing to unpack .../10-xfonts-utils_1%3a7.7+6build3_amd64.deb ...
2026-10-05T20:29:04.9319717Z Unpacking xfonts-utils (1:7.7+6build3) ...
2026-10-05T20:29:05.1281135Z Selecting previously unselected package xfonts-cyrillic.
2026-10-05T20:29:05.1403910Z Preparing to unpack .../11-xfonts-cyrillic_1%3a1.0.5+nmu1_all.deb ...
2026-10-05T20:29:05.1410645Z Unpacking xfonts-cyrillic (1:1.0.5+nmu1) ...
2026-10-05T20:29:05.1747637Z Selecting previously unselected package xfonts-scalable.
2026-10-05T20:29:05.1870621Z Preparing to unpack .../12-xfonts-scalable_1%3a1.0.3-1.3_all.deb ...
2026-10-05T20:29:05.1876931Z Unpacking xfonts-scalable (1:1.0.3-1.3) ...
2026-10-05T20:29:05.2308303Z Setting up mesa-libgallium:amd64 (25.2.8-0ubuntu0.24.04.4) ...
2026-10-05T20:29:05.2334098Z Setting up libgbm1:amd64 (25.2.8-0ubuntu0.24.04.4) ...
2026-10-05T20:29:05.2350244Z Setting up libgl1-mesa-dri:amd64 (25.2.8-0ubuntu0.24.04.4) ...
2026-10-05T20:29:05.2420497Z Setting up fonts-wqy-zenhei (0.9.45-8) ...
2026-10-05T20:29:05.2529566Z Setting up fonts-freefont-ttf (20211204+svn4273-2) ...
2026-10-05T20:29:05.2545661Z Setting up fonts-tlwg-loma-otf (1:0.7.3-1) ...
2026-10-05T20:29:05.2561883Z Setting up xfonts-encodings (1:1.0.5-0ubuntu2) ...
2026-10-05T20:29:05.2577859Z Setting up fonts-ipafont-gothic (00303-21ubuntu1) ...
2026-10-05T20:29:05.2641068Z update-alternatives: using /usr/share/fonts/opentype/ipafont-gothic/ipag.ttf to provide /usr/share/fonts/truetype/fonts-japanese-gothic.ttf (fonts-japanese-gothic.ttf) in auto mode
2026-10-05T20:29:05.2656099Z Setting up fonts-unifont (1:15.1.01-1build1) ...
2026-10-05T20:29:05.2672260Z Setting up libglx-mesa0:amd64 (25.2.8-0ubuntu0.24.04.4) ...
2026-10-05T20:29:05.2687250Z Setting up xfonts-utils (1:7.7+6build3) ...
2026-10-05T20:29:05.2723261Z Setting up xfonts-cyrillic (1:1.0.5+nmu1) ...
2026-10-05T20:29:05.3261674Z Setting up xfonts-scalable (1:1.0.3-1.3) ...
2026-10-05T20:29:05.3730558Z Processing triggers for libc-bin (2.39-0ubuntu8.9) ...
2026-10-05T20:29:05.6213319Z Processing triggers for man-db (2.12.0-4build2) ...
2026-10-05T20:29:05.6229264Z Not building database; man-db/auto-update is not 'true'.
2026-10-05T20:29:05.6243393Z Processing triggers for fontconfig (2.15.0-1.1ubuntu2) ...
2026-10-05T20:29:06.7677679Z 
2026-10-05T20:29:06.7678484Z Running kernel seems to be up-to-date.
2026-10-05T20:29:06.7679227Z 
2026-10-05T20:29:06.7679495Z No services need to be restarted.
2026-10-05T20:29:06.7679787Z 
2026-10-05T20:29:06.7680018Z No containers need to be restarted.
2026-10-05T20:29:06.7680308Z 
2026-10-05T20:29:06.7680601Z No user sessions are running outdated binaries.
2026-10-05T20:29:06.7680942Z 
2026-10-05T20:29:06.7681401Z No VM guests are running outdated hypervisor (qemu) binaries on this host.
2026-10-05T20:29:07.5969230Z Downloading Chrome for Testing 151.0.7922.34 (playwright chromium v1234) from https://cdn.playwright.dev/builds/cft/151.0.7922.34/linux64/chrome-linux64.zip
2026-10-05T20:29:08.7170631Z |                                                                                |   0% of 184.3 MiB
2026-10-05T20:29:09.0393406Z |■■■■■■■■                                                                        |  10% of 184.3 MiB
2026-10-05T20:29:09.2002358Z |■■■■■■■■■■■■■■■■                                                                |  20% of 184.3 MiB
2026-10-05T20:29:10.0069126Z |■■■■■■■■■■■■■■■■■■■■■■■■                                                        |  30% of 184.3 MiB
2026-10-05T20:29:10.1364464Z |■■■■■■■■■■■■■■■■■■■■■■■■■■■■■■■■                                                |  40% of 184.3 MiB
2026-10-05T20:29:10.3038717Z |■■■■■■■■■■■■■■■■■■■■■■■■■■■■■■■■■■■■■■■■                                        |  50% of 184.3 MiB
2026-10-05T20:29:10.4815128Z |■■■■■■■■■■■■■■■■■■■■■■■■■■■■■■■■■■■■■■■■■■■■■■■■                                |  60% of 184.3 MiB
2026-10-05T20:29:10.6304678Z |■■■■■■■■■■■■■■■■■■■■■■■■■■■■■■■■■■■■■■■■■■■■■■■■■■■■■■■■                        |  70% of 184.3 MiB
2026-10-05T20:29:10.7503826Z |■■■■■■■■■■■■■■■■■■■■■■■■■■■■■■■■■■■■■■■■■■■■■■■■■■■■■■■■■■■■■■■■                |  80% of 184.3 MiB
2026-10-05T20:29:10.9382598Z |■■■■■■■■■■■■■■■■■■■■■■■■■■■■■■■■■■■■■■■■■■■■■■■■■■■■■■■■■■■■■■■■■■■■■■■■        |  90% of 184.3 MiB
2026-10-05T20:29:11.1572784Z |■■■■■■■■■■■■■■■■■■■■■■■■■■■■■■■■■■■■■■■■■■■■■■■■■■■■■■■■■■■■■■■■■■■■■■■■■■■■■■■■| 100% of 184.3 MiB
2026-10-05T20:29:14.2546191Z Chrome for Testing 151.0.7922.34 (playwright chromium v1234) downloaded to /home/runner/.cache/ms-playwright/chromium-1234
2026-10-05T20:29:14.2550446Z Downloading FFmpeg (playwright ffmpeg v1011) from https://cdn.playwright.dev/dbazure/download/playwright/builds/ffmpeg/1011/ffmpeg-linux.zip
2026-10-05T20:29:15.2099063Z |                                                                                |   0% of 2.3 MiB
2026-10-05T20:29:15.2145833Z |■■■■■■■■                                                                        |  10% of 2.3 MiB
2026-10-05T20:29:15.2174735Z |■■■■■■■■■■■■■■■■                                                                |  20% of 2.3 MiB
2026-10-05T20:29:15.2199659Z |■■■■■■■■■■■■■■■■■■■■■■■■                                                        |  30% of 2.3 MiB
2026-10-05T20:29:15.2220025Z |■■■■■■■■■■■■■■■■■■■■■■■■■■■■■■■■                                                |  40% of 2.3 MiB
2026-10-05T20:29:15.2234052Z |■■■■■■■■■■■■■■■■■■■■■■■■■■■■■■■■■■■■■■■■                                        |  50% of 2.3 MiB
2026-10-05T20:29:15.2246123Z |■■■■■■■■■■■■■■■■■■■■■■■■■■■■■■■■■■■■■■■■■■■■■■■■                                |  60% of 2.3 MiB
2026-10-05T20:29:15.2261761Z |■■■■■■■■■■■■■■■■■■■■■■■■■■■■■■■■■■■■■■■■■■■■■■■■■■■■■■■■                        |  70% of 2.3 MiB
2026-10-05T20:29:15.2277545Z |■■■■■■■■■■■■■■■■■■■■■■■■■■■■■■■■■■■■■■■■■■■■■■■■■■■■■■■■■■■■■■■■                |  80% of 2.3 MiB
2026-10-05T20:29:15.2290655Z |■■■■■■■■■■■■■■■■■■■■■■■■■■■■■■■■■■■■■■■■■■■■■■■■■■■■■■■■■■■■■■■■■■■■■■■■        |  90% of 2.3 MiB
2026-10-05T20:29:15.2305336Z |■■■■■■■■■■■■■■■■■■■■■■■■■■■■■■■■■■■■■■■■■■■■■■■■■■■■■■■■■■■■■■■■■■■■■■■■■■■■■■■■| 100% of 2.3 MiB
2026-10-05T20:29:15.2897156Z FFmpeg (playwright ffmpeg v1011) downloaded to /home/runner/.cache/ms-playwright/ffmpeg-1011
2026-10-05T20:29:15.2900723Z Downloading Chrome Headless Shell 151.0.7922.34 (playwright chromium-headless-shell v1234) from https://cdn.playwright.dev/builds/cft/151.0.7922.34/linux64/chrome-headless-shell-linux64.zip
2026-10-05T20:29:16.3115336Z |                                                                                |   0% of 114.7 MiB
2026-10-05T20:29:16.8072560Z |■■■■■■■■                                                                        |  10% of 114.7 MiB
2026-10-05T20:29:16.9440697Z |■■■■■■■■■■■■■■■■                                                                |  20% of 114.7 MiB
2026-10-05T20:29:17.0076315Z |■■■■■■■■■■■■■■■■■■■■■■■■                                                        |  30% of 114.7 MiB
2026-10-05T20:29:17.0966717Z |■■■■■■■■■■■■■■■■■■■■■■■■■■■■■■■■                                                |  40% of 114.7 MiB
2026-10-05T20:29:17.1616072Z |■■■■■■■■■■■■■■■■■■■■■■■■■■■■■■■■■■■■■■■■                                        |  50% of 114.7 MiB
2026-10-05T20:29:17.2742363Z |■■■■■■■■■■■■■■■■■■■■■■■■■■■■■■■■■■■■■■■■■■■■■■■■                                |  60% of 114.7 MiB
2026-10-05T20:29:17.3444649Z |■■■■■■■■■■■■■■■■■■■■■■■■■■■■■■■■■■■■■■■■■■■■■■■■■■■■■■■■                        |  70% of 114.7 MiB
2026-10-05T20:29:17.4280944Z |■■■■■■■■■■■■■■■■■■■■■■■■■■■■■■■■■■■■■■■■■■■■■■■■■■■■■■■■■■■■■■■■                |  80% of 114.7 MiB
2026-10-05T20:29:17.5652578Z |■■■■■■■■■■■■■■■■■■■■■■■■■■■■■■■■■■■■■■■■■■■■■■■■■■■■■■■■■■■■■■■■■■■■■■■■        |  90% of 114.7 MiB
2026-10-05T20:29:17.7753800Z |■■■■■■■■■■■■■■■■■■■■■■■■■■■■■■■■■■■■■■■■■■■■■■■■■■■■■■■■■■■■■■■■■■■■■■■■■■■■■■■■| 100% of 114.7 MiB
2026-10-05T20:29:19.9997279Z Chrome Headless Shell 151.0.7922.34 (playwright chromium-headless-shell v1234) downloaded to /home/runner/.cache/ms-playwright/chromium_headless_shell-1234
2026-10-05T20:29:26.9791172Z 
2026-10-05T20:29:26.9792092Z added 3 packages in 7s
2026-10-05T20:29:30.9577933Z Lean (version 4.19.0, x86_64-unknown-linux-gnu, commit 6caaee842e94, Release)
2026-10-05T20:29:30.9581389Z Use LEAN=/home/runner/work/Kenoma/Kenoma/education/.tools/lean-4.19.0-linux/bin/lean when building, or place its bin directory on PATH.
2026-10-05T20:29:31.0058513Z ##[group]Run python3 tools/build_property_mathlib.py
2026-10-05T20:29:31.0059317Z [36;1mpython3 tools/build_property_mathlib.py[0m
2026-10-05T20:29:31.0122963Z shell: /usr/bin/bash -e {0}
2026-10-05T20:29:31.0123215Z env:
2026-10-05T20:29:31.0123542Z   pythonLocation: /opt/hostedtoolcache/Python/3.12.14/x64
2026-10-05T20:29:31.0123991Z   PKG_CONFIG_PATH: /opt/hostedtoolcache/Python/3.12.14/x64/lib/pkgconfig
2026-10-05T20:29:31.0124425Z   Python_ROOT_DIR: /opt/hostedtoolcache/Python/3.12.14/x64
2026-10-05T20:29:31.0124817Z   Python2_ROOT_DIR: /opt/hostedtoolcache/Python/3.12.14/x64
2026-10-05T20:29:31.0125207Z   Python3_ROOT_DIR: /opt/hostedtoolcache/Python/3.12.14/x64
2026-10-05T20:29:31.0125598Z   LD_LIBRARY_PATH: /opt/hostedtoolcache/Python/3.12.14/x64/lib
2026-10-05T20:29:31.0125926Z ##[endgroup]
2026-10-05T20:29:31.5717569Z Cloning into '/home/runner/work/Kenoma/Kenoma/education/.tools/mathlib4'...
2026-10-05T20:29:38.6566347Z Note: switching to 'c44e0c8ee63ca166450922a373c7409c5d26b00b'.
2026-10-05T20:29:38.6566671Z 
2026-10-05T20:29:38.6566975Z You are in 'detached HEAD' state. You can look around, make experimental
2026-10-05T20:29:38.6567547Z changes and commit them, and you can discard any commits you make in this
2026-10-05T20:29:38.6568100Z state without impacting any branches by switching back to a branch.
2026-10-05T20:29:38.6568384Z 
2026-10-05T20:29:38.6568646Z If you want to create a new branch to retain commits you create, you may
2026-10-05T20:29:38.6569421Z do so (now or later) by using -c with the switch command. Example:
2026-10-05T20:29:38.6569688Z 
2026-10-05T20:29:38.6569826Z   git switch -c <new-branch-name>
2026-10-05T20:29:38.6570007Z 
2026-10-05T20:29:38.6570127Z Or undo this operation with:
2026-10-05T20:29:38.6570293Z 
2026-10-05T20:29:38.6570386Z   git switch -
2026-10-05T20:29:38.6570506Z 
2026-10-05T20:29:38.6570804Z Turn off this advice by setting config variable advice.detachedHead to false
2026-10-05T20:29:38.6571127Z 
2026-10-05T20:29:40.4166904Z info: plausible: cloning https://github.com/leanprover-community/plausible
2026-10-05T20:29:40.4167655Z info: plausible: checking out revision '77e08eddc486491d7b9e470926b3dbe50319451a'
2026-10-05T20:29:40.7174778Z info: LeanSearchClient: cloning https://github.com/leanprover-community/LeanSearchClient
2026-10-05T20:29:40.7176021Z info: LeanSearchClient: checking out revision '25078369972d295301f5a1e53c3e5850cf6d9d4c'
2026-10-05T20:29:41.5507798Z info: importGraph: cloning https://github.com/leanprover-community/import-graph
2026-10-05T20:29:41.5508684Z info: importGraph: checking out revision 'e6a9f0f5ee3ccf7443a0070f92b62f8db12ae82b'
2026-10-05T20:29:42.2852143Z info: proofwidgets: cloning https://github.com/leanprover-community/ProofWidgets4
2026-10-05T20:29:42.2852901Z info: proofwidgets: checking out revision 'c4919189477c3221e6a204008998b0d724f49904'
2026-10-05T20:29:43.7406748Z info: aesop: cloning https://github.com/leanprover-community/aesop
2026-10-05T20:29:43.7407689Z info: aesop: checking out revision '5d50b08dedd7d69b3d9b3176e0d58a23af228884'
2026-10-05T20:29:44.0693858Z info: Qq: cloning https://github.com/leanprover-community/quote4
2026-10-05T20:29:44.0694502Z info: Qq: checking out revision 'fa4f7f15d97591a9cf3aa7724ba371c7fc6dda02'
2026-10-05T20:29:48.3508428Z info: batteries: cloning https://github.com/leanprover-community/batteries
2026-10-05T20:29:48.3509434Z info: batteries: checking out revision 'f5d04a9c4973d401c8c92500711518f7c656f034'
2026-10-05T20:29:48.6930092Z info: Cli: cloning https://github.com/leanprover/lean4-cli
2026-10-05T20:29:48.6930721Z info: Cli: checking out revision '02dbd02bc00ec4916e99b04b2245b30200e200d0'
2026-10-05T20:29:48.7348420Z Lean (version 4.19.0, x86_64-unknown-linux-gnu, commit 6caaee842e94, Release)
2026-10-05T20:29:53.2823936Z SOURCE_MODULE_COUNT 1500
2026-10-05T20:30:06.0820481Z SOURCE_PROGRESS 25 1500 Aesop.Search.Expansion.Simp
2026-10-05T20:30:17.3144264Z SOURCE_PROGRESS 50 1500 Batteries.Lean.Meta.UnusedNames
2026-10-05T20:30:34.6639502Z SOURCE_PROGRESS 75 1500 Aesop.RuleTac.Forward.Basic
2026-10-05T20:30:50.4028577Z SOURCE_PROGRESS 100 1500 Batteries.Control.Nondet.Basic
2026-10-05T20:31:06.6437599Z SOURCE_PROGRESS 125 1500 Aesop.Forward.Match
2026-10-05T20:31:27.8342461Z SOURCE_PROGRESS 150 1500 Aesop.Tree.Data
2026-10-05T20:31:48.7283686Z SOURCE_PROGRESS 175 1500 Aesop.Tree.Free
2026-10-05T20:32:20.6933460Z SOURCE_PROGRESS 200 1500 ImportGraph.RequiredModules
2026-10-05T20:32:36.4285157Z SOURCE_PROGRESS 225 1500 Plausible.Random
2026-10-05T20:32:48.4185550Z SOURCE_PROGRESS 250 1500 Mathlib.Logic.OpClass
2026-10-05T20:33:01.7146555Z SOURCE_PROGRESS 275 1500 Mathlib.Tactic.ExtractGoal
2026-10-05T20:33:18.1088499Z SOURCE_PROGRESS 300 1500 Mathlib.Tactic.Monotonicity.Attr
2026-10-05T20:33:35.6749309Z SOURCE_PROGRESS 325 1500 Mathlib.Tactic.Substs
2026-10-05T20:33:48.5000936Z SOURCE_PROGRESS 350 1500 Mathlib.Logic.Nontrivial.Defs
2026-10-05T20:34:13.1761713Z SOURCE_PROGRESS 375 1500 Mathlib.Tactic.Convert
2026-10-05T20:34:41.9950353Z SOURCE_PROGRESS 400 1500 Mathlib.Tactic.Use
2026-10-05T20:35:06.3837634Z SOURCE_PROGRESS 425 1500 Mathlib.Tactic.Choose
2026-10-05T20:35:33.0657021Z SOURCE_PROGRESS 450 1500 Mathlib.Algebra.Group.Semiconj.Defs
2026-10-05T20:35:54.1924935Z SOURCE_PROGRESS 475 1500 Mathlib.Algebra.Group.InjSurj
2026-10-05T20:36:19.5528064Z Traceback (most recent call last):
2026-10-05T20:36:19.5529481Z   File "/home/runner/work/Kenoma/Kenoma/education/tools/build_property_mathlib.py", line 65, in <module>
2026-10-05T20:36:19.5530172Z     name=jobs.pop(future);future.result();done.add(name)
2026-10-05T20:36:19.5539887Z                           ^^^^^^^^^^^^^^^
2026-10-05T20:36:19.5540545Z   File "/opt/hostedtoolcache/Python/3.12.14/x64/lib/python3.12/concurrent/futures/_base.py", line 449, in result
2026-10-05T20:36:19.5541111Z     return self.__get_result()
2026-10-05T20:36:19.5541386Z            ^^^^^^^^^^^^^^^^^^^
2026-10-05T20:36:19.5542024Z   File "/opt/hostedtoolcache/Python/3.12.14/x64/lib/python3.12/concurrent/futures/_base.py", line 401, in __get_result
2026-10-05T20:36:19.5542604Z     raise self._exception
2026-10-05T20:36:19.5543149Z   File "/opt/hostedtoolcache/Python/3.12.14/x64/lib/python3.12/concurrent/futures/thread.py", line 59, in run
2026-10-05T20:36:19.5543738Z     result = self.fn(*self.args, **self.kwargs)
2026-10-05T20:36:19.5544074Z              ^^^^^^^^^^^^^^^^^^^^^^^^^^^^^^^^^^
2026-10-05T20:36:19.5544644Z   File "/home/runner/work/Kenoma/Kenoma/education/tools/build_property_mathlib.py", line 55, in build
2026-10-05T20:36:19.5545429Z     if result.returncode:raise RuntimeError('Source build failed '+name+'; raw '+str(logs/(name+'.txt')))
2026-10-05T20:36:19.5546044Z                          ^^^^^^^^^^^^^^^^^^^^^^^^^^^^^^^^^^^^^^^^^^^^^^^^^^^^^^^^^^^^^^^^^^^^^^^^^^^^^^^^
2026-10-05T20:36:19.5547045Z RuntimeError: Source build failed ProofWidgets.Compat; raw /home/runner/work/Kenoma/Kenoma/education/.tools/property-mathlib-source-logs/ProofWidgets.Compat.txt
2026-10-05T20:36:19.5632189Z ##[error]Process completed with exit code 1.
2026-10-05T20:36:19.6288162Z Post job cleanup.
2026-10-05T20:36:19.7342027Z [command]/usr/bin/git version
2026-10-05T20:36:19.7389567Z git version 2.55.0
2026-10-05T20:36:19.7450656Z Temporarily overriding HOME='/home/runner/work/_temp/009b3677-490e-49bc-8760-bc96b34c846e' before making global git config changes
2026-10-05T20:36:19.7454305Z Adding repository directory to the temporary git global config as a safe directory
2026-10-05T20:36:19.7456132Z [command]/usr/bin/git config --global --add safe.directory /home/runner/work/Kenoma/Kenoma
2026-10-05T20:36:19.7511279Z [command]/usr/bin/git config --local --name-only --get-regexp core\.sshCommand
2026-10-05T20:36:19.7559550Z [command]/usr/bin/git submodule foreach --recursive sh -c "git config --local --name-only --get-regexp 'core\.sshCommand' && git config --local --unset-all 'core.sshCommand' || :"
2026-10-05T20:36:19.7887096Z [command]/usr/bin/git config --local --name-only --get-regexp http\.https\:\/\/github\.com\/\.extraheader
2026-10-05T20:36:19.7924052Z http.https://github.com/.extraheader
2026-10-05T20:36:19.7936146Z [command]/usr/bin/git config --local --unset-all http.https://github.com/.extraheader
2026-10-05T20:36:19.7975590Z [command]/usr/bin/git submodule foreach --recursive sh -c "git config --local --name-only --get-regexp 'http\.https\:\/\/github\.com\/\.extraheader' && git config --local --unset-all 'http.https://github.com/.extraheader' || :"
2026-10-05T20:36:19.8406689Z Cleaning up orphan processes
2026-10-05T20:36:19.8745193Z ##[warning]Node.js 20 is deprecated. The following actions target Node.js 20 but are being forced to run on Node.js 24: actions/checkout@11bd71901bbe5b1630ceea73d27597364c9af683, actions/setup-node@49933ea5288caeca8642d1e84afbd3f7d6820020, actions/setup-python@a26af69be951a213d495a4c3e4e4022e16d87065. For more information see: https://github.blog/changelog/2025-09-19-deprecation-of-node-20-on-github-actions-runners/

